Component: ARM Compiler 5.06 update 7 (build 960) Tool: armlink [4d3601]

==============================================================================

Section Cross References

    main.o(i.WDGT_Feed) refers to gd32f1x0_fwdgt.o(i.fwdgt_counter_reload) for fwdgt_counter_reload
    main.o(i.WDGT_Init) refers to main.o(i.irc40k_config) for irc40k_config
    main.o(i.WDGT_Init) refers to gd32f1x0_fwdgt.o(i.fwdgt_config) for fwdgt_config
    main.o(i.WDGT_Init) refers to gd32f1x0_fwdgt.o(i.fwdgt_enable) for fwdgt_enable
    main.o(i.irc40k_config) refers to gd32f1x0_rcu.o(i.rcu_osci_on) for rcu_osci_on
    main.o(i.irc40k_config) refers to gd32f1x0_rcu.o(i.rcu_osci_stab_wait) for rcu_osci_stab_wait
    main.o(i.main) refers to systick.o(i.systick_config) for systick_config
    main.o(i.main) refers to usart.o(i.gpio_init) for gpio_init
    main.o(i.main) refers to usart.o(i.usart_init) for usart_init
    main.o(i.main) refers to usart.o(i.dma_config) for dma_config
    main.o(i.main) refers to rfid_driver.o(i.RFID_Init) for RFID_Init
    main.o(i.main) refers to usartapp.o(i.SendStartData) for SendStartData
    main.o(i.main) refers to main.o(i.WDGT_Init) for WDGT_Init
    main.o(i.main) refers to usartapp.o(i.SendHeartBeatData) for SendHeartBeatData
    main.o(i.main) refers to usartapp.o(i.SendUsartDataProc) for SendUsartDataProc
    main.o(i.main) refers to usartapp.o(i.RecvUsartDataProc) for RecvUsartDataProc
    main.o(i.main) refers to wireless.o(i.Wl_RxDataProc) for Wl_RxDataProc
    main.o(i.main) refers to usartapp.o(i.TimeFun) for TimeFun
    main.o(i.main) refers to systick.o(i.delay_1ms) for delay_1ms
    main.o(i.main) refers to main.o(i.WDGT_Feed) for WDGT_Feed
    main.o(i.main) refers to main.o(.data) for time
    gd32f1x0_it.o(i.SysTick_Handler) refers to systick.o(i.delay_decrement) for delay_decrement
    systick.o(i.delay_1ms) refers to ffltui.o(.text) for __aeabi_ui2f
    systick.o(i.delay_1ms) refers to fmul.o(.text) for __aeabi_fmul
    systick.o(i.delay_1ms) refers to ffixui.o(.text) for __aeabi_f2uiz
    systick.o(i.delay_1ms) refers to systick.o(.data) for count_1ms
    systick.o(i.delay_1us) refers to ffltui.o(.text) for __aeabi_ui2f
    systick.o(i.delay_1us) refers to fmul.o(.text) for __aeabi_fmul
    systick.o(i.delay_1us) refers to ffixui.o(.text) for __aeabi_f2uiz
    systick.o(i.delay_1us) refers to systick.o(.data) for count_1us
    systick.o(i.delay_decrement) refers to systick.o(.data) for delay
    systick.o(i.systick_config) refers to gd32f1x0_misc.o(i.systick_clksource_set) for systick_clksource_set
    systick.o(i.systick_config) refers to ffltui.o(.text) for __aeabi_ui2f
    systick.o(i.systick_config) refers to fdiv.o(.text) for __aeabi_fdiv
    systick.o(i.systick_config) refers to fmul.o(.text) for __aeabi_fmul
    systick.o(i.systick_config) refers to system_gd32f1x0.o(.data) for SystemCoreClock
    systick.o(i.systick_config) refers to systick.o(.data) for count_1us
    usart.o(i.Crc16UsartReceiveChick) refers to usart.o(.constdata) for u16CrcUsarttab
    usart.o(i.USART0_IRQHandler) refers to gd32f1x0_usart.o(i.usart_flag_get) for usart_flag_get
    usart.o(i.USART0_IRQHandler) refers to gd32f1x0_usart.o(i.usart_interrupt_flag_clear) for usart_interrupt_flag_clear
    usart.o(i.USART0_IRQHandler) refers to gd32f1x0_usart.o(i.usart_data_receive) for usart_data_receive
    usart.o(i.USART0_IRQHandler) refers to gd32f1x0_dma.o(i.dma_channel_disable) for dma_channel_disable
    usart.o(i.USART0_IRQHandler) refers to usart.o(i.Crc16UsartReceiveChick) for Crc16UsartReceiveChick
    usart.o(i.USART0_IRQHandler) refers to memseta.o(.text) for __aeabi_memclr
    usart.o(i.USART0_IRQHandler) refers to memmovea.o(.text) for __aeabi_memcpy
    usart.o(i.USART0_IRQHandler) refers to usartapp.o(i.SendResponseData) for SendResponseData
    usart.o(i.USART0_IRQHandler) refers to gd32f1x0_dma.o(i.dma_memory_address_config) for dma_memory_address_config
    usart.o(i.USART0_IRQHandler) refers to gd32f1x0_dma.o(i.dma_transfer_number_config) for dma_transfer_number_config
    usart.o(i.USART0_IRQHandler) refers to gd32f1x0_dma.o(i.dma_channel_enable) for dma_channel_enable
    usart.o(i.USART0_IRQHandler) refers to usart.o(.bss) for UsartReveiveDataBuf
    usart.o(i.USART0_IRQHandler) refers to usart.o(.data) for USARTWIRELESSRxWrtPtr
    usart.o(i.UsartFetchData) refers to memseta.o(.text) for __aeabi_memclr
    usart.o(i.UsartFetchData) refers to memmovea.o(.text) for __aeabi_memcpy
    usart.o(i.UsartFetchData) refers to usart.o(.data) for USARTWIRELESSRxWrtPtr
    usart.o(i.UsartFetchData) refers to usart.o(.bss) for USARTWIRELESSRxBuf
    usart.o(i.dma_config) refers to gd32f1x0_rcu.o(i.rcu_periph_clock_enable) for rcu_periph_clock_enable
    usart.o(i.dma_config) refers to gd32f1x0_dma.o(i.dma_deinit) for dma_deinit
    usart.o(i.dma_config) refers to gd32f1x0_dma.o(i.dma_init) for dma_init
[...]
    Removing gd32f1x0_usart.o(i.usart_hardware_flow_cts_config), (24 bytes).
    Removing gd32f1x0_usart.o(i.usart_hardware_flow_rts_config), (24 bytes).
    Removing gd32f1x0_usart.o(i.usart_interrupt_disable), (26 bytes).
    Removing gd32f1x0_usart.o(i.usart_interrupt_flag_get), (56 bytes).
    Removing gd32f1x0_usart.o(i.usart_invert_config), (110 bytes).
    Removing gd32f1x0_usart.o(i.usart_irda_lowpower_config), (28 bytes).
    Removing gd32f1x0_usart.o(i.usart_irda_mode_disable), (18 bytes).
    Removing gd32f1x0_usart.o(i.usart_irda_mode_enable), (18 bytes).
    Removing gd32f1x0_usart.o(i.usart_lin_break_detection_length_config), (28 bytes).
    Removing gd32f1x0_usart.o(i.usart_lin_mode_disable), (18 bytes).
    Removing gd32f1x0_usart.o(i.usart_lin_mode_enable), (18 bytes).
    Removing gd32f1x0_usart.o(i.usart_mute_mode_disable), (10 bytes).
    Removing gd32f1x0_usart.o(i.usart_mute_mode_enable), (10 bytes).
    Removing gd32f1x0_usart.o(i.usart_mute_mode_wakeup_config), (24 bytes).
    Removing gd32f1x0_usart.o(i.usart_overrun_disable), (18 bytes).
    Removing gd32f1x0_usart.o(i.usart_overrun_enable), (18 bytes).
    Removing gd32f1x0_usart.o(i.usart_oversample_config), (24 bytes).
    Removing gd32f1x0_usart.o(i.usart_parity_config), (24 bytes).
    Removing gd32f1x0_usart.o(i.usart_prescaler_config), (24 bytes).
    Removing gd32f1x0_usart.o(i.usart_receiver_timeout_disable), (10 bytes).
    Removing gd32f1x0_usart.o(i.usart_receiver_timeout_enable), (10 bytes).
    Removing gd32f1x0_usart.o(i.usart_receiver_timeout_threshold_config), (16 bytes).
    Removing gd32f1x0_usart.o(i.usart_reception_error_dma_disable), (18 bytes).
    Removing gd32f1x0_usart.o(i.usart_reception_error_dma_enable), (18 bytes).
    Removing gd32f1x0_usart.o(i.usart_rs485_driver_disable), (18 bytes).
    Removing gd32f1x0_usart.o(i.usart_rs485_driver_enable), (18 bytes).
    Removing gd32f1x0_usart.o(i.usart_sample_bit_config), (24 bytes).
    Removing gd32f1x0_usart.o(i.usart_smartcard_autoretry_config), (32 bytes).
    Removing gd32f1x0_usart.o(i.usart_smartcard_mode_disable), (18 bytes).
    Removing gd32f1x0_usart.o(i.usart_smartcard_mode_enable), (18 bytes).
    Removing gd32f1x0_usart.o(i.usart_smartcard_mode_nack_disable), (18 bytes).
    Removing gd32f1x0_usart.o(i.usart_smartcard_mode_nack_enable), (18 bytes).
    Removing gd32f1x0_usart.o(i.usart_stop_bit_set), (24 bytes).
    Removing gd32f1x0_usart.o(i.usart_synchronous_clock_config), (50 bytes).
    Removing gd32f1x0_usart.o(i.usart_wakeup_disable), (10 bytes).
    Removing gd32f1x0_usart.o(i.usart_wakeup_enable), (10 bytes).
    Removing gd32f1x0_usart.o(i.usart_wakeup_mode_config), (28 bytes).
    Removing gd32f1x0_usart.o(i.usart_word_length_set), (24 bytes).
    Removing gd32f1x0_wwdgt.o(.rev16_text), (4 bytes).
    Removing gd32f1x0_wwdgt.o(.revsh_text), (4 bytes).
    Removing gd32f1x0_wwdgt.o(.rrx_text), (6 bytes).
    Removing gd32f1x0_wwdgt.o(i.wwdgt_config), (56 bytes).
    Removing gd32f1x0_wwdgt.o(i.wwdgt_counter_update), (28 bytes).
    Removing gd32f1x0_wwdgt.o(i.wwdgt_deinit), (20 bytes).
    Removing gd32f1x0_wwdgt.o(i.wwdgt_enable), (20 bytes).
    Removing gd32f1x0_wwdgt.o(i.wwdgt_flag_clear), (20 bytes).
    Removing gd32f1x0_wwdgt.o(i.wwdgt_flag_get), (24 bytes).
    Removing gd32f1x0_wwdgt.o(i.wwdgt_interrupt_enable), (20 bytes).
    Removing gd32f1x0_misc.o(.rev16_text), (4 bytes).
    Removing gd32f1x0_misc.o(.revsh_text), (4 bytes).
    Removing gd32f1x0_misc.o(.rrx_text), (6 bytes).
    Removing gd32f1x0_misc.o(i.nvic_irq_disable), (24 bytes).
    Removing gd32f1x0_misc.o(i.system_lowpower_reset), (16 bytes).
    Removing gd32f1x0_misc.o(i.system_lowpower_set), (16 bytes).
    Removing gd32f1x0_rcu.o(.rev16_text), (4 bytes).
    Removing gd32f1x0_rcu.o(.revsh_text), (4 bytes).
    Removing gd32f1x0_rcu.o(.rrx_text), (6 bytes).
    Removing gd32f1x0_rcu.o(i.rcu_adc_clock_config), (152 bytes).
    Removing gd32f1x0_rcu.o(i.rcu_ahb_clock_config), (28 bytes).
    Removing gd32f1x0_rcu.o(i.rcu_all_reset_flag_clear), (20 bytes).
    Removing gd32f1x0_rcu.o(i.rcu_apb1_clock_config), (28 bytes).
    Removing gd32f1x0_rcu.o(i.rcu_apb2_clock_config), (28 bytes).
    Removing gd32f1x0_rcu.o(i.rcu_bkp_reset_disable), (20 bytes).
    Removing gd32f1x0_rcu.o(i.rcu_bkp_reset_enable), (20 bytes).
    Removing gd32f1x0_rcu.o(i.rcu_cec_clock_config), (28 bytes).
    Removing gd32f1x0_rcu.o(i.rcu_ckout_config), (28 bytes).
    Removing gd32f1x0_rcu.o(i.rcu_deepsleep_voltage_set), (36 bytes).
    Removing gd32f1x0_rcu.o(i.rcu_deinit), (140 bytes).
    Removing gd32f1x0_rcu.o(i.rcu_hxtal_clock_monitor_disable), (20 bytes).
    Removing gd32f1x0_rcu.o(i.rcu_hxtal_clock_monitor_enable), (20 bytes).
    Removing gd32f1x0_rcu.o(i.rcu_hxtal_prediv_config), (24 bytes).
    Removing gd32f1x0_rcu.o(i.rcu_interrupt_disable), (16 bytes).
    Removing gd32f1x0_rcu.o(i.rcu_interrupt_enable), (16 bytes).
    Removing gd32f1x0_rcu.o(i.rcu_interrupt_flag_clear), (16 bytes).
    Removing gd32f1x0_rcu.o(i.rcu_interrupt_flag_get), (24 bytes).
    Removing gd32f1x0_rcu.o(i.rcu_irc14m_adjust_value_set), (24 bytes).
    Removing gd32f1x0_rcu.o(i.rcu_irc8m_adjust_value_set), (24 bytes).
    Removing gd32f1x0_rcu.o(i.rcu_lxtal_drive_capability_config), (28 bytes).
    Removing gd32f1x0_rcu.o(i.rcu_osci_bypass_mode_disable), (100 bytes).
    Removing gd32f1x0_rcu.o(i.rcu_osci_bypass_mode_enable), (100 bytes).
    Removing gd32f1x0_rcu.o(i.rcu_osci_off), (32 bytes).
    Removing gd32f1x0_rcu.o(i.rcu_periph_clock_disable), (32 bytes).
    Removing gd32f1x0_rcu.o(i.rcu_periph_clock_sleep_disable), (32 bytes).
    Removing gd32f1x0_rcu.o(i.rcu_periph_clock_sleep_enable), (32 bytes).
    Removing gd32f1x0_rcu.o(i.rcu_pll_config), (36 bytes).
    Removing gd32f1x0_rcu.o(i.rcu_power_down_voltage_set), (36 bytes).
    Removing gd32f1x0_rcu.o(i.rcu_rtc_clock_config), (28 bytes).
    Removing gd32f1x0_rcu.o(i.rcu_system_clock_source_config), (28 bytes).
    Removing gd32f1x0_rcu.o(i.rcu_system_clock_source_get), (16 bytes).
    Removing gd32f1x0_rcu.o(i.rcu_usart_clock_config), (28 bytes).
    Removing gd32f1x0_rcu.o(i.rcu_usbd_clock_config), (28 bytes).
    Removing gd32f1x0_rcu.o(i.rcu_voltage_key_unlock), (40 bytes).
    Removing gd32f1x0_fmc.o(.rev16_text), (4 bytes).
    Removing gd32f1x0_fmc.o(.revsh_text), (4 bytes).
    Removing gd32f1x0_fmc.o(.rrx_text), (6 bytes).
    Removing gd32f1x0_fmc.o(i.fmc_flag_get), (20 bytes).
    Removing gd32f1x0_fmc.o(i.fmc_halfword_program), (64 bytes).
    Removing gd32f1x0_fmc.o(i.fmc_interrupt_disable), (16 bytes).
    Removing gd32f1x0_fmc.o(i.fmc_interrupt_enable), (16 bytes).
    Removing gd32f1x0_fmc.o(i.fmc_interrupt_flag_clear), (12 bytes).
    Removing gd32f1x0_fmc.o(i.fmc_interrupt_flag_get), (20 bytes).
    Removing gd32f1x0_fmc.o(i.fmc_mass_erase), (68 bytes).
    Removing gd32f1x0_fmc.o(i.fmc_wait_state_disable), (24 bytes).
    Removing gd32f1x0_fmc.o(i.fmc_wait_state_enable), (24 bytes).
    Removing gd32f1x0_fmc.o(i.fmc_wscnt_set), (24 bytes).
    Removing gd32f1x0_fmc.o(i.ob_data_get), (12 bytes).
    Removing gd32f1x0_fmc.o(i.ob_data_program), (212 bytes).
    Removing gd32f1x0_fmc.o(i.ob_erase), (148 bytes).
    Removing gd32f1x0_fmc.o(i.ob_lock), (20 bytes).
    Removing gd32f1x0_fmc.o(i.ob_obstat_plevel_get), (16 bytes).
    Removing gd32f1x0_fmc.o(i.ob_reset), (20 bytes).
    Removing gd32f1x0_fmc.o(i.ob_security_protection_config), (204 bytes).
    Removing gd32f1x0_fmc.o(i.ob_unlock), (36 bytes).
    Removing gd32f1x0_fmc.o(i.ob_user_get), (16 bytes).
    Removing gd32f1x0_fmc.o(i.ob_user_write), (208 bytes).
    Removing gd32f1x0_fmc.o(i.ob_write_protection_enable), (216 bytes).
    Removing gd32f1x0_fmc.o(i.ob_write_protection_get), (12 bytes).
    Removing gd32f1x0_fwdgt.o(.rev16_text), (4 bytes).
    Removing gd32f1x0_fwdgt.o(.revsh_text), (4 bytes).
    Removing gd32f1x0_fwdgt.o(.rrx_text), (6 bytes).
    Removing gd32f1x0_fwdgt.o(i.fwdgt_flag_get), (24 bytes).
    Removing gd32f1x0_fwdgt.o(i.fwdgt_prescaler_value_config), (60 bytes).
    Removing gd32f1x0_fwdgt.o(i.fwdgt_reload_value_config), (64 bytes).
    Removing gd32f1x0_fwdgt.o(i.fwdgt_window_value_config), (64 bytes).
    Removing gd32f1x0_fwdgt.o(i.fwdgt_write_disable), (12 bytes).
    Removing gd32f1x0_fwdgt.o(i.fwdgt_write_enable), (16 bytes).
    Removing startup_gd32f1x0.o(HEAP), (1024 bytes).

355 unused section(s) (total 12196 bytes) removed from the image.

==============================================================================

Image Symbol Table

    Local Symbols

    Symbol Name                              Value     Ov Type        Size  Object(Section)

    ../clib/microlib/init/entry.s            0x00000000   Number         0  entry7b.o ABSOLUTE
    ../clib/microlib/init/entry.s            0x00000000   Number         0  entry8a.o ABSOLUTE
    ../clib/microlib/init/entry.s            0x00000000   Number         0  entry8b.o ABSOLUTE
    ../clib/microlib/init/entry.s            0x00000000   Number         0  entry9a.o ABSOLUTE
    ../clib/microlib/init/entry.s            0x00000000   Number         0  entry9b.o ABSOLUTE
    ../clib/microlib/init/entry.s            0x00000000   Number         0  entry10a.o ABSOLUTE
    ../clib/microlib/init/entry.s            0x00000000   Number         0  entry10b.o ABSOLUTE
    ../clib/microlib/init/entry.s            0x00000000   Number         0  entry11a.o ABSOLUTE
    ../clib/microlib/init/entry.s            0x00000000   Number         0  entry11b.o ABSOLUTE
    ../clib/microlib/init/entry.s            0x00000000   Number         0  entry.o ABSOLUTE
    ../clib/microlib/init/entry.s            0x00000000   Number         0  entry12a.o ABSOLUTE
    ../clib/microlib/init/entry.s            0x00000000   Number         0  entry12b.o ABSOLUTE
    ../clib/microlib/init/entry.s            0x00000000   Number         0  entry2.o ABSOLUTE
    ../clib/microlib/init/entry.s            0x00000000   Number         0  entry5.o ABSOLUTE
    ../clib/microlib/init/entry.s            0x00000000   Number         0  entry7a.o ABSOLUTE
    ../clib/microlib/string/memcpy.c         0x00000000   Number         0  memcpya.o ABSOLUTE
    ../clib/microlib/string/memcpy.c         0x00000000   Number         0  memmovea.o ABSOLUTE
    ../clib/microlib/string/memcpy.c         0x00000000   Number         0  memcpyb.o ABSOLUTE
    ../clib/microlib/string/memcpy.c         0x00000000   Number         0  memmoveb.o ABSOLUTE
    ../clib/microlib/string/memset.c         0x00000000   Number         0  memseta.o ABSOLUTE
    ../clib/microlib/stubs.s                 0x00000000   Number         0  iusefp.o ABSOLUTE
    ../fplib/microlib/fpdiv.c                0x00000000   Number         0  fdiv.o ABSOLUTE
    ../fplib/microlib/fpepilogue.c           0x00000000   Number         0  fepilogue.o ABSOLUTE
    ../fplib/microlib/fpfix.c                0x00000000   Number         0  ffixui.o ABSOLUTE
    ../fplib/microlib/fpflt.c                0x00000000   Number         0  ffltui.o ABSOLUTE
    ../fplib/microlib/fpmul.c                0x00000000   Number         0  fmul.o ABSOLUTE
    ..\..\Library\CMSIS\GD\GD32F1x0\Source\ARM\startup_gd32f1x0.s 0x00000000   Number         0  startup_gd32f1x0.o ABSOLUTE
    ..\..\Library\CMSIS\GD\GD32F1x0\Source\system_gd32f1x0.c 0x00000000   Number         0  system_gd32f1x0.o ABSOLUTE
    ..\..\Library\GD32F1x0_standard_peripheral\Source\gd32f1x0_dma.c 0x00000000   Number         0  gd32f1x0_dma.o ABSOLUTE
    ..\..\Library\GD32F1x0_standard_peripheral\Source\gd32f1x0_exti.c 0x00000000   Number         0  gd32f1x0_exti.o ABSOLUTE
    ..\..\Library\GD32F1x0_standard_peripheral\Source\gd32f1x0_fmc.c 0x00000000   Number         0  gd32f1x0_fmc.o ABSOLUTE
    ..\..\Library\GD32F1x0_standard_peripheral\Source\gd32f1x0_fwdgt.c 0x00000000   Number         0  gd32f1x0_fwdgt.o ABSOLUTE
    ..\..\Library\GD32F1x0_standard_peripheral\Source\gd32f1x0_gpio.c 0x00000000   Number         0  gd32f1x0_gpio.o ABSOLUTE
    ..\..\Library\GD32F1x0_standard_peripheral\Source\gd32f1x0_misc.c 0x00000000   Number         0  gd32f1x0_misc.o ABSOLUTE
    ..\..\Library\GD32F1x0_standard_peripheral\Source\gd32f1x0_rcu.c 0x00000000   Number         0  gd32f1x0_rcu.o ABSOLUTE
    ..\..\Library\GD32F1x0_standard_peripheral\Source\gd32f1x0_spi.c 0x00000000   Number         0  gd32f1x0_spi.o ABSOLUTE
    ..\..\Library\GD32F1x0_standard_peripheral\Source\gd32f1x0_syscfg.c 0x00000000   Number         0  gd32f1x0_syscfg.o ABSOLUTE
    ..\..\Library\GD32F1x0_standard_peripheral\Source\gd32f1x0_timer.c 0x00000000   Number         0  gd32f1x0_timer.o ABSOLUTE
    ..\..\Library\GD32F1x0_standard_peripheral\Source\gd32f1x0_usart.c 0x00000000   Number         0  gd32f1x0_usart.o ABSOLUTE
    ..\..\Library\GD32F1x0_standard_peripheral\Source\gd32f1x0_wwdgt.c 0x00000000   Number         0  gd32f1x0_wwdgt.o ABSOLUTE
    ..\\..\\Library\\CMSIS\\GD\\GD32F1x0\\Source\\system_gd32f1x0.c 0x00000000   Number         0  system_gd32f1x0.o ABSOLUTE
    ..\\..\\Library\\GD32F1x0_standard_peripheral\\Source\\gd32f1x0_dma.c 0x00000000   Number         0  gd32f1x0_dma.o ABSOLUTE
    ..\\..\\Library\\GD32F1x0_standard_peripheral\\Source\\gd32f1x0_exti.c 0x00000000   Number         0  gd32f1x0_exti.o ABSOLUTE
    ..\\..\\Library\\GD32F1x0_standard_peripheral\\Source\\gd32f1x0_fmc.c 0x00000000   Number         0  gd32f1x0_fmc.o ABSOLUTE
    ..\\..\\Library\\GD32F1x0_standard_peripheral\\Source\\gd32f1x0_fwdgt.c 0x00000000   Number         0  gd32f1x0_fwdgt.o ABSOLUTE
    ..\\..\\Library\\GD32F1x0_standard_peripheral\\Source\\gd32f1x0_gpio.c 0x00000000   Number         0  gd32f1x0_gpio.o ABSOLUTE
    ..\\..\\Library\\GD32F1x0_standard_peripheral\\Source\\gd32f1x0_misc.c 0x00000000   Number         0  gd32f1x0_misc.o ABSOLUTE
    ..\\..\\Library\\GD32F1x0_standard_peripheral\\Source\\gd32f1x0_rcu.c 0x00000000   Number         0  gd32f1x0_rcu.o ABSOLUTE
    ..\\..\\Library\\GD32F1x0_standard_peripheral\\Source\\gd32f1x0_spi.c 0x00000000   Number         0  gd32f1x0_spi.o ABSOLUTE
    ..\\..\\Library\\GD32F1x0_standard_peripheral\\Source\\gd32f1x0_syscfg.c 0x00000000   Number         0  gd32f1x0_syscfg.o ABSOLUTE
    ..\\..\\Library\\GD32F1x0_standard_peripheral\\Source\\gd32f1x0_timer.c 0x00000000   Number         0  gd32f1x0_timer.o ABSOLUTE
    ..\\..\\Library\\GD32F1x0_standard_peripheral\\Source\\gd32f1x0_usart.c 0x00000000   Number         0  gd32f1x0_usart.o ABSOLUTE
    ..\\..\\Library\\GD32F1x0_standard_peripheral\\Source\\gd32f1x0_wwdgt.c 0x00000000   Number         0  gd32f1x0_wwdgt.o ABSOLUTE
    dc.s                                     0x00000000   Number         0  dc.o ABSOLUTE
    gd32f1x0_it.c                            0x00000000   Number         0  gd32f1x0_it.o ABSOLUTE
    gd32f1x0_it.c                            0x00000000   Number         0  gd32f1x0_it.o ABSOLUTE
    handlers.s                               0x00000000   Number         0  handlers.o ABSOLUTE
    iapupdate.c                              0x00000000   Number         0  iapupdate.o ABSOLUTE
    iapupdate.c                              0x00000000   Number         0  iapupdate.o ABSOLUTE
    init.s                                   0x00000000   Number         0  init.o ABSOLUTE
    main.c                                   0x00000000   Number         0  main.o ABSOLUTE
    main.c                                   0x00000000   Number         0  main.o ABSOLUTE
    rfid_cc1101.c                            0x00000000   Number         0  rfid_cc1101.o ABSOLUTE
    rfid_cc1101.c                            0x00000000   Number         0  rfid_cc1101.o ABSOLUTE
    rfid_driver.c                            0x00000000   Number         0  rfid_driver.o ABSOLUTE
    rfid_driver.c                            0x00000000   Number         0  rfid_driver.o ABSOLUTE
    systick.c                                0x00000000   Number         0  systick.o ABSOLUTE
    systick.c                                0x00000000   Number         0  systick.o ABSOLUTE
    usart.c                                  0x00000000   Number         0  usart.o ABSOLUTE
    usart.c                                  0x00000000   Number         0  usart.o ABSOLUTE
    usartapp.c                               0x00000000   Number         0  usartapp.o ABSOLUTE
    usartapp.c                               0x00000000   Number         0  usartapp.o ABSOLUTE
    wireless.c                               0x00000000   Number         0  wireless.o ABSOLUTE
    wireless.c                               0x00000000   Number         0  wireless.o ABSOLUTE
    RESET                                    0x08004000   Section      360  startup_gd32f1x0.o(RESET)
    .ARM.Collect$$$$00000000                 0x08004168   Section        0  entry.o(.ARM.Collect$$$$00000000)
    .ARM.Collect$$$$00000001                 0x08004168   Section        4  entry2.o(.ARM.Collect$$$$00000001)
    .ARM.Collect$$$$00000004                 0x0800416c   Section        4  entry5.o(.ARM.Collect$$$$00000004)
    .ARM.Collect$$$$00000008                 0x08004170   Section        0  entry7b.o(.ARM.Collect$$$$00000008)
    .ARM.Collect$$$$0000000A                 0x08004170   Section        0  entry8b.o(.ARM.Collect$$$$0000000A)
    .ARM.Collect$$$$0000000B                 0x08004170   Section        8  entry9a.o(.ARM.Collect$$$$0000000B)
    .ARM.Collect$$$$0000000E                 0x08004178   Section        4  entry12b.o(.ARM.Collect$$$$0000000E)
    .ARM.Collect$$$$0000000F                 0x0800417c   Section        0  entry10a.o(.ARM.Collect$$$$0000000F)
    .ARM.Collect$$$$00000011                 0x0800417c   Section        0  entry11a.o(.ARM.Collect$$$$00000011)
    .ARM.Collect$$$$00002712                 0x0800417c   Section        4  entry2.o(.ARM.Collect$$$$00002712)
    __lit__00000000                          0x0800417c   Data           4  entry2.o(.ARM.Collect$$$$00002712)
    .text                                    0x08004180   Section       36  startup_gd32f1x0.o(.text)
    .text                                    0x080041a4   Section        0  memmovea.o(.text)
    .text                                    0x080041e4   Section        0  memseta.o(.text)
    .text                                    0x08004208   Section        0  fmul.o(.text)
    .text                                    0x0800426c   Section        0  fdiv.o(.text)
    .text                                    0x080042e8   Section        0  ffltui.o(.text)
    .text                                    0x080042f2   Section        0  ffixui.o(.text)
    .text                                    0x0800431a   Section        0  iusefp.o(.text)
    .text                                    0x0800431a   Section        0  fepilogue.o(.text)
    .text                                    0x08004388   Section       36  init.o(.text)
    i.BusFault_Handler                       0x080043ac   Section        0  gd32f1x0_it.o(i.BusFault_Handler)
    i.Crc16UsartReceiveChick                 0x080043b0   Section        0  usart.o(i.Crc16UsartReceiveChick)
    i.DebugMon_Handler                       0x080043e0   Section        0  gd32f1x0_it.o(i.DebugMon_Handler)
    i.EXTI0_1_IRQHandler                     0x080043e4   Section        0  rfid_cc1101.o(i.EXTI0_1_IRQHandler)
    i.EXTI4_15_IRQHandler                    0x08004438   Section        0  rfid_cc1101.o(i.EXTI4_15_IRQHandler)
    i.FunctionSet                            0x0800450c   Section        0  usartapp.o(i.FunctionSet)
    i.GetRfidCurStatus                       0x08004524   Section        0  rfid_driver.o(i.GetRfidCurStatus)
    i.GetSetInformationData                  0x0800452c   Section        0  usartapp.o(i.GetSetInformationData)
    i.GetSetdata                             0x0800455c   Section        0  usartapp.o(i.GetSetdata)
    i.GetWirelesstData                       0x080045b4   Section        0  usartapp.o(i.GetWirelesstData)
    i.HardFault_Handler                      0x080045ea   Section        0  gd32f1x0_it.o(i.HardFault_Handler)
    i.InsUsartTrsQueue                       0x080045f0   Section        0  usartapp.o(i.InsUsartTrsQueue)
    InsUsartTrsQueue                         0x080045f1   Thumb Code   282  usartapp.o(i.InsUsartTrsQueue)
    i.MemManage_Handler                      0x08004720   Section        0  gd32f1x0_it.o(i.MemManage_Handler)
    i.NMI_Handler                            0x08004724   Section        0  gd32f1x0_it.o(i.NMI_Handler)
    i.NVIC_SystemReset                       0x08004728   Section        0  usartapp.o(i.NVIC_SystemReset)
    NVIC_SystemReset                         0x08004729   Thumb Code    56  usartapp.o(i.NVIC_SystemReset)
    i.PendSV_Handler                         0x08004768   Section        0  gd32f1x0_it.o(i.PendSV_Handler)
    i.RFCtrlSetIDLE                          0x0800476a   Section        0  rfid_cc1101.o(i.RFCtrlSetIDLE)
    i.RFID_GetFrame                          0x08004798   Section        0  rfid_cc1101.o(i.RFID_GetFrame)
    i.RFID_HarewreInit                       0x080047f0   Section        0  rfid_cc1101.o(i.RFID_HarewreInit)
    i.RFID_Init                              0x08004840   Section        0  rfid_driver.o(i.RFID_Init)
    i.RFID_SendData                          0x0800486c   Section        0  rfid_driver.o(i.RFID_SendData)
    i.RFTxSendPacket                         0x080048b4   Section        0  rfid_cc1101.o(i.RFTxSendPacket)
    i.RecvUsartDataProc                      0x080049a4   Section        0  usartapp.o(i.RecvUsartDataProc)
    i.RfidChipReset                          0x08004a54   Section        0  rfid_cc1101.o(i.RfidChipReset)
    i.RfidConfig                             0x08004a70   Section        0  rfid_cc1101.o(i.RfidConfig)
    i.RfidGDOxIntInit                        0x08004b18   Section        0  rfid_driver.o(i.RfidGDOxIntInit)
    i.RfidGetTxStatus                        0x08004b98   Section        0  rfid_cc1101.o(i.RfidGetTxStatus)
    i.RfidReadFifo                           0x08004ba2   Section        0  rfid_cc1101.o(i.RfidReadFifo)
    i.RfidReadFifoProc                       0x08004bb4   Section        0  rfid_cc1101.o(i.RfidReadFifoProc)
    i.RfidReadStatusReg                      0x08004c3a   Section        0  rfid_cc1101.o(i.RfidReadStatusReg)
    i.RfidRxRegInit                          0x08004c50   Section        0  rfid_cc1101.o(i.RfidRxRegInit)
    i.RfidSpiConfig                          0x08004cd4   Section        0  rfid_driver.o(i.RfidSpiConfig)
    i.RfidSpiInit                            0x08004d5c   Section        0  rfid_driver.o(i.RfidSpiInit)
    i.RfidSpiWrite                           0x08004d64   Section        0  rfid_cc1101.o(i.RfidSpiWrite)
    i.RfidStrobe                             0x08004d80   Section        0  rfid_cc1101.o(i.RfidStrobe)
    i.RfidWriteFifo                          0x08004dec   Section        0  rfid_cc1101.o(i.RfidWriteFifo)
    i.RfidWriteReg                           0x08004dfe   Section        0  rfid_cc1101.o(i.RfidWriteReg)
    i.SVC_Handler                            0x08004e0e   Section        0  gd32f1x0_it.o(i.SVC_Handler)
    i.SendHeartBeatData                      0x08004e10   Section        0  usartapp.o(i.SendHeartBeatData)
    i.SendResponseData                       0x08004e90   Section        0  usartapp.o(i.SendResponseData)
    i.SendStartData                          0x08004ec0   Section        0  usartapp.o(i.SendStartData)
    i.SendUsartDataProc                      0x08004ee8   Section        0  usartapp.o(i.SendUsartDataProc)
    i.SendWirelesstData                      0x08004f88   Section        0  usartapp.o(i.SendWirelesstData)
    i.SetRFChipIdle                          0x08004fc4   Section        0  rfid_cc1101.o(i.SetRFChipIdle)
    i.SetRfidSRX                             0x08005016   Section        0  rfid_driver.o(i.SetRfidSRX)
    i.SetRxMode                              0x08005020   Section        0  rfid_cc1101.o(i.SetRxMode)
    i.SpiMcuRead                             0x0800504c   Section        0  rfid_cc1101.o(i.SpiMcuRead)
    i.SpiMcuWrite                            0x080050bc   Section        0  rfid_cc1101.o(i.SpiMcuWrite)
    i.SpiResetChipSingle                     0x08005128   Section        0  rfid_cc1101.o(i.SpiResetChipSingle)
    i.SysTick_Handler                        0x08005170   Section        0  gd32f1x0_it.o(i.SysTick_Handler)
    i.SystemInit                             0x08005178   Section        0  system_gd32f1x0.o(i.SystemInit)
    i.TimeFun                                0x08005258   Section        0  usartapp.o(i.TimeFun)
    i.USART0_IRQHandler                      0x0800528c   Section        0  usart.o(i.USART0_IRQHandler)
    i.UpdataInit                             0x080053c4   Section        0  usartapp.o(i.UpdataInit)
    i.UsageFault_Handler                     0x08005408   Section        0  gd32f1x0_it.o(i.UsageFault_Handler)
    i.UsartFetchData                         0x0800540c   Section        0  usart.o(i.UsartFetchData)
    i.UsartRecvProgProc                      0x0800546c   Section        0  usartapp.o(i.UsartRecvProgProc)
    i.WDGT_Feed                              0x08005854   Section        0  main.o(i.WDGT_Feed)
    i.WDGT_Init                              0x0800585c   Section        0  main.o(i.WDGT_Init)
    i.WL_ReceiveData                         0x08005870   Section        0  rfid_driver.o(i.WL_ReceiveData)
    i.WL_SendData                            0x080058d0   Section        0  rfid_driver.o(i.WL_SendData)
    i.WaitGPIOReset                          0x080058ee   Section        0  rfid_cc1101.o(i.WaitGPIOReset)
    i.Wl_RxDataProc                          0x08005914   Section        0  wireless.o(i.Wl_RxDataProc)
    i.__scatterload_copy                     0x08005a54   Section       14  handlers.o(i.__scatterload_copy)
    i.__scatterload_null                     0x08005a62   Section        2  handlers.o(i.__scatterload_null)
    i.__scatterload_zeroinit                 0x08005a64   Section       14  handlers.o(i.__scatterload_zeroinit)
    i.delay_1ms                              0x08005a74   Section        0  systick.o(i.delay_1ms)
    i.delay_1us                              0x08005ad4   Section        0  systick.o(i.delay_1us)
    i.delay_decrement                        0x08005b34   Section        0  systick.o(i.delay_decrement)
    i.dma_channel_disable                    0x08005b4c   Section        0  gd32f1x0_dma.o(i.dma_channel_disable)
    i.dma_channel_enable                     0x08005b70   Section        0  gd32f1x0_dma.o(i.dma_channel_enable)
    i.dma_circulation_disable                0x08005b94   Section        0  gd32f1x0_dma.o(i.dma_circulation_disable)
    i.dma_config                             0x08005bb8   Section        0  usart.o(i.dma_config)
    i.dma_deinit                             0x08005c7c   Section        0  gd32f1x0_dma.o(i.dma_deinit)
    i.dma_flag_get                           0x08005cd8   Section        0  gd32f1x0_dma.o(i.dma_flag_get)
    i.dma_init                               0x08005cf8   Section        0  gd32f1x0_dma.o(i.dma_init)
    i.dma_interrupt_enable                   0x08005e14   Section        0  gd32f1x0_dma.o(i.dma_interrupt_enable)
    i.dma_memory_address_config              0x08005e38   Section        0  gd32f1x0_dma.o(i.dma_memory_address_config)
    i.dma_memory_to_memory_disable           0x08005e4c   Section        0  gd32f1x0_dma.o(i.dma_memory_to_memory_disable)
    i.dma_transfer_number_config             0x08005e70   Section        0  gd32f1x0_dma.o(i.dma_transfer_number_config)
    i.exti_init                              0x08005e88   Section        0  gd32f1x0_exti.o(i.exti_init)
    i.exti_interrupt_flag_clear              0x08005f44   Section        0  gd32f1x0_exti.o(i.exti_interrupt_flag_clear)
    i.exti_interrupt_flag_get                0x08005f50   Section        0  gd32f1x0_exti.o(i.exti_interrupt_flag_get)
    i.fmc_flag_clear                         0x08005f74   Section        0  gd32f1x0_fmc.o(i.fmc_flag_clear)
    i.fmc_lock                               0x08005f80   Section        0  gd32f1x0_fmc.o(i.fmc_lock)
    i.fmc_page_erase                         0x08005f94   Section        0  gd32f1x0_fmc.o(i.fmc_page_erase)
    i.fmc_ready_wait                         0x08005fdc   Section        0  gd32f1x0_fmc.o(i.fmc_ready_wait)
    fmc_ready_wait                           0x08005fdd   Thumb Code    34  gd32f1x0_fmc.o(i.fmc_ready_wait)
    i.fmc_state_get                          0x08006000   Section        0  gd32f1x0_fmc.o(i.fmc_state_get)
    fmc_state_get                            0x08006001   Thumb Code    44  gd32f1x0_fmc.o(i.fmc_state_get)
    i.fmc_unlock                             0x08006030   Section        0  gd32f1x0_fmc.o(i.fmc_unlock)
    i.fmc_word_program                       0x08006054   Section        0  gd32f1x0_fmc.o(i.fmc_word_program)
    i.fwdgt_config                           0x08006094   Section        0  gd32f1x0_fwdgt.o(i.fwdgt_config)
    i.fwdgt_counter_reload                   0x080060fc   Section        0  gd32f1x0_fwdgt.o(i.fwdgt_counter_reload)
    i.fwdgt_enable                           0x0800610c   Section        0  gd32f1x0_fwdgt.o(i.fwdgt_enable)
    i.gpio_af_set                            0x0800611c   Section        0  gd32f1x0_gpio.o(i.gpio_af_set)
    i.gpio_bit_reset                         0x0800617a   Section        0  gd32f1x0_gpio.o(i.gpio_bit_reset)
    i.gpio_bit_set                           0x0800617e   Section        0  gd32f1x0_gpio.o(i.gpio_bit_set)
    i.gpio_init                              0x08006184   Section        0  usart.o(i.gpio_init)
    i.gpio_mode_set                          0x080061f4   Section        0  gd32f1x0_gpio.o(i.gpio_mode_set)
    i.gpio_output_bit_get                    0x08006242   Section        0  gd32f1x0_gpio.o(i.gpio_output_bit_get)
    i.gpio_output_options_set                0x08006252   Section        0  gd32f1x0_gpio.o(i.gpio_output_options_set)
    i.irc40k_config                          0x08006294   Section        0  main.o(i.irc40k_config)
    irc40k_config                            0x08006295   Thumb Code    26  main.o(i.irc40k_config)
    i.main                                   0x080062b0   Section        0  main.o(i.main)
    i.nvic_irq_enable                        0x08006328   Section        0  gd32f1x0_misc.o(i.nvic_irq_enable)
    i.nvic_priority_group_set                0x080063d4   Section        0  gd32f1x0_misc.o(i.nvic_priority_group_set)
    i.nvic_vector_table_set                  0x080063e8   Section        0  gd32f1x0_misc.o(i.nvic_vector_table_set)
    i.rcu_clock_freq_get                     0x0800640c   Section        0  gd32f1x0_rcu.o(i.rcu_clock_freq_get)
    i.rcu_flag_get                           0x080066b4   Section        0  gd32f1x0_rcu.o(i.rcu_flag_get)
    i.rcu_osci_on                            0x080066d8   Section        0  gd32f1x0_rcu.o(i.rcu_osci_on)
    i.rcu_osci_stab_wait                     0x080066f8   Section        0  gd32f1x0_rcu.o(i.rcu_osci_stab_wait)
    i.rcu_periph_clock_enable                0x08006804   Section        0  gd32f1x0_rcu.o(i.rcu_periph_clock_enable)
    i.rcu_periph_reset_disable               0x08006824   Section        0  gd32f1x0_rcu.o(i.rcu_periph_reset_disable)
    i.rcu_periph_reset_enable                0x08006844   Section        0  gd32f1x0_rcu.o(i.rcu_periph_reset_enable)
    i.spi_crc_polynomial_set                 0x08006864   Section        0  gd32f1x0_spi.o(i.spi_crc_polynomial_set)
    i.spi_enable                             0x08006870   Section        0  gd32f1x0_spi.o(i.spi_enable)
    i.spi_i2s_data_receive                   0x0800687a   Section        0  gd32f1x0_spi.o(i.spi_i2s_data_receive)
    i.spi_i2s_data_transmit                  0x08006882   Section        0  gd32f1x0_spi.o(i.spi_i2s_data_transmit)
    i.spi_i2s_deinit                         0x08006888   Section        0  gd32f1x0_spi.o(i.spi_i2s_deinit)
    i.spi_i2s_flag_get                       0x080068e0   Section        0  gd32f1x0_spi.o(i.spi_i2s_flag_get)
    i.spi_init                               0x080068f0   Section        0  gd32f1x0_spi.o(i.spi_init)
    i.spi_struct_para_init                   0x08006922   Section        0  gd32f1x0_spi.o(i.spi_struct_para_init)
    i.spi_write                              0x08006934   Section        0  rfid_cc1101.o(i.spi_write)
    i.syscfg_exti_line_config                0x08006970   Section        0  gd32f1x0_syscfg.o(i.syscfg_exti_line_config)
    i.system_clock_72m_hxtal                 0x08006a10   Section        0  system_gd32f1x0.o(i.system_clock_72m_hxtal)
    system_clock_72m_hxtal                   0x08006a11   Thumb Code   154  system_gd32f1x0.o(i.system_clock_72m_hxtal)
    i.system_clock_config                    0x08006ab4   Section        0  system_gd32f1x0.o(i.system_clock_config)
    system_clock_config                      0x08006ab5   Thumb Code     8  system_gd32f1x0.o(i.system_clock_config)
    i.systick_clksource_set                  0x08006abc   Section        0  gd32f1x0_misc.o(i.systick_clksource_set)
    i.systick_config                         0x08006ae4   Section        0  systick.o(i.systick_config)
    i.timeoverset                            0x08006b5c   Section        0  usartapp.o(i.timeoverset)
    i.u16IapExFlashCrc                       0x08006b68   Section        0  iapupdate.o(i.u16IapExFlashCrc)
    i.u8IapEraserSector                      0x08006bd8   Section        0  iapupdate.o(i.u8IapEraserSector)
    i.u8IapGetPrgSize                        0x08006bec   Section        0  iapupdate.o(i.u8IapGetPrgSize)
    i.u8IapGetPrgStorageAddr                 0x08006c38   Section        0  iapupdate.o(i.u8IapGetPrgStorageAddr)
    i.u8IapReadBuf                           0x08006c84   Section        0  iapupdate.o(i.u8IapReadBuf)
    i.u8IapWriteBuf                          0x08006c9e   Section        0  iapupdate.o(i.u8IapWriteBuf)
    i.u8InFlashReadBuf                       0x08006cbc   Section        0  iapupdate.o(i.u8InFlashReadBuf)
    i.u8InFlashWriteBuf                      0x08006cd6   Section        0  iapupdate.o(i.u8InFlashWriteBuf)
    i.usart_baudrate_set                     0x08006d84   Section        0  gd32f1x0_usart.o(i.usart_baudrate_set)
    i.usart_data_receive                     0x08006e00   Section        0  gd32f1x0_usart.o(i.usart_data_receive)
    i.usart_deinit                           0x08006e0c   Section        0  gd32f1x0_usart.o(i.usart_deinit)
    i.usart_dma_receive_config               0x08006e4c   Section        0  gd32f1x0_usart.o(i.usart_dma_receive_config)
    i.usart_dma_send                         0x08006e5c   Section        0  usart.o(i.usart_dma_send)
    i.usart_dma_transmit_config              0x08006e9c   Section        0  gd32f1x0_usart.o(i.usart_dma_transmit_config)
    i.usart_enable                           0x08006eac   Section        0  gd32f1x0_usart.o(i.usart_enable)
    i.usart_flag_get                         0x08006eb6   Section        0  gd32f1x0_usart.o(i.usart_flag_get)
    i.usart_init                             0x08006ed4   Section        0  usart.o(i.usart_init)
    i.usart_interrupt_enable                 0x08006f80   Section        0  gd32f1x0_usart.o(i.usart_interrupt_enable)
    i.usart_interrupt_flag_clear             0x08006f9a   Section        0  gd32f1x0_usart.o(i.usart_interrupt_flag_clear)
    i.usart_receive_config                   0x08006fac   Section        0  gd32f1x0_usart.o(i.usart_receive_config)
    i.usart_transmit_config                  0x08006fbc   Section        0  gd32f1x0_usart.o(i.usart_transmit_config)
    i.vIapJumpToBoot                         0x08006fcc   Section        0  iapupdate.o(i.vIapJumpToBoot)
    i.vInFlashErasePage                      0x0800702c   Section        0  iapupdate.o(i.vInFlashErasePage)
    .constdata                               0x08007082   Section      512  usart.o(.constdata)
    .constdata                               0x08007282   Section       70  rfid_cc1101.o(.constdata)
    s_u8RFAttenuationCfgTab                  0x080072b4   Data           4  rfid_cc1101.o(.constdata)
    s_u8RFCReg_FIFOTHR_BIT6                  0x080072b8   Data           2  rfid_cc1101.o(.constdata)
    .constdata                               0x080072c8   Section     1008  iapupdate.o(.constdata)
    sDevPrgWriteBase                         0x080072c8   Data         248  iapupdate.o(.constdata)
    sDevPrgSize                              0x080073c0   Data         248  iapupdate.o(.constdata)
    .data                                    0x20000000   Section        2  main.o(.data)
    .data                                    0x20000004   Section       12  systick.o(.data)
    count_1us                                0x20000004   Data           4  systick.o(.data)
    count_1ms                                0x20000008   Data           4  systick.o(.data)
    delay                                    0x2000000c   Data           4  systick.o(.data)
    .data                                    0x20000010   Section        3  usart.o(.data)
    .data                                    0x20000014   Section       55  usartapp.o(.data)
    u8LiuShuiNumb                            0x20000044   Data           1  usartapp.o(.data)
    u8TxBufTxWrtPtr                          0x20000045   Data           1  usartapp.o(.data)
    u16CrcCalculate                          0x20000046   Data           2  usartapp.o(.data)
    u16Crc                                   0x20000048   Data           2  usartapp.o(.data)
    u8DestScNumbBackup                       0x2000004a   Data           1  usartapp.o(.data)
    .data                                    0x2000004c   Section       76  rfid_cc1101.o(.data)
    .data                                    0x20000098   Section        1  rfid_driver.o(.data)
    .data                                    0x2000009c   Section       12  wireless.o(.data)
    RFID_StateInquireIntv                    0x2000009c   Data           4  wireless.o(.data)
    RFID_Sleep                               0x200000a0   Data           2  wireless.o(.data)
    RFID_Init_Num                            0x200000a4   Data           4  wireless.o(.data)
    .data                                    0x200000a8   Section        4  system_gd32f1x0.o(.data)
    .bss                                     0x200000ac   Section     1500  usart.o(.bss)
    .bss                                     0x20000688   Section     1360  usartapp.o(.bss)
    .bss                                     0x20000bd8   Section      944  rfid_cc1101.o(.bss)
    .bss                                     0x20000f88   Section       32  iapupdate.o(.bss)
    u8Buf                                    0x20000f88   Data          32  iapupdate.o(.bss)
    STACK                                    0x20000fa8   Section     1024  startup_gd32f1x0.o(STACK)

    Global Symbols

    Symbol Name                              Value     Ov Type        Size  Object(Section)

    BuildAttributes$$THM_ISAv4$P$D$K$B$S$PE$A:L22UL41UL21$X:L11$S22US41US21$IEEE1$IW$USESV6$~STKCKD$USESV7$~SHL$OTIME$ROPI$EBA8$MICROLIB$REQ8$PRES8$EABIv2 0x00000000   Number         0  anon$$obj.o ABSOLUTE
    __ARM_use_no_argv                        0x00000000   Number         0  main.o ABSOLUTE
    __arm_fini_                               - Undefined Weak Reference
    __cpp_initialize__aeabi_                  - Undefined Weak Reference
    __cxa_finalize                            - Undefined Weak Reference
    __decompress                              - Undefined Weak Reference
    _clock_init                               - Undefined Weak Reference
    _microlib_exit                            - Undefined Weak Reference
    __Vectors_Size                           0x00000168   Number         0  startup_gd32f1x0.o ABSOLUTE
    __Vectors                                0x08004000   Data           4  startup_gd32f1x0.o(RESET)
    __Vectors_End                            0x08004168   Data           0  startup_gd32f1x0.o(RESET)
    __main                                   0x08004169   Thumb Code     0  entry.o(.ARM.Collect$$$$00000000)
    _main_stk                                0x08004169   Thumb Code     0  entry2.o(.ARM.Collect$$$$00000001)
    _main_scatterload                        0x0800416d   Thumb Code     0  entry5.o(.ARM.Collect$$$$00000004)
    __main_after_scatterload                 0x08004171   Thumb Code     0  entry5.o(.ARM.Collect$$$$00000004)
    _main_clock                              0x08004171   Thumb Code     0  entry7b.o(.ARM.Collect$$$$00000008)
    _main_cpp_init                           0x08004171   Thumb Code     0  entry8b.o(.ARM.Collect$$$$0000000A)
    _main_init                               0x08004171   Thumb Code     0  entry9a.o(.ARM.Collect$$$$0000000B)
    __rt_lib_shutdown_fini                   0x08004179   Thumb Code     0  entry12b.o(.ARM.Collect$$$$0000000E)
    __rt_final_cpp                           0x0800417d   Thumb Code     0  entry10a.o(.ARM.Collect$$$$0000000F)
    __rt_final_exit                          0x0800417d   Thumb Code     0  entry11a.o(.ARM.Collect$$$$00000011)
    Reset_Handler                            0x08004181   Thumb Code     8  startup_gd32f1x0.o(.text)
    ADC_CMP_IRQHandler                       0x0800419b   Thumb Code     0  startup_gd32f1x0.o(.text)
    CAN0_RX0_IRQHandler                      0x0800419b   Thumb Code     0  startup_gd32f1x0.o(.text)
    CAN0_RX1_IRQHandler                      0x0800419b   Thumb Code     0  startup_gd32f1x0.o(.text)
    CAN0_SCE_IRQHandler                      0x0800419b   Thumb Code     0  startup_gd32f1x0.o(.text)
    CAN0_TX_IRQHandler                       0x0800419b   Thumb Code     0  startup_gd32f1x0.o(.text)
    CAN1_RX0_IRQHandler                      0x0800419b   Thumb Code     0  startup_gd32f1x0.o(.text)
    CAN1_RX1_IRQHandler                      0x0800419b   Thumb Code     0  startup_gd32f1x0.o(.text)
    CAN1_SCE_IRQHandler                      0x0800419b   Thumb Code     0  startup_gd32f1x0.o(.text)
    CAN1_TX_IRQHandler                       0x0800419b   Thumb Code     0  startup_gd32f1x0.o(.text)
    CEC_IRQHandler                           0x0800419b   Thumb Code     0  startup_gd32f1x0.o(.text)
    DMA_Channel0_IRQHandler                  0x0800419b   Thumb Code     0  startup_gd32f1x0.o(.text)
    DMA_Channel1_2_IRQHandler                0x0800419b   Thumb Code     0  startup_gd32f1x0.o(.text)
    DMA_Channel3_4_IRQHandler                0x0800419b   Thumb Code     0  startup_gd32f1x0.o(.text)
    DMA_Channel5_6_IRQHandler                0x0800419b   Thumb Code     0  startup_gd32f1x0.o(.text)
    EXTI2_3_IRQHandler                       0x0800419b   Thumb Code     0  startup_gd32f1x0.o(.text)
    FMC_IRQHandler                           0x0800419b   Thumb Code     0  startup_gd32f1x0.o(.text)
    I2C0_ER_IRQHandler                       0x0800419b   Thumb Code     0  startup_gd32f1x0.o(.text)
    I2C0_EV_IRQHandler                       0x0800419b   Thumb Code     0  startup_gd32f1x0.o(.text)
    I2C1_ER_IRQHandler                       0x0800419b   Thumb Code     0  startup_gd32f1x0.o(.text)
    I2C1_EV_IRQHandler                       0x0800419b   Thumb Code     0  startup_gd32f1x0.o(.text)
    I2C2_ER_IRQHandler                       0x0800419b   Thumb Code     0  startup_gd32f1x0.o(.text)
    I2C2_EV_IRQHandler                       0x0800419b   Thumb Code     0  startup_gd32f1x0.o(.text)
    LVD_IRQHandler                           0x0800419b   Thumb Code     0  startup_gd32f1x0.o(.text)
    RCU_IRQHandler                           0x0800419b   Thumb Code     0  startup_gd32f1x0.o(.text)
    RTC_IRQHandler                           0x0800419b   Thumb Code     0  startup_gd32f1x0.o(.text)
    SLCD_IRQHandler                          0x0800419b   Thumb Code     0  startup_gd32f1x0.o(.text)
    SPI0_IRQHandler                          0x0800419b   Thumb Code     0  startup_gd32f1x0.o(.text)
    SPI1_IRQHandler                          0x0800419b   Thumb Code     0  startup_gd32f1x0.o(.text)
    SPI2_IRQHandler                          0x0800419b   Thumb Code     0  startup_gd32f1x0.o(.text)
    TIMER0_BRK_UP_TRG_COM_IRQHandler         0x0800419b   Thumb Code     0  startup_gd32f1x0.o(.text)
    TIMER0_Channel_IRQHandler                0x0800419b   Thumb Code     0  startup_gd32f1x0.o(.text)
    TIMER13_IRQHandler                       0x0800419b   Thumb Code     0  startup_gd32f1x0.o(.text)
    TIMER14_IRQHandler                       0x0800419b   Thumb Code     0  startup_gd32f1x0.o(.text)
    TIMER15_IRQHandler                       0x0800419b   Thumb Code     0  startup_gd32f1x0.o(.text)
    TIMER16_IRQHandler                       0x0800419b   Thumb Code     0  startup_gd32f1x0.o(.text)
    TIMER1_IRQHandler                        0x0800419b   Thumb Code     0  startup_gd32f1x0.o(.text)
    TIMER2_IRQHandler                        0x0800419b   Thumb Code     0  startup_gd32f1x0.o(.text)
    TIMER5_DAC_IRQHandler                    0x0800419b   Thumb Code     0  startup_gd32f1x0.o(.text)
    TSI_IRQHandler                           0x0800419b   Thumb Code     0  startup_gd32f1x0.o(.text)
    USART1_IRQHandler                        0x0800419b   Thumb Code     0  startup_gd32f1x0.o(.text)
    USBDWakeUp_IRQHandler                    0x0800419b   Thumb Code     0  startup_gd32f1x0.o(.text)
    USBD_HP_IRQHandler                       0x0800419b   Thumb Code     0  startup_gd32f1x0.o(.text)
    USBD_LP_IRQHandler                       0x0800419b   Thumb Code     0  startup_gd32f1x0.o(.text)
    WWDGT_IRQHandler                         0x0800419b   Thumb Code     0  startup_gd32f1x0.o(.text)
    ___aeabi_memcpy8$move                    0x080041a5   Thumb Code     0  memmovea.o(.text)
    __aeabi_memcpy                           0x080041a5   Thumb Code    64  memmovea.o(.text)
    __aeabi_memcpy4                          0x080041a5   Thumb Code     0  memmovea.o(.text)
    __aeabi_memmove                          0x080041a5   Thumb Code     0  memmovea.o(.text)
    __aeabi_memmove4                         0x080041a5   Thumb Code     0  memmovea.o(.text)
    __aeabi_memmove8                         0x080041a5   Thumb Code     0  memmovea.o(.text)
    __aeabi_memset                           0x080041e5   Thumb Code    14  memseta.o(.text)
    __aeabi_memset4                          0x080041e5   Thumb Code     0  memseta.o(.text)
    __aeabi_memset8                          0x080041e5   Thumb Code     0  memseta.o(.text)
    __aeabi_memclr                           0x080041f3   Thumb Code     4  memseta.o(.text)
    __aeabi_memclr4                          0x080041f3   Thumb Code     0  memseta.o(.text)
    __aeabi_memclr8                          0x080041f3   Thumb Code     0  memseta.o(.text)
    _memset$wrapper                          0x080041f7   Thumb Code    18  memseta.o(.text)
    __aeabi_fmul                             0x08004209   Thumb Code   100  fmul.o(.text)
    __aeabi_fdiv                             0x0800426d   Thumb Code   124  fdiv.o(.text)
    __aeabi_ui2f                             0x080042e9   Thumb Code    10  ffltui.o(.text)
    __aeabi_f2uiz                            0x080042f3   Thumb Code    40  ffixui.o(.text)
    __I$use$fp                               0x0800431b   Thumb Code     0  iusefp.o(.text)
    _float_round                             0x0800431b   Thumb Code    18  fepilogue.o(.text)
    _float_epilogue                          0x0800432d   Thumb Code    92  fepilogue.o(.text)
    __scatterload                            0x08004389   Thumb Code    28  init.o(.text)
    __scatterload_rt2                        0x08004389   Thumb Code     0  init.o(.text)
    BusFault_Handler                         0x080043ad   Thumb Code     4  gd32f1x0_it.o(i.BusFault_Handler)
    Crc16UsartReceiveChick                   0x080043b1   Thumb Code    44  usart.o(i.Crc16UsartReceiveChick)
    DebugMon_Handler                         0x080043e1   Thumb Code     2  gd32f1x0_it.o(i.DebugMon_Handler)
    EXTI0_1_IRQHandler                       0x080043e5   Thumb Code    74  rfid_cc1101.o(i.EXTI0_1_IRQHandler)
    EXTI4_15_IRQHandler                      0x08004439   Thumb Code   192  rfid_cc1101.o(i.EXTI4_15_IRQHandler)
    FunctionSet                              0x0800450d   Thumb Code    24  usartapp.o(i.FunctionSet)
    GetRfidCurStatus                         0x08004525   Thumb Code     8  rfid_driver.o(i.GetRfidCurStatus)
    GetSetInformationData                    0x0800452d   Thumb Code    48  usartapp.o(i.GetSetInformationData)
    GetSetdata                               0x0800455d   Thumb Code    82  usartapp.o(i.GetSetdata)
    GetWirelesstData                         0x080045b5   Thumb Code    54  usartapp.o(i.GetWirelesstData)
    HardFault_Handler                        0x080045eb   Thumb Code     4  gd32f1x0_it.o(i.HardFault_Handler)
    MemManage_Handler                        0x08004721   Thumb Code     4  gd32f1x0_it.o(i.MemManage_Handler)
    NMI_Handler                              0x08004725   Thumb Code     2  gd32f1x0_it.o(i.NMI_Handler)
    PendSV_Handler                           0x08004769   Thumb Code     2  gd32f1x0_it.o(i.PendSV_Handler)
    RFCtrlSetIDLE                            0x0800476b   Thumb Code    46  rfid_cc1101.o(i.RFCtrlSetIDLE)
    RFID_GetFrame                            0x08004799   Thumb Code    76  rfid_cc1101.o(i.RFID_GetFrame)
    RFID_HarewreInit                         0x080047f1   Thumb Code    68  rfid_cc1101.o(i.RFID_HarewreInit)
    RFID_Init                                0x08004841   Thumb Code    38  rfid_driver.o(i.RFID_Init)
    RFID_SendData                            0x0800486d   Thumb Code    72  rfid_driver.o(i.RFID_SendData)
    RFTxSendPacket                           0x080048b5   Thumb Code   236  rfid_cc1101.o(i.RFTxSendPacket)
    RecvUsartDataProc                        0x080049a5   Thumb Code   172  usartapp.o(i.RecvUsartDataProc)
    RfidChipReset                            0x08004a55   Thumb Code    26  rfid_cc1101.o(i.RfidChipReset)
    RfidConfig                               0x08004a71   Thumb Code   132  rfid_cc1101.o(i.RfidConfig)
    RfidGDOxIntInit                          0x08004b19   Thumb Code   122  rfid_driver.o(i.RfidGDOxIntInit)
    RfidGetTxStatus                          0x08004b99   Thumb Code    10  rfid_cc1101.o(i.RfidGetTxStatus)
    RfidReadFifo                             0x08004ba3   Thumb Code    18  rfid_cc1101.o(i.RfidReadFifo)
    RfidReadFifoProc                         0x08004bb5   Thumb Code   134  rfid_cc1101.o(i.RfidReadFifoProc)
    RfidReadStatusReg                        0x08004c3b   Thumb Code    22  rfid_cc1101.o(i.RfidReadStatusReg)
    RfidRxRegInit                            0x08004c51   Thumb Code   114  rfid_cc1101.o(i.RfidRxRegInit)
    RfidSpiConfig                            0x08004cd5   Thumb Code   130  rfid_driver.o(i.RfidSpiConfig)
    RfidSpiInit                              0x08004d5d   Thumb Code     8  rfid_driver.o(i.RfidSpiInit)
    RfidSpiWrite                             0x08004d65   Thumb Code    28  rfid_cc1101.o(i.RfidSpiWrite)
    RfidStrobe                               0x08004d81   Thumb Code   100  rfid_cc1101.o(i.RfidStrobe)
    RfidWriteFifo                            0x08004ded   Thumb Code    18  rfid_cc1101.o(i.RfidWriteFifo)
    RfidWriteReg                             0x08004dff   Thumb Code    16  rfid_cc1101.o(i.RfidWriteReg)
    SVC_Handler                              0x08004e0f   Thumb Code     2  gd32f1x0_it.o(i.SVC_Handler)
    SendHeartBeatData                        0x08004e11   Thumb Code   124  usartapp.o(i.SendHeartBeatData)
    SendResponseData                         0x08004e91   Thumb Code    48  usartapp.o(i.SendResponseData)
    SendStartData                            0x08004ec1   Thumb Code    40  usartapp.o(i.SendStartData)
    SendUsartDataProc                        0x08004ee9   Thumb Code   144  usartapp.o(i.SendUsartDataProc)
    SendWirelesstData                        0x08004f89   Thumb Code    60  usartapp.o(i.SendWirelesstData)
    SetRFChipIdle                            0x08004fc5   Thumb Code    82  rfid_cc1101.o(i.SetRFChipIdle)
    SetRfidSRX                               0x08005017   Thumb Code    10  rfid_driver.o(i.SetRfidSRX)
    SetRxMode                                0x08005021   Thumb Code    42  rfid_cc1101.o(i.SetRxMode)
    SpiMcuRead                               0x0800504d   Thumb Code   108  rfid_cc1101.o(i.SpiMcuRead)
    SpiMcuWrite                              0x080050bd   Thumb Code   102  rfid_cc1101.o(i.SpiMcuWrite)
    SpiResetChipSingle                       0x08005129   Thumb Code    68  rfid_cc1101.o(i.SpiResetChipSingle)
    SysTick_Handler                          0x08005171   Thumb Code     8  gd32f1x0_it.o(i.SysTick_Handler)
    SystemInit                               0x08005179   Thumb Code   202  system_gd32f1x0.o(i.SystemInit)
    TimeFun                                  0x08005259   Thumb Code    46  usartapp.o(i.TimeFun)
    USART0_IRQHandler                        0x0800528d   Thumb Code   292  usart.o(i.USART0_IRQHandler)
    UpdataInit                               0x080053c5   Thumb Code    36  usartapp.o(i.UpdataInit)
    UsageFault_Handler                       0x08005409   Thumb Code     4  gd32f1x0_it.o(i.UsageFault_Handler)
    UsartFetchData                           0x0800540d   Thumb Code    82  usart.o(i.UsartFetchData)
    UsartRecvProgProc                        0x0800546d   Thumb Code   944  usartapp.o(i.UsartRecvProgProc)
    WDGT_Feed                                0x08005855   Thumb Code     8  main.o(i.WDGT_Feed)
    WDGT_Init                                0x0800585d   Thumb Code    20  main.o(i.WDGT_Init)
    WL_ReceiveData                           0x08005871   Thumb Code    86  rfid_driver.o(i.WL_ReceiveData)
    WL_SendData                              0x080058d1   Thumb Code    30  rfid_driver.o(i.WL_SendData)
    WaitGPIOReset                            0x080058ef   Thumb Code    38  rfid_cc1101.o(i.WaitGPIOReset)
    Wl_RxDataProc                            0x08005915   Thumb Code   308  wireless.o(i.Wl_RxDataProc)
    __scatterload_copy                       0x08005a55   Thumb Code    14  handlers.o(i.__scatterload_copy)
    __scatterload_null                       0x08005a63   Thumb Code     2  handlers.o(i.__scatterload_null)
    __scatterload_zeroinit                   0x08005a65   Thumb Code    14  handlers.o(i.__scatterload_zeroinit)
    delay_1ms                                0x08005a75   Thumb Code    90  systick.o(i.delay_1ms)
    delay_1us                                0x08005ad5   Thumb Code    90  systick.o(i.delay_1us)
    delay_decrement                          0x08005b35   Thumb Code    18  systick.o(i.delay_decrement)
    dma_channel_disable                      0x08005b4d   Thumb Code    30  gd32f1x0_dma.o(i.dma_channel_disable)
    dma_channel_enable                       0x08005b71   Thumb Code    30  gd32f1x0_dma.o(i.dma_channel_enable)
    dma_circulation_disable                  0x08005b95   Thumb Code    30  gd32f1x0_dma.o(i.dma_circulation_disable)
    dma_config                               0x08005bb9   Thumb Code   188  usart.o(i.dma_config)
    dma_deinit                               0x08005c7d   Thumb Code    88  gd32f1x0_dma.o(i.dma_deinit)
    dma_flag_get                             0x08005cd9   Thumb Code    26  gd32f1x0_dma.o(i.dma_flag_get)
    dma_init                                 0x08005cf9   Thumb Code   280  gd32f1x0_dma.o(i.dma_init)
    dma_interrupt_enable                     0x08005e15   Thumb Code    30  gd32f1x0_dma.o(i.dma_interrupt_enable)
    dma_memory_address_config                0x08005e39   Thumb Code    14  gd32f1x0_dma.o(i.dma_memory_address_config)
    dma_memory_to_memory_disable             0x08005e4d   Thumb Code    30  gd32f1x0_dma.o(i.dma_memory_to_memory_disable)
    dma_transfer_number_config               0x08005e71   Thumb Code    18  gd32f1x0_dma.o(i.dma_transfer_number_config)
    exti_init                                0x08005e89   Thumb Code   184  gd32f1x0_exti.o(i.exti_init)
    exti_interrupt_flag_clear                0x08005f45   Thumb Code     6  gd32f1x0_exti.o(i.exti_interrupt_flag_clear)
    exti_interrupt_flag_get                  0x08005f51   Thumb Code    32  gd32f1x0_exti.o(i.exti_interrupt_flag_get)
    fmc_flag_clear                           0x08005f75   Thumb Code     6  gd32f1x0_fmc.o(i.fmc_flag_clear)
    fmc_lock                                 0x08005f81   Thumb Code    14  gd32f1x0_fmc.o(i.fmc_lock)
    fmc_page_erase                           0x08005f95   Thumb Code    66  gd32f1x0_fmc.o(i.fmc_page_erase)
    fmc_unlock                               0x08006031   Thumb Code    22  gd32f1x0_fmc.o(i.fmc_unlock)
    fmc_word_program                         0x08006055   Thumb Code    58  gd32f1x0_fmc.o(i.fmc_word_program)
    fwdgt_config                             0x08006095   Thumb Code    94  gd32f1x0_fwdgt.o(i.fwdgt_config)
    fwdgt_counter_reload                     0x080060fd   Thumb Code    10  gd32f1x0_fwdgt.o(i.fwdgt_counter_reload)
    fwdgt_enable                             0x0800610d   Thumb Code    10  gd32f1x0_fwdgt.o(i.fwdgt_enable)
    gpio_af_set                              0x0800611d   Thumb Code    94  gd32f1x0_gpio.o(i.gpio_af_set)
    gpio_bit_reset                           0x0800617b   Thumb Code     4  gd32f1x0_gpio.o(i.gpio_bit_reset)
    gpio_bit_set                             0x0800617f   Thumb Code     4  gd32f1x0_gpio.o(i.gpio_bit_set)
    gpio_init                                0x08006185   Thumb Code   106  usart.o(i.gpio_init)
    gpio_mode_set                            0x080061f5   Thumb Code    78  gd32f1x0_gpio.o(i.gpio_mode_set)
    gpio_output_bit_get                      0x08006243   Thumb Code    16  gd32f1x0_gpio.o(i.gpio_output_bit_get)
    gpio_output_options_set                  0x08006253   Thumb Code    66  gd32f1x0_gpio.o(i.gpio_output_options_set)
    main                                     0x080062b1   Thumb Code   112  main.o(i.main)
    nvic_irq_enable                          0x08006329   Thumb Code   162  gd32f1x0_misc.o(i.nvic_irq_enable)
    nvic_priority_group_set                  0x080063d5   Thumb Code    10  gd32f1x0_misc.o(i.nvic_priority_group_set)
    nvic_vector_table_set                    0x080063e9   Thumb Code    28  gd32f1x0_misc.o(i.nvic_vector_table_set)
    rcu_clock_freq_get                       0x0800640d   Thumb Code   646  gd32f1x0_rcu.o(i.rcu_clock_freq_get)
    rcu_flag_get                             0x080066b5   Thumb Code    30  gd32f1x0_rcu.o(i.rcu_flag_get)
    rcu_osci_on                              0x080066d9   Thumb Code    28  gd32f1x0_rcu.o(i.rcu_osci_on)
    rcu_osci_stab_wait                       0x080066f9   Thumb Code   262  gd32f1x0_rcu.o(i.rcu_osci_stab_wait)
    rcu_periph_clock_enable                  0x08006805   Thumb Code    28  gd32f1x0_rcu.o(i.rcu_periph_clock_enable)
    rcu_periph_reset_disable                 0x08006825   Thumb Code    28  gd32f1x0_rcu.o(i.rcu_periph_reset_disable)
    rcu_periph_reset_enable                  0x08006845   Thumb Code    28  gd32f1x0_rcu.o(i.rcu_periph_reset_enable)
    spi_crc_polynomial_set                   0x08006865   Thumb Code    12  gd32f1x0_spi.o(i.spi_crc_polynomial_set)
    spi_enable                               0x08006871   Thumb Code    10  gd32f1x0_spi.o(i.spi_enable)
    spi_i2s_data_receive                     0x0800687b   Thumb Code     8  gd32f1x0_spi.o(i.spi_i2s_data_receive)
    spi_i2s_data_transmit                    0x08006883   Thumb Code     4  gd32f1x0_spi.o(i.spi_i2s_data_transmit)
    spi_i2s_deinit                           0x08006889   Thumb Code    82  gd32f1x0_spi.o(i.spi_i2s_deinit)
    spi_i2s_flag_get                         0x080068e1   Thumb Code    16  gd32f1x0_spi.o(i.spi_i2s_flag_get)
    spi_init                                 0x080068f1   Thumb Code    50  gd32f1x0_spi.o(i.spi_init)
    spi_struct_para_init                     0x08006923   Thumb Code    18  gd32f1x0_spi.o(i.spi_struct_para_init)
    spi_write                                0x08006935   Thumb Code    54  rfid_cc1101.o(i.spi_write)
    syscfg_exti_line_config                  0x08006971   Thumb Code   154  gd32f1x0_syscfg.o(i.syscfg_exti_line_config)
    systick_clksource_set                    0x08006abd   Thumb Code    40  gd32f1x0_misc.o(i.systick_clksource_set)
    systick_config                           0x08006ae5   Thumb Code    92  systick.o(i.systick_config)
    timeoverset                              0x08006b5d   Thumb Code     6  usartapp.o(i.timeoverset)
    u16IapExFlashCrc                         0x08006b69   Thumb Code   102  iapupdate.o(i.u16IapExFlashCrc)
    u8IapEraserSector                        0x08006bd9   Thumb Code    20  iapupdate.o(i.u8IapEraserSector)
    u8IapGetPrgSize                          0x08006bed   Thumb Code    66  iapupdate.o(i.u8IapGetPrgSize)
    u8IapGetPrgStorageAddr                   0x08006c39   Thumb Code    66  iapupdate.o(i.u8IapGetPrgStorageAddr)
    u8IapReadBuf                             0x08006c85   Thumb Code    26  iapupdate.o(i.u8IapReadBuf)
    u8IapWriteBuf                            0x08006c9f   Thumb Code    30  iapupdate.o(i.u8IapWriteBuf)
    u8InFlashReadBuf                         0x08006cbd   Thumb Code    26  iapupdate.o(i.u8InFlashReadBuf)
    u8InFlashWriteBuf                        0x08006cd7   Thumb Code   174  iapupdate.o(i.u8InFlashWriteBuf)
    usart_baudrate_set                       0x08006d85   Thumb Code   120  gd32f1x0_usart.o(i.usart_baudrate_set)
    usart_data_receive                       0x08006e01   Thumb Code    10  gd32f1x0_usart.o(i.usart_data_receive)
    usart_deinit                             0x08006e0d   Thumb Code    58  gd32f1x0_usart.o(i.usart_deinit)
    usart_dma_receive_config                 0x08006e4d   Thumb Code    16  gd32f1x0_usart.o(i.usart_dma_receive_config)
    usart_dma_send                           0x08006e5d   Thumb Code    58  usart.o(i.usart_dma_send)
    usart_dma_transmit_config                0x08006e9d   Thumb Code    16  gd32f1x0_usart.o(i.usart_dma_transmit_config)
    usart_enable                             0x08006ead   Thumb Code    10  gd32f1x0_usart.o(i.usart_enable)
    usart_flag_get                           0x08006eb7   Thumb Code    30  gd32f1x0_usart.o(i.usart_flag_get)
    usart_init                               0x08006ed5   Thumb Code   158  usart.o(i.usart_init)
    usart_interrupt_enable                   0x08006f81   Thumb Code    26  gd32f1x0_usart.o(i.usart_interrupt_enable)
    usart_interrupt_flag_clear               0x08006f9b   Thumb Code    18  gd32f1x0_usart.o(i.usart_interrupt_flag_clear)
    usart_receive_config                     0x08006fad   Thumb Code    16  gd32f1x0_usart.o(i.usart_receive_config)
    usart_transmit_config                    0x08006fbd   Thumb Code    16  gd32f1x0_usart.o(i.usart_transmit_config)
    vIapJumpToBoot                           0x08006fcd   Thumb Code    84  iapupdate.o(i.vIapJumpToBoot)
    vInFlashErasePage                        0x0800702d   Thumb Code    86  iapupdate.o(i.vInFlashErasePage)
    u16CrcUsarttab                           0x08007082   Data         512  usart.o(.constdata)
    uc8Patabel                               0x08007282   Data           8  rfid_cc1101.o(.constdata)
    st_RfConfigIndex                         0x0800728a   Data          34  rfid_cc1101.o(.constdata)
    s_u8RFOutputPowerCfgTab                  0x080072ac   Data           8  rfid_cc1101.o(.constdata)
    s_u8RFCReg_MCSM2                         0x080072ba   Data           2  rfid_cc1101.o(.constdata)
    s_u8RFCReg_MDMCFG4                       0x080072bc   Data           2  rfid_cc1101.o(.constdata)
    s_u8RFCReg_MDMCFG3                       0x080072be   Data           2  rfid_cc1101.o(.constdata)
    s_u8RFCReg_FSCAL3                        0x080072c0   Data           2  rfid_cc1101.o(.constdata)
    s_u8RFCReg_TEST2                         0x080072c2   Data           2  rfid_cc1101.o(.constdata)
    s_u8RFCReg_TEST1                         0x080072c4   Data           2  rfid_cc1101.o(.constdata)
    s_u8RFCReg_DEVIATN                       0x080072c6   Data           2  rfid_cc1101.o(.constdata)
    u16Crc16tab                              0x080074b8   Data         512  iapupdate.o(.constdata)
    Region$$Table$$Base                      0x080076b8   Number         0  anon$$obj.o(Region$$Table)
    Region$$Table$$Limit                     0x080076d8   Number         0  anon$$obj.o(Region$$Table)
    time                                     0x20000000   Data           2  main.o(.data)
    tmpTxWrtPtr                              0x20000010   Data           1  usart.o(.data)
    USARTWIRELESSRxWrtPtr                    0x20000011   Data           1  usart.o(.data)
    USARTWIRELESSRxRdPtr                     0x20000012   Data           1  usart.o(.data)
    Version                                  0x20000014   Data           7  usartapp.o(.data)
    SC_RFID_ADDR                             0x2000001b   Data           1  usartapp.o(.data)
    USARTWIRELESSTxWrtPtr                    0x2000001c   Data           1  usartapp.o(.data)
    USARTWIRELESSTxRdPtr                     0x2000001d   Data           1  usartapp.o(.data)
    u32RecvBaseAddr                          0x20000020   Data           4  usartapp.o(.data)
    u32RecvOffsetAddr                        0x20000024   Data           4  usartapp.o(.data)
    u32RecvTotalPacketNumb                   0x20000028   Data           4  usartapp.o(.data)
    u32NowRecvPacketNumbVERSION              0x2000002c   Data           4  usartapp.o(.data)
    u32NowRecvPacketNumbCODE                 0x20000030   Data           4  usartapp.o(.data)
    u32RecvProgLength                        0x20000034   Data           4  usartapp.o(.data)
    u32DevType                               0x20000038   Data           4  usartapp.o(.data)
    u32TargetType                            0x2000003c   Data           4  usartapp.o(.data)
    u32timeover                              0x20000040   Data           4  usartapp.o(.data)
    vu32GDO2IntFlag                          0x2000004c   Data           4  rfid_cc1101.o(.data)
    vu32GDO0IntFlag                          0x20000050   Data           4  rfid_cc1101.o(.data)
    st_RfConfig                              0x20000054   Data          34  rfid_cc1101.o(.data)
    g_u8RFVelocityIdx                        0x20000076   Data           1  rfid_cc1101.o(.data)
    g_u16RunningMode                         0x20000078   Data           2  rfid_cc1101.o(.data)
    st_RFChipPar                             0x2000007a   Data           6  rfid_cc1101.o(.data)
    u8RcvLength                              0x20000080   Data           1  rfid_cc1101.o(.data)
    u32RcvFrmPoolWritePtr                    0x20000084   Data           4  rfid_cc1101.o(.data)
    u32RcvFrmPoolReadPtr                     0x20000088   Data           4  rfid_cc1101.o(.data)
    u32RcvFrmPoolCnt                         0x2000008c   Data           4  rfid_cc1101.o(.data)
    vu32CC1100State                          0x20000090   Data           4  rfid_cc1101.o(.data)
    RcvedBackCallFunc                        0x20000094   Data           4  rfid_cc1101.o(.data)
    ReciveRSSIData                           0x20000098   Data           1  rfid_driver.o(.data)
    SystemCoreClock                          0x200000a8   Data           4  system_gd32f1x0.o(.data)
    UsartReveiveDataBuf                      0x200000ac   Data         140  usart.o(.bss)
    USARTWIRELESSRxBuf                       0x20000138   Data        1360  usart.o(.bss)
    USARTWIRLELESSTxBuf                      0x20000688   Data        1360  usartapp.o(.bss)
    u8RcvData                                0x20000bd8   Data         264  rfid_cc1101.o(.bss)
    st_RFIDRcvFrmPool                        0x20000ce0   Data         680  rfid_cc1101.o(.bss)
    __initial_sp                             0x200013a8   Data           0  startup_gd32f1x0.o(STACK)



==============================================================================

Memory Map of the image

  Image Entry point : 0x08004169

  Load Region LR_IROM1 (Base: 0x08004000, Size: 0x00003784, Max: 0x0000d800, ABSOLUTE)

    Execution Region ER_IROM1 (Exec base: 0x08004000, Load base: 0x08004000, Size: 0x000036d8, Max: 0x0000d800, ABSOLUTE)

    Exec Addr    Load Addr    Size         Type   Attr      Idx    E Section Name        Object

    0x08004000   0x08004000   0x00000168   Data   RO         3173    RESET               startup_gd32f1x0.o
    0x08004168   0x08004168   0x00000000   Code   RO         3178  * .ARM.Collect$$$$00000000  mc_w.l(entry.o)
    0x08004168   0x08004168   0x00000004   Code   RO         3199    .ARM.Collect$$$$00000001  mc_w.l(entry2.o)
    0x0800416c   0x0800416c   0x00000004   Code   RO         3202    .ARM.Collect$$$$00000004  mc_w.l(entry5.o)
    0x08004170   0x08004170   0x00000000   Code   RO         3204    .ARM.Collect$$$$00000008  mc_w.l(entry7b.o)
    0x08004170   0x08004170   0x00000000   Code   RO         3206    .ARM.Collect$$$$0000000A  mc_w.l(entry8b.o)
    0x08004170   0x08004170   0x00000008   Code   RO         3207    .ARM.Collect$$$$0000000B  mc_w.l(entry9a.o)
    0x08004178   0x08004178   0x00000004   Code   RO         3214    .ARM.Collect$$$$0000000E  mc_w.l(entry12b.o)
    0x0800417c   0x0800417c   0x00000000   Code   RO         3209    .ARM.Collect$$$$0000000F  mc_w.l(entry10a.o)
    0x0800417c   0x0800417c   0x00000000   Code   RO         3211    .ARM.Collect$$$$00000011  mc_w.l(entry11a.o)
    0x0800417c   0x0800417c   0x00000004   Code   RO         3200    .ARM.Collect$$$$00002712  mc_w.l(entry2.o)
    0x08004180   0x08004180   0x00000024   Code   RO         3174    .text               startup_gd32f1x0.o
    0x080041a4   0x080041a4   0x00000040   Code   RO         3183    .text               mc_w.l(memmovea.o)
    0x080041e4   0x080041e4   0x00000024   Code   RO         3185    .text               mc_w.l(memseta.o)
    0x08004208   0x08004208   0x00000064   Code   RO         3191    .text               mf_w.l(fmul.o)
    0x0800426c   0x0800426c   0x0000007c   Code   RO         3193    .text               mf_w.l(fdiv.o)
    0x080042e8   0x080042e8   0x0000000a   Code   RO         3195    .text               mf_w.l(ffltui.o)
    0x080042f2   0x080042f2   0x00000028   Code   RO         3197    .text               mf_w.l(ffixui.o)
    0x0800431a   0x0800431a   0x00000000   Code   RO         3215    .text               mc_w.l(iusefp.o)
    0x0800431a   0x0800431a   0x0000006e   Code   RO         3216    .text               mf_w.l(fepilogue.o)
    0x08004388   0x08004388   0x00000024   Code   RO         3218    .text               mc_w.l(init.o)
    0x080043ac   0x080043ac   0x00000004   Code   RO          164    i.BusFault_Handler  gd32f1x0_it.o
    0x080043b0   0x080043b0   0x00000030   Code   RO          287    i.Crc16UsartReceiveChick  usart.o
    0x080043e0   0x080043e0   0x00000002   Code   RO          165    i.DebugMon_Handler  gd32f1x0_it.o
    0x080043e2   0x080043e2   0x00000002   PAD
    0x080043e4   0x080043e4   0x00000054   Code   RO          484    i.EXTI0_1_IRQHandler  rfid_cc1101.o
    0x08004438   0x08004438   0x000000d4   Code   RO          485    i.EXTI4_15_IRQHandler  rfid_cc1101.o
    0x0800450c   0x0800450c   0x00000018   Code   RO          353    i.FunctionSet       usartapp.o
    0x08004524   0x08004524   0x00000008   Code   RO          689    i.GetRfidCurStatus  rfid_driver.o
    0x0800452c   0x0800452c   0x00000030   Code   RO          354    i.GetSetInformationData  usartapp.o
    0x0800455c   0x0800455c   0x00000058   Code   RO          355    i.GetSetdata        usartapp.o
    0x080045b4   0x080045b4   0x00000036   Code   RO          356    i.GetWirelesstData  usartapp.o
    0x080045ea   0x080045ea   0x00000004   Code   RO          166    i.HardFault_Handler  gd32f1x0_it.o
    0x080045ee   0x080045ee   0x00000002   PAD
    0x080045f0   0x080045f0   0x00000130   Code   RO          357    i.InsUsartTrsQueue  usartapp.o
    0x08004720   0x08004720   0x00000004   Code   RO          167    i.MemManage_Handler  gd32f1x0_it.o
    0x08004724   0x08004724   0x00000002   Code   RO          168    i.NMI_Handler       gd32f1x0_it.o
    0x08004726   0x08004726   0x00000002   PAD
    0x08004728   0x08004728   0x00000040   Code   RO          358    i.NVIC_SystemReset  usartapp.o
    0x08004768   0x08004768   0x00000002   Code   RO          169    i.PendSV_Handler    gd32f1x0_it.o
    0x0800476a   0x0800476a   0x0000002e   Code   RO          486    i.RFCtrlSetIDLE     rfid_cc1101.o
    0x08004798   0x08004798   0x00000058   Code   RO          487    i.RFID_GetFrame     rfid_cc1101.o
    0x080047f0   0x080047f0   0x00000050   Code   RO          488    i.RFID_HarewreInit  rfid_cc1101.o
    0x08004840   0x08004840   0x0000002c   Code   RO          692    i.RFID_Init         rfid_driver.o
    0x0800486c   0x0800486c   0x00000048   Code   RO          693    i.RFID_SendData     rfid_driver.o
    0x080048b4   0x080048b4   0x000000f0   Code   RO          489    i.RFTxSendPacket    rfid_cc1101.o
    0x080049a4   0x080049a4   0x000000b0   Code   RO          360    i.RecvUsartDataProc  usartapp.o
    0x08004a54   0x08004a54   0x0000001a   Code   RO          490    i.RfidChipReset     rfid_cc1101.o
    0x08004a6e   0x08004a6e   0x00000002   PAD
    0x08004a70   0x08004a70   0x000000a8   Code   RO          491    i.RfidConfig        rfid_cc1101.o
    0x08004b18   0x08004b18   0x00000080   Code   RO          694    i.RfidGDOxIntInit   rfid_driver.o
    0x08004b98   0x08004b98   0x0000000a   Code   RO          492    i.RfidGetTxStatus   rfid_cc1101.o
    0x08004ba2   0x08004ba2   0x00000012   Code   RO          494    i.RfidReadFifo      rfid_cc1101.o
    0x08004bb4   0x08004bb4   0x00000086   Code   RO          495    i.RfidReadFifoProc  rfid_cc1101.o
    0x08004c3a   0x08004c3a   0x00000016   Code   RO          496    i.RfidReadStatusReg  rfid_cc1101.o
    0x08004c50   0x08004c50   0x00000084   Code   RO          497    i.RfidRxRegInit     rfid_cc1101.o
    0x08004cd4   0x08004cd4   0x00000088   Code   RO          695    i.RfidSpiConfig     rfid_driver.o
    0x08004d5c   0x08004d5c   0x00000008   Code   RO          696    i.RfidSpiInit       rfid_driver.o
    0x08004d64   0x08004d64   0x0000001c   Code   RO          498    i.RfidSpiWrite      rfid_cc1101.o
    0x08004d80   0x08004d80   0x0000006c   Code   RO          499    i.RfidStrobe        rfid_cc1101.o
    0x08004dec   0x08004dec   0x00000012   Code   RO          501    i.RfidWriteFifo     rfid_cc1101.o
    0x08004dfe   0x08004dfe   0x00000010   Code   RO          502    i.RfidWriteReg      rfid_cc1101.o
    0x08004e0e   0x08004e0e   0x00000002   Code   RO          170    i.SVC_Handler       gd32f1x0_it.o
    0x08004e10   0x08004e10   0x00000080   Code   RO          361    i.SendHeartBeatData  usartapp.o
    0x08004e90   0x08004e90   0x00000030   Code   RO          362    i.SendResponseData  usartapp.o
    0x08004ec0   0x08004ec0   0x00000028   Code   RO          363    i.SendStartData     usartapp.o
    0x08004ee8   0x08004ee8   0x000000a0   Code   RO          364    i.SendUsartDataProc  usartapp.o
    0x08004f88   0x08004f88   0x0000003c   Code   RO          365    i.SendWirelesstData  usartapp.o
    0x08004fc4   0x08004fc4   0x00000052   Code   RO          503    i.SetRFChipIdle     rfid_cc1101.o
    0x08005016   0x08005016   0x0000000a   Code   RO          699    i.SetRfidSRX        rfid_driver.o
    0x08005020   0x08005020   0x0000002a   Code   RO          507    i.SetRxMode         rfid_cc1101.o
    0x0800504a   0x0800504a   0x00000002   PAD
    0x0800504c   0x0800504c   0x00000070   Code   RO          508    i.SpiMcuRead        rfid_cc1101.o
    0x080050bc   0x080050bc   0x0000006c   Code   RO          509    i.SpiMcuWrite       rfid_cc1101.o
    0x08005128   0x08005128   0x00000048   Code   RO          510    i.SpiResetChipSingle  rfid_cc1101.o
    0x08005170   0x08005170   0x00000008   Code   RO          171    i.SysTick_Handler   gd32f1x0_it.o
    0x08005178   0x08005178   0x000000e0   Code   RO          971    i.SystemInit        system_gd32f1x0.o
    0x08005258   0x08005258   0x00000034   Code   RO          366    i.TimeFun           usartapp.o
    0x0800528c   0x0800528c   0x00000138   Code   RO          288    i.USART0_IRQHandler  usart.o
    0x080053c4   0x080053c4   0x00000044   Code   RO          367    i.UpdataInit        usartapp.o
    0x08005408   0x08005408   0x00000004   Code   RO          172    i.UsageFault_Handler  gd32f1x0_it.o
    0x0800540c   0x0800540c   0x00000060   Code   RO          289    i.UsartFetchData    usart.o
    0x0800546c   0x0800546c   0x000003e8   Code   RO          368    i.UsartRecvProgProc  usartapp.o
    0x08005854   0x08005854   0x00000008   Code   RO            4    i.WDGT_Feed         main.o
    0x0800585c   0x0800585c   0x00000014   Code   RO            5    i.WDGT_Init         main.o
    0x08005870   0x08005870   0x00000060   Code   RO          701    i.WL_ReceiveData    rfid_driver.o
    0x080058d0   0x080058d0   0x0000001e   Code   RO          702    i.WL_SendData       rfid_driver.o
    0x080058ee   0x080058ee   0x00000026   Code   RO          511    i.WaitGPIOReset     rfid_cc1101.o
    0x08005914   0x08005914   0x00000140   Code   RO          801    i.Wl_RxDataProc     wireless.o
    0x08005a54   0x08005a54   0x0000000e   Code   RO         3222    i.__scatterload_copy  mc_w.l(handlers.o)
    0x08005a62   0x08005a62   0x00000002   Code   RO         3223    i.__scatterload_null  mc_w.l(handlers.o)
    0x08005a64   0x08005a64   0x0000000e   Code   RO         3224    i.__scatterload_zeroinit  mc_w.l(handlers.o)
    0x08005a72   0x08005a72   0x00000002   PAD
    0x08005a74   0x08005a74   0x00000060   Code   RO          239    i.delay_1ms         systick.o
    0x08005ad4   0x08005ad4   0x00000060   Code   RO          240    i.delay_1us         systick.o
    0x08005b34   0x08005b34   0x00000018   Code   RO          241    i.delay_decrement   systick.o
    0x08005b4c   0x08005b4c   0x00000024   Code   RO         1016    i.dma_channel_disable  gd32f1x0_dma.o
    0x08005b70   0x08005b70   0x00000024   Code   RO         1017    i.dma_channel_enable  gd32f1x0_dma.o
    0x08005b94   0x08005b94   0x00000024   Code   RO         1018    i.dma_circulation_disable  gd32f1x0_dma.o
    0x08005bb8   0x08005bb8   0x000000c4   Code   RO          290    i.dma_config        usart.o
    0x08005c7c   0x08005c7c   0x0000005c   Code   RO         1020    i.dma_deinit        gd32f1x0_dma.o
    0x08005cd8   0x08005cd8   0x00000020   Code   RO         1022    i.dma_flag_get      gd32f1x0_dma.o
    0x08005cf8   0x08005cf8   0x0000011c   Code   RO         1023    i.dma_init          gd32f1x0_dma.o
    0x08005e14   0x08005e14   0x00000024   Code   RO         1025    i.dma_interrupt_enable  gd32f1x0_dma.o
    0x08005e38   0x08005e38   0x00000014   Code   RO         1028    i.dma_memory_address_config  gd32f1x0_dma.o
    0x08005e4c   0x08005e4c   0x00000024   Code   RO         1031    i.dma_memory_to_memory_disable  gd32f1x0_dma.o
    0x08005e70   0x08005e70   0x00000018   Code   RO         1041    i.dma_transfer_number_config  gd32f1x0_dma.o
    0x08005e88   0x08005e88   0x000000bc   Code   RO         1201    i.exti_init         gd32f1x0_exti.o
    0x08005f44   0x08005f44   0x0000000c   Code   RO         1204    i.exti_interrupt_flag_clear  gd32f1x0_exti.o
    0x08005f50   0x08005f50   0x00000024   Code   RO         1205    i.exti_interrupt_flag_get  gd32f1x0_exti.o
    0x08005f74   0x08005f74   0x0000000c   Code   RO         2912    i.fmc_flag_clear    gd32f1x0_fmc.o
    0x08005f80   0x08005f80   0x00000014   Code   RO         2919    i.fmc_lock          gd32f1x0_fmc.o
    0x08005f94   0x08005f94   0x00000048   Code   RO         2921    i.fmc_page_erase    gd32f1x0_fmc.o
    0x08005fdc   0x08005fdc   0x00000022   Code   RO         2922    i.fmc_ready_wait    gd32f1x0_fmc.o
    0x08005ffe   0x08005ffe   0x00000002   PAD
    0x08006000   0x08006000   0x00000030   Code   RO         2923    i.fmc_state_get     gd32f1x0_fmc.o
    0x08006030   0x08006030   0x00000024   Code   RO         2924    i.fmc_unlock        gd32f1x0_fmc.o
    0x08006054   0x08006054   0x00000040   Code   RO         2927    i.fmc_word_program  gd32f1x0_fmc.o
    0x08006094   0x08006094   0x00000068   Code   RO         3102    i.fwdgt_config      gd32f1x0_fwdgt.o
    0x080060fc   0x080060fc   0x00000010   Code   RO         3103    i.fwdgt_counter_reload  gd32f1x0_fwdgt.o
    0x0800610c   0x0800610c   0x00000010   Code   RO         3104    i.fwdgt_enable      gd32f1x0_fwdgt.o
    0x0800611c   0x0800611c   0x0000005e   Code   RO         1286    i.gpio_af_set       gd32f1x0_gpio.o
    0x0800617a   0x0800617a   0x00000004   Code   RO         1287    i.gpio_bit_reset    gd32f1x0_gpio.o
    0x0800617e   0x0800617e   0x00000004   Code   RO         1288    i.gpio_bit_set      gd32f1x0_gpio.o
    0x08006182   0x08006182   0x00000002   PAD
    0x08006184   0x08006184   0x00000070   Code   RO          291    i.gpio_init         usart.o
    0x080061f4   0x080061f4   0x0000004e   Code   RO         1293    i.gpio_mode_set     gd32f1x0_gpio.o
    0x08006242   0x08006242   0x00000010   Code   RO         1294    i.gpio_output_bit_get  gd32f1x0_gpio.o
    0x08006252   0x08006252   0x00000042   Code   RO         1295    i.gpio_output_options_set  gd32f1x0_gpio.o
    0x08006294   0x08006294   0x0000001a   Code   RO            6    i.irc40k_config     main.o
    0x080062ae   0x080062ae   0x00000002   PAD
    0x080062b0   0x080062b0   0x00000078   Code   RO            7    i.main              main.o
    0x08006328   0x08006328   0x000000ac   Code   RO         2583    i.nvic_irq_enable   gd32f1x0_misc.o
    0x080063d4   0x080063d4   0x00000014   Code   RO         2584    i.nvic_priority_group_set  gd32f1x0_misc.o
    0x080063e8   0x080063e8   0x00000024   Code   RO         2585    i.nvic_vector_table_set  gd32f1x0_misc.o
    0x0800640c   0x0800640c   0x000002a8   Code   RO         2651    i.rcu_clock_freq_get  gd32f1x0_rcu.o
    0x080066b4   0x080066b4   0x00000024   Code   RO         2654    i.rcu_flag_get      gd32f1x0_rcu.o
    0x080066d8   0x080066d8   0x00000020   Code   RO         2668    i.rcu_osci_on       gd32f1x0_rcu.o
    0x080066f8   0x080066f8   0x0000010c   Code   RO         2669    i.rcu_osci_stab_wait  gd32f1x0_rcu.o
    0x08006804   0x08006804   0x00000020   Code   RO         2671    i.rcu_periph_clock_enable  gd32f1x0_rcu.o
    0x08006824   0x08006824   0x00000020   Code   RO         2674    i.rcu_periph_reset_disable  gd32f1x0_rcu.o
    0x08006844   0x08006844   0x00000020   Code   RO         2675    i.rcu_periph_reset_enable  gd32f1x0_rcu.o
    0x08006864   0x08006864   0x0000000c   Code   RO         1393    i.spi_crc_polynomial_set  gd32f1x0_spi.o
    0x08006870   0x08006870   0x0000000a   Code   RO         1397    i.spi_enable        gd32f1x0_spi.o
    0x0800687a   0x0800687a   0x00000008   Code   RO         1399    i.spi_i2s_data_receive  gd32f1x0_spi.o
    0x08006882   0x08006882   0x00000004   Code   RO         1400    i.spi_i2s_data_transmit  gd32f1x0_spi.o
    0x08006886   0x08006886   0x00000002   PAD
    0x08006888   0x08006888   0x00000058   Code   RO         1401    i.spi_i2s_deinit    gd32f1x0_spi.o
    0x080068e0   0x080068e0   0x00000010   Code   RO         1402    i.spi_i2s_flag_get  gd32f1x0_spi.o
    0x080068f0   0x080068f0   0x00000032   Code   RO         1406    i.spi_init          gd32f1x0_spi.o
    0x08006922   0x08006922   0x00000012   Code   RO         1411    i.spi_struct_para_init  gd32f1x0_spi.o
    0x08006934   0x08006934   0x0000003c   Code   RO          512    i.spi_write         rfid_cc1101.o
    0x08006970   0x08006970   0x000000a0   Code   RO         1583    i.syscfg_exti_line_config  gd32f1x0_syscfg.o
    0x08006a10   0x08006a10   0x000000a4   Code   RO          972    i.system_clock_72m_hxtal  system_gd32f1x0.o
    0x08006ab4   0x08006ab4   0x00000008   Code   RO          973    i.system_clock_config  system_gd32f1x0.o
    0x08006abc   0x08006abc   0x00000028   Code   RO         2588    i.systick_clksource_set  gd32f1x0_misc.o
    0x08006ae4   0x08006ae4   0x00000078   Code   RO          242    i.systick_config    systick.o
    0x08006b5c   0x08006b5c   0x0000000c   Code   RO          369    i.timeoverset       usartapp.o
    0x08006b68   0x08006b68   0x00000070   Code   RO          827    i.u16IapExFlashCrc  iapupdate.o
    0x08006bd8   0x08006bd8   0x00000014   Code   RO          833    i.u8IapEraserSector  iapupdate.o
    0x08006bec   0x08006bec   0x0000004c   Code   RO          834    i.u8IapGetPrgSize   iapupdate.o
    0x08006c38   0x08006c38   0x0000004c   Code   RO          835    i.u8IapGetPrgStorageAddr  iapupdate.o
    0x08006c84   0x08006c84   0x0000001a   Code   RO          836    i.u8IapReadBuf      iapupdate.o
    0x08006c9e   0x08006c9e   0x0000001e   Code   RO          837    i.u8IapWriteBuf     iapupdate.o
    0x08006cbc   0x08006cbc   0x0000001a   Code   RO          838    i.u8InFlashReadBuf  iapupdate.o
    0x08006cd6   0x08006cd6   0x000000ae   Code   RO          839    i.u8InFlashWriteBuf  iapupdate.o
    0x08006d84   0x08006d84   0x0000007c   Code   RO         2101    i.usart_baudrate_set  gd32f1x0_usart.o
    0x08006e00   0x08006e00   0x0000000a   Code   RO         2107    i.usart_data_receive  gd32f1x0_usart.o
    0x08006e0a   0x08006e0a   0x00000002   PAD
    0x08006e0c   0x08006e0c   0x00000040   Code   RO         2109    i.usart_deinit      gd32f1x0_usart.o
    0x08006e4c   0x08006e4c   0x00000010   Code   RO         2112    i.usart_dma_receive_config  gd32f1x0_usart.o
    0x08006e5c   0x08006e5c   0x00000040   Code   RO          292    i.usart_dma_send    usart.o
    0x08006e9c   0x08006e9c   0x00000010   Code   RO         2113    i.usart_dma_transmit_config  gd32f1x0_usart.o
    0x08006eac   0x08006eac   0x0000000a   Code   RO         2116    i.usart_enable      gd32f1x0_usart.o
    0x08006eb6   0x08006eb6   0x0000001e   Code   RO         2118    i.usart_flag_get    gd32f1x0_usart.o
    0x08006ed4   0x08006ed4   0x000000ac   Code   RO          293    i.usart_init        usart.o
    0x08006f80   0x08006f80   0x0000001a   Code   RO         2125    i.usart_interrupt_enable  gd32f1x0_usart.o
    0x08006f9a   0x08006f9a   0x00000012   Code   RO         2126    i.usart_interrupt_flag_clear  gd32f1x0_usart.o
    0x08006fac   0x08006fac   0x00000010   Code   RO         2143    i.usart_receive_config  gd32f1x0_usart.o
    0x08006fbc   0x08006fbc   0x00000010   Code   RO         2159    i.usart_transmit_config  gd32f1x0_usart.o
    0x08006fcc   0x08006fcc   0x00000060   Code   RO          843    i.vIapJumpToBoot    iapupdate.o
    0x0800702c   0x0800702c   0x00000056   Code   RO          844    i.vInFlashErasePage  iapupdate.o
    0x08007082   0x08007082   0x00000200   Data   RO          295    .constdata          usart.o
    0x08007282   0x08007282   0x00000046   Data   RO          514    .constdata          rfid_cc1101.o
    0x080072c8   0x080072c8   0x000003f0   Data   RO          846    .constdata          iapupdate.o
    0x080076b8   0x080076b8   0x00000020   Data   RO         3220    Region$$Table       anon$$obj.o


    Execution Region RW_IRAM1 (Exec base: 0x20000000, Load base: 0x080076d8, Size: 0x000013a8, Max: 0x00002000, ABSOLUTE)

    Exec Addr    Load Addr    Size         Type   Attr      Idx    E Section Name        Object

    0x20000000   0x080076d8   0x00000002   Data   RW            8    .data               main.o
    0x20000002   0x080076da   0x00000002   PAD
    0x20000004   0x080076dc   0x0000000c   Data   RW          243    .data               systick.o
    0x20000010   0x080076e8   0x00000003   Data   RW          296    .data               usart.o
    0x20000013   0x080076eb   0x00000001   PAD
    0x20000014   0x080076ec   0x00000037   Data   RW          371    .data               usartapp.o
    0x2000004b   0x08007723   0x00000001   PAD
    0x2000004c   0x08007724   0x0000004c   Data   RW          515    .data               rfid_cc1101.o
    0x20000098   0x08007770   0x00000001   Data   RW          704    .data               rfid_driver.o
    0x20000099   0x08007771   0x00000003   PAD
    0x2000009c   0x08007774   0x0000000c   Data   RW          802    .data               wireless.o
    0x200000a8   0x08007780   0x00000004   Data   RW          974    .data               system_gd32f1x0.o
    0x200000ac        -       0x000005dc   Zero   RW          294    .bss                usart.o
    0x20000688        -       0x00000550   Zero   RW          370    .bss                usartapp.o
    0x20000bd8        -       0x000003b0   Zero   RW          513    .bss                rfid_cc1101.o
    0x20000f88        -       0x00000020   Zero   RW          845    .bss                iapupdate.o
    0x20000fa8        -       0x00000400   Zero   RW         3171    STACK               startup_gd32f1x0.o


==============================================================================

Image component sizes


      Code (inc. data)   RO Data    RW Data    ZI Data      Debug   Object Name

       632         56          0          0          0       7063   gd32f1x0_dma.o
       236         14          0          0          0       2158   gd32f1x0_exti.o
       286         42          0          0          0       4449   gd32f1x0_fmc.o
       136         22          0          0          0       2041   gd32f1x0_fwdgt.o
       262          0          0          0          0       4542   gd32f1x0_gpio.o
        32          0          0          0          0       4126   gd32f1x0_it.o
       268         28          0          0          0       2828   gd32f1x0_misc.o
      1112         70          0          0          0       6134   gd32f1x0_rcu.o
       206          6          0          0          0       5839   gd32f1x0_spi.o
       160          6          0          0          0        814   gd32f1x0_syscfg.o
       346         10          0          0          0       7613   gd32f1x0_usart.o
       722         42       1008          0         32      33252   iapupdate.o
       174          8          0          2          0      62202   main.o
      1944        140         70         76        944      23341   rfid_cc1101.o
       532         28          0          1          0       6345   rfid_driver.o
        36          8        360          0       1024        892   startup_gd32f1x0.o
       396         32          0          4          0       3055   system_gd32f1x0.o
       336         46          0         12          0      26310   systick.o
      1000         72        512          3       1500       5215   usart.o
      2326        160          0         55       1360      14828   usartapp.o
       320         20          0         12          0        952   wireless.o

    ----------------------------------------------------------------------
     11482        810       1982        172       4860     223999   Object Totals
         0          0         32          0          0          0   (incl. Generated)
        20          0          0          7          0          0   (incl. Padding)

    ----------------------------------------------------------------------

      Code (inc. data)   RO Data    RW Data    ZI Data      Debug   Library Member Name

         0          0          0          0          0          0   entry.o
         0          0          0          0          0          0   entry10a.o
         0          0          0          0          0          0   entry11a.o
         4          0          0          0          0          0   entry12b.o
         8          4          0          0          0          0   entry2.o
         4          0          0          0          0          0   entry5.o
         0          0          0          0          0          0   entry7b.o
         0          0          0          0          0          0   entry8b.o
         8          4          0          0          0          0   entry9a.o
        30          0          0          0          0          0   handlers.o
        36          8          0          0          0         68   init.o
         0          0          0          0          0          0   iusefp.o
        64          0          0          0          0         76   memmovea.o
        36          0          0          0          0        108   memseta.o
       124          0          0          0          0         88   fdiv.o
       110          0          0          0          0        168   fepilogue.o
        40          0          0          0          0         68   ffixui.o
        10          0          0          0          0         68   ffltui.o
       100          0          0          0          0         76   fmul.o

    ----------------------------------------------------------------------
       576         16          0          0          0        720   Library Totals
         2          0          0          0          0          0   (incl. Padding)

    ----------------------------------------------------------------------

      Code (inc. data)   RO Data    RW Data    ZI Data      Debug   Library Name

       190         16          0          0          0        252   mc_w.l
       384          0          0          0          0        468   mf_w.l

    ----------------------------------------------------------------------
       576         16          0          0          0        720   Library Totals

    ----------------------------------------------------------------------

==============================================================================


      Code (inc. data)   RO Data    RW Data    ZI Data      Debug   

     12058        826       1982        172       4860     217123   Grand Totals
     12058        826       1982        172       4860     217123   ELF Image Totals
     12058        826       1982        172          0          0   ROM Totals

==============================================================================

    Total RO  Size (Code + RO Data)                14040 (  13.71kB)
    Total RW  Size (RW Data + ZI Data)              5032 (   4.91kB)
    Total ROM Size (Code + RO Data + RW Data)      14212 (  13.88kB)

==============================================================================

