<!doctype html public "-//w3c//dtd html 4.0 transitional//en">
<html><head>
<title>Static Call Graph - [.\output\Project.axf]</title></head>
<body><HR>
<H1>Static Call Graph for image .\output\Project.axf</H1><HR>
<BR><P>#&#060CALLGRAPH&#062# ARM Linker, 5060960: Last Updated: Tue Aug 23 15:16:02 2022
<BR><P>
<H3>Maximum Stack Usage =        144 bytes + Unknown(Cycles, Untraceable Function Pointers)</H3><H3>
Call chain for Maximum Stack Depth:</H3>
main &rArr; gd_eval_com_init &rArr; usart_baudrate_set &rArr; rcu_clock_freq_get
<P>
<H3>
Mutually Recursive functions
</H3> <LI><a href="#[16]">ADC_CMP_IRQHandler</a>&nbsp;&nbsp;&nbsp;&rArr;&nbsp;&nbsp;&nbsp;<a href="#[16]">ADC_CMP_IRQHandler</a><BR>
</UL>
<P>
<H3>
Function Pointers
</H3><UL>
 <LI><a href="#[16]">ADC_CMP_IRQHandler</a> from startup_gd32f1x0.o(.text) referenced from startup_gd32f1x0.o(RESET)
 <LI><a href="#[4]">BusFault_Handler</a> from gd32f1x0_it.o(i.BusFault_Handler) referenced from startup_gd32f1x0.o(RESET)
 <LI><a href="#[2f]">CAN0_RX0_IRQHandler</a> from startup_gd32f1x0.o(.text) referenced from startup_gd32f1x0.o(RESET)
 <LI><a href="#[30]">CAN0_RX1_IRQHandler</a> from startup_gd32f1x0.o(.text) referenced from startup_gd32f1x0.o(RESET)
 <LI><a href="#[31]">CAN0_SCE_IRQHandler</a> from startup_gd32f1x0.o(.text) referenced from startup_gd32f1x0.o(RESET)
 <LI><a href="#[2e]">CAN0_TX_IRQHandler</a> from startup_gd32f1x0.o(.text) referenced from startup_gd32f1x0.o(RESET)
 <LI><a href="#[36]">CAN1_RX0_IRQHandler</a> from startup_gd32f1x0.o(.text) referenced from startup_gd32f1x0.o(RESET)
 <LI><a href="#[37]">CAN1_RX1_IRQHandler</a> from startup_gd32f1x0.o(.text) referenced from startup_gd32f1x0.o(RESET)
 <LI><a href="#[38]">CAN1_SCE_IRQHandler</a> from startup_gd32f1x0.o(.text) referenced from startup_gd32f1x0.o(RESET)
 <LI><a href="#[35]">CAN1_TX_IRQHandler</a> from startup_gd32f1x0.o(.text) referenced from startup_gd32f1x0.o(RESET)
 <LI><a href="#[26]">CEC_IRQHandler</a> from startup_gd32f1x0.o(.text) referenced from startup_gd32f1x0.o(RESET)
 <LI><a href="#[13]">DMA_Channel0_IRQHandler</a> from startup_gd32f1x0.o(.text) referenced from startup_gd32f1x0.o(RESET)
 <LI><a href="#[14]">DMA_Channel1_2_IRQHandler</a> from startup_gd32f1x0.o(.text) referenced from startup_gd32f1x0.o(RESET)
 <LI><a href="#[15]">DMA_Channel3_4_IRQHandler</a> from startup_gd32f1x0.o(.text) referenced from startup_gd32f1x0.o(RESET)
 <LI><a href="#[33]">DMA_Channel5_6_IRQHandler</a> from startup_gd32f1x0.o(.text) referenced from startup_gd32f1x0.o(RESET)
 <LI><a href="#[7]">DebugMon_Handler</a> from gd32f1x0_it.o(i.DebugMon_Handler) referenced from startup_gd32f1x0.o(RESET)
 <LI><a href="#[f]">EXTI0_1_IRQHandler</a> from startup_gd32f1x0.o(.text) referenced from startup_gd32f1x0.o(RESET)
 <LI><a href="#[10]">EXTI2_3_IRQHandler</a> from startup_gd32f1x0.o(.text) referenced from startup_gd32f1x0.o(RESET)
 <LI><a href="#[11]">EXTI4_15_IRQHandler</a> from startup_gd32f1x0.o(.text) referenced from startup_gd32f1x0.o(RESET)
 <LI><a href="#[d]">FMC_IRQHandler</a> from startup_gd32f1x0.o(.text) referenced from startup_gd32f1x0.o(RESET)
 <LI><a href="#[2]">HardFault_Handler</a> from gd32f1x0_it.o(i.HardFault_Handler) referenced from startup_gd32f1x0.o(RESET)
 <LI><a href="#[27]">I2C0_ER_IRQHandler</a> from startup_gd32f1x0.o(.text) referenced from startup_gd32f1x0.o(RESET)
 <LI><a href="#[20]">I2C0_EV_IRQHandler</a> from startup_gd32f1x0.o(.text) referenced from startup_gd32f1x0.o(RESET)
 <LI><a href="#[28]">I2C1_ER_IRQHandler</a> from startup_gd32f1x0.o(.text) referenced from startup_gd32f1x0.o(RESET)
 <LI><a href="#[21]">I2C1_EV_IRQHandler</a> from startup_gd32f1x0.o(.text) referenced from startup_gd32f1x0.o(RESET)
 <LI><a href="#[2a]">I2C2_ER_IRQHandler</a> from startup_gd32f1x0.o(.text) referenced from startup_gd32f1x0.o(RESET)
 <LI><a href="#[29]">I2C2_EV_IRQHandler</a> from startup_gd32f1x0.o(.text) referenced from startup_gd32f1x0.o(RESET)
 <LI><a href="#[b]">LVD_IRQHandler</a> from startup_gd32f1x0.o(.text) referenced from startup_gd32f1x0.o(RESET)
 <LI><a href="#[3]">MemManage_Handler</a> from gd32f1x0_it.o(i.MemManage_Handler) referenced from startup_gd32f1x0.o(RESET)
 <LI><a href="#[1]">NMI_Handler</a> from gd32f1x0_it.o(i.NMI_Handler) referenced from startup_gd32f1x0.o(RESET)
 <LI><a href="#[8]">PendSV_Handler</a> from gd32f1x0_it.o(i.PendSV_Handler) referenced from startup_gd32f1x0.o(RESET)
 <LI><a href="#[e]">RCU_IRQHandler</a> from startup_gd32f1x0.o(.text) referenced from startup_gd32f1x0.o(RESET)
 <LI><a href="#[c]">RTC_IRQHandler</a> from startup_gd32f1x0.o(.text) referenced from startup_gd32f1x0.o(RESET)
 <LI><a href="#[0]">Reset_Handler</a> from startup_gd32f1x0.o(.text) referenced from startup_gd32f1x0.o(RESET)
 <LI><a href="#[32]">SLCD_IRQHandler</a> from startup_gd32f1x0.o(.text) referenced from startup_gd32f1x0.o(RESET)
 <LI><a href="#[22]">SPI0_IRQHandler</a> from startup_gd32f1x0.o(.text) referenced from startup_gd32f1x0.o(RESET)
 <LI><a href="#[23]">SPI1_IRQHandler</a> from startup_gd32f1x0.o(.text) referenced from startup_gd32f1x0.o(RESET)
 <LI><a href="#[34]">SPI2_IRQHandler</a> from startup_gd32f1x0.o(.text) referenced from startup_gd32f1x0.o(RESET)
 <LI><a href="#[6]">SVC_Handler</a> from gd32f1x0_it.o(i.SVC_Handler) referenced from startup_gd32f1x0.o(RESET)
 <LI><a href="#[9]">SysTick_Handler</a> from gd32f1x0_it.o(i.SysTick_Handler) referenced from startup_gd32f1x0.o(RESET)
 <LI><a href="#[3a]">SystemInit</a> from system_gd32f1x0.o(i.SystemInit) referenced from startup_gd32f1x0.o(.text)
 <LI><a href="#[17]">TIMER0_BRK_UP_TRG_COM_IRQHandler</a> from startup_gd32f1x0.o(.text) referenced from startup_gd32f1x0.o(RESET)
 <LI><a href="#[18]">TIMER0_Channel_IRQHandler</a> from startup_gd32f1x0.o(.text) referenced from startup_gd32f1x0.o(RESET)
 <LI><a href="#[1c]">TIMER13_IRQHandler</a> from startup_gd32f1x0.o(.text) referenced from startup_gd32f1x0.o(RESET)
 <LI><a href="#[1d]">TIMER14_IRQHandler</a> from startup_gd32f1x0.o(.text) referenced from startup_gd32f1x0.o(RESET)
 <LI><a href="#[1e]">TIMER15_IRQHandler</a> from startup_gd32f1x0.o(.text) referenced from startup_gd32f1x0.o(RESET)
 <LI><a href="#[1f]">TIMER16_IRQHandler</a> from startup_gd32f1x0.o(.text) referenced from startup_gd32f1x0.o(RESET)
 <LI><a href="#[19]">TIMER1_IRQHandler</a> from startup_gd32f1x0.o(.text) referenced from startup_gd32f1x0.o(RESET)
 <LI><a href="#[1a]">TIMER2_IRQHandler</a> from startup_gd32f1x0.o(.text) referenced from startup_gd32f1x0.o(RESET)
 <LI><a href="#[1b]">TIMER5_DAC_IRQHandler</a> from startup_gd32f1x0.o(.text) referenced from startup_gd32f1x0.o(RESET)
 <LI><a href="#[12]">TSI_IRQHandler</a> from startup_gd32f1x0.o(.text) referenced from startup_gd32f1x0.o(RESET)
 <LI><a href="#[24]">USART0_IRQHandler</a> from startup_gd32f1x0.o(.text) referenced from startup_gd32f1x0.o(RESET)
 <LI><a href="#[25]">USART1_IRQHandler</a> from startup_gd32f1x0.o(.text) referenced from startup_gd32f1x0.o(RESET)
 <LI><a href="#[2d]">USBDWakeUp_IRQHandler</a> from startup_gd32f1x0.o(.text) referenced from startup_gd32f1x0.o(RESET)
 <LI><a href="#[2c]">USBD_HP_IRQHandler</a> from startup_gd32f1x0.o(.text) referenced from startup_gd32f1x0.o(RESET)
 <LI><a href="#[2b]">USBD_LP_IRQHandler</a> from startup_gd32f1x0.o(.text) referenced from startup_gd32f1x0.o(RESET)
 <LI><a href="#[5]">UsageFault_Handler</a> from gd32f1x0_it.o(i.UsageFault_Handler) referenced from startup_gd32f1x0.o(RESET)
 <LI><a href="#[a]">WWDGT_IRQHandler</a> from startup_gd32f1x0.o(.text) referenced from startup_gd32f1x0.o(RESET)
 <LI><a href="#[3b]">__main</a> from entry.o(.ARM.Collect$$$$00000000) referenced from startup_gd32f1x0.o(.text)
 <LI><a href="#[39]">main</a> from main.o(i.main) referenced from entry9a.o(.ARM.Collect$$$$0000000B)
</UL>
<P>
<H3>
Global Symbols
</H3>
<P><STRONG><a name="[3b]"></a>__main</STRONG> (Thumb, 0 bytes, Stack size unknown bytes, entry.o(.ARM.Collect$$$$00000000))
<BR>[Address Reference Count : 1]<UL><LI> startup_gd32f1x0.o(.text)
</UL>
<P><STRONG><a name="[63]"></a>_main_stk</STRONG> (Thumb, 0 bytes, Stack size unknown bytes, entry2.o(.ARM.Collect$$$$00000001))

<P><STRONG><a name="[3c]"></a>_main_scatterload</STRONG> (Thumb, 0 bytes, Stack size unknown bytes, entry5.o(.ARM.Collect$$$$00000004))
<BR><BR>[Calls]<UL><LI><a href="#[3d]">&gt;&gt;</a>&nbsp;&nbsp;&nbsp;__scatterload
</UL>

<P><STRONG><a name="[3e]"></a>__main_after_scatterload</STRONG> (Thumb, 0 bytes, Stack size unknown bytes, entry5.o(.ARM.Collect$$$$00000004))
<BR><BR>[Called By]<UL><LI><a href="#[3d]">&gt;&gt;</a>&nbsp;&nbsp;&nbsp;__scatterload
</UL>

<P><STRONG><a name="[64]"></a>_main_clock</STRONG> (Thumb, 0 bytes, Stack size unknown bytes, entry7b.o(.ARM.Collect$$$$00000008))

<P><STRONG><a name="[65]"></a>_main_cpp_init</STRONG> (Thumb, 0 bytes, Stack size unknown bytes, entry8b.o(.ARM.Collect$$$$0000000A))

<P><STRONG><a name="[66]"></a>_main_init</STRONG> (Thumb, 0 bytes, Stack size unknown bytes, entry9a.o(.ARM.Collect$$$$0000000B))

<P><STRONG><a name="[67]"></a>__rt_lib_shutdown_fini</STRONG> (Thumb, 0 bytes, Stack size unknown bytes, entry12b.o(.ARM.Collect$$$$0000000E))

<P><STRONG><a name="[68]"></a>__rt_final_cpp</STRONG> (Thumb, 0 bytes, Stack size unknown bytes, entry10a.o(.ARM.Collect$$$$0000000F))

<P><STRONG><a name="[69]"></a>__rt_final_exit</STRONG> (Thumb, 0 bytes, Stack size unknown bytes, entry11a.o(.ARM.Collect$$$$00000011))

<P><STRONG><a name="[0]"></a>Reset_Handler</STRONG> (Thumb, 8 bytes, Stack size 0 bytes, startup_gd32f1x0.o(.text))
<BR>[Address Reference Count : 1]<UL><LI> startup_gd32f1x0.o(RESET)
</UL>
<P><STRONG><a name="[16]"></a>ADC_CMP_IRQHandler</STRONG> (Thumb, 0 bytes, Stack size 0 bytes, startup_gd32f1x0.o(.text))
<BR><BR>[Calls]<UL><LI><a href="#[16]">&gt;&gt;</a>&nbsp;&nbsp;&nbsp;ADC_CMP_IRQHandler
</UL>
<BR>[Called By]<UL><LI><a href="#[16]">&gt;&gt;</a>&nbsp;&nbsp;&nbsp;ADC_CMP_IRQHandler
</UL>
<BR>[Address Reference Count : 1]<UL><LI> startup_gd32f1x0.o(RESET)
</UL>
<P><STRONG><a name="[2f]"></a>CAN0_RX0_IRQHandler</STRONG> (Thumb, 0 bytes, Stack size 0 bytes, startup_gd32f1x0.o(.text))
<BR>[Address Reference Count : 1]<UL><LI> startup_gd32f1x0.o(RESET)
</UL>
<P><STRONG><a name="[30]"></a>CAN0_RX1_IRQHandler</STRONG> (Thumb, 0 bytes, Stack size 0 bytes, startup_gd32f1x0.o(.text))
<BR>[Address Reference Count : 1]<UL><LI> startup_gd32f1x0.o(RESET)
</UL>
<P><STRONG><a name="[31]"></a>CAN0_SCE_IRQHandler</STRONG> (Thumb, 0 bytes, Stack size 0 bytes, startup_gd32f1x0.o(.text))
<BR>[Address Reference Count : 1]<UL><LI> startup_gd32f1x0.o(RESET)
</UL>
<P><STRONG><a name="[2e]"></a>CAN0_TX_IRQHandler</STRONG> (Thumb, 0 bytes, Stack size 0 bytes, startup_gd32f1x0.o(.text))
<BR>[Address Reference Count : 1]<UL><LI> startup_gd32f1x0.o(RESET)
</UL>
<P><STRONG><a name="[36]"></a>CAN1_RX0_IRQHandler</STRONG> (Thumb, 0 bytes, Stack size 0 bytes, startup_gd32f1x0.o(.text))
<BR>[Address Reference Count : 1]<UL><LI> startup_gd32f1x0.o(RESET)
</UL>
<P><STRONG><a name="[37]"></a>CAN1_RX1_IRQHandler</STRONG> (Thumb, 0 bytes, Stack size 0 bytes, startup_gd32f1x0.o(.text))
<BR>[Address Reference Count : 1]<UL><LI> startup_gd32f1x0.o(RESET)
</UL>
<P><STRONG><a name="[38]"></a>CAN1_SCE_IRQHandler</STRONG> (Thumb, 0 bytes, Stack size 0 bytes, startup_gd32f1x0.o(.text))
<BR>[Address Reference Count : 1]<UL><LI> startup_gd32f1x0.o(RESET)
</UL>
<P><STRONG><a name="[35]"></a>CAN1_TX_IRQHandler</STRONG> (Thumb, 0 bytes, Stack size 0 bytes, startup_gd32f1x0.o(.text))
<BR>[Address Reference Count : 1]<UL><LI> startup_gd32f1x0.o(RESET)
</UL>
<P><STRONG><a name="[26]"></a>CEC_IRQHandler</STRONG> (Thumb, 0 bytes, Stack size 0 bytes, startup_gd32f1x0.o(.text))
<BR>[Address Reference Count : 1]<UL><LI> startup_gd32f1x0.o(RESET)
</UL>
<P><STRONG><a name="[13]"></a>DMA_Channel0_IRQHandler</STRONG> (Thumb, 0 bytes, Stack size 0 bytes, startup_gd32f1x0.o(.text))
<BR>[Address Reference Count : 1]<UL><LI> startup_gd32f1x0.o(RESET)
</UL>
<P><STRONG><a name="[14]"></a>DMA_Channel1_2_IRQHandler</STRONG> (Thumb, 0 bytes, Stack size 0 bytes, startup_gd32f1x0.o(.text))
<BR>[Address Reference Count : 1]<UL><LI> startup_gd32f1x0.o(RESET)
</UL>
<P><STRONG><a name="[15]"></a>DMA_Channel3_4_IRQHandler</STRONG> (Thumb, 0 bytes, Stack size 0 bytes, startup_gd32f1x0.o(.text))
<BR>[Address Reference Count : 1]<UL><LI> startup_gd32f1x0.o(RESET)
</UL>
<P><STRONG><a name="[33]"></a>DMA_Channel5_6_IRQHandler</STRONG> (Thumb, 0 bytes, Stack size 0 bytes, startup_gd32f1x0.o(.text))
<BR>[Address Reference Count : 1]<UL><LI> startup_gd32f1x0.o(RESET)
</UL>
<P><STRONG><a name="[f]"></a>EXTI0_1_IRQHandler</STRONG> (Thumb, 0 bytes, Stack size 0 bytes, startup_gd32f1x0.o(.text))
<BR>[Address Reference Count : 1]<UL><LI> startup_gd32f1x0.o(RESET)
</UL>
<P><STRONG><a name="[10]"></a>EXTI2_3_IRQHandler</STRONG> (Thumb, 0 bytes, Stack size 0 bytes, startup_gd32f1x0.o(.text))
<BR>[Address Reference Count : 1]<UL><LI> startup_gd32f1x0.o(RESET)
</UL>
<P><STRONG><a name="[11]"></a>EXTI4_15_IRQHandler</STRONG> (Thumb, 0 bytes, Stack size 0 bytes, startup_gd32f1x0.o(.text))
<BR>[Address Reference Count : 1]<UL><LI> startup_gd32f1x0.o(RESET)
</UL>
<P><STRONG><a name="[d]"></a>FMC_IRQHandler</STRONG> (Thumb, 0 bytes, Stack size 0 bytes, startup_gd32f1x0.o(.text))
<BR>[Address Reference Count : 1]<UL><LI> startup_gd32f1x0.o(RESET)
</UL>
<P><STRONG><a name="[27]"></a>I2C0_ER_IRQHandler</STRONG> (Thumb, 0 bytes, Stack size 0 bytes, startup_gd32f1x0.o(.text))
<BR>[Address Reference Count : 1]<UL><LI> startup_gd32f1x0.o(RESET)
</UL>
<P><STRONG><a name="[20]"></a>I2C0_EV_IRQHandler</STRONG> (Thumb, 0 bytes, Stack size 0 bytes, startup_gd32f1x0.o(.text))
<BR>[Address Reference Count : 1]<UL><LI> startup_gd32f1x0.o(RESET)
</UL>
<P><STRONG><a name="[28]"></a>I2C1_ER_IRQHandler</STRONG> (Thumb, 0 bytes, Stack size 0 bytes, startup_gd32f1x0.o(.text))
<BR>[Address Reference Count : 1]<UL><LI> startup_gd32f1x0.o(RESET)
</UL>
<P><STRONG><a name="[21]"></a>I2C1_EV_IRQHandler</STRONG> (Thumb, 0 bytes, Stack size 0 bytes, startup_gd32f1x0.o(.text))
<BR>[Address Reference Count : 1]<UL><LI> startup_gd32f1x0.o(RESET)
</UL>
<P><STRONG><a name="[2a]"></a>I2C2_ER_IRQHandler</STRONG> (Thumb, 0 bytes, Stack size 0 bytes, startup_gd32f1x0.o(.text))
<BR>[Address Reference Count : 1]<UL><LI> startup_gd32f1x0.o(RESET)
</UL>
<P><STRONG><a name="[29]"></a>I2C2_EV_IRQHandler</STRONG> (Thumb, 0 bytes, Stack size 0 bytes, startup_gd32f1x0.o(.text))
<BR>[Address Reference Count : 1]<UL><LI> startup_gd32f1x0.o(RESET)
</UL>
<P><STRONG><a name="[b]"></a>LVD_IRQHandler</STRONG> (Thumb, 0 bytes, Stack size 0 bytes, startup_gd32f1x0.o(.text))
<BR>[Address Reference Count : 1]<UL><LI> startup_gd32f1x0.o(RESET)
</UL>
<P><STRONG><a name="[e]"></a>RCU_IRQHandler</STRONG> (Thumb, 0 bytes, Stack size 0 bytes, startup_gd32f1x0.o(.text))
<BR>[Address Reference Count : 1]<UL><LI> startup_gd32f1x0.o(RESET)
</UL>
<P><STRONG><a name="[c]"></a>RTC_IRQHandler</STRONG> (Thumb, 0 bytes, Stack size 0 bytes, startup_gd32f1x0.o(.text))
<BR>[Address Reference Count : 1]<UL><LI> startup_gd32f1x0.o(RESET)
</UL>
<P><STRONG><a name="[32]"></a>SLCD_IRQHandler</STRONG> (Thumb, 0 bytes, Stack size 0 bytes, startup_gd32f1x0.o(.text))
<BR>[Address Reference Count : 1]<UL><LI> startup_gd32f1x0.o(RESET)
</UL>
<P><STRONG><a name="[22]"></a>SPI0_IRQHandler</STRONG> (Thumb, 0 bytes, Stack size 0 bytes, startup_gd32f1x0.o(.text))
<BR>[Address Reference Count : 1]<UL><LI> startup_gd32f1x0.o(RESET)
</UL>
<P><STRONG><a name="[23]"></a>SPI1_IRQHandler</STRONG> (Thumb, 0 bytes, Stack size 0 bytes, startup_gd32f1x0.o(.text))
<BR>[Address Reference Count : 1]<UL><LI> startup_gd32f1x0.o(RESET)
</UL>
<P><STRONG><a name="[34]"></a>SPI2_IRQHandler</STRONG> (Thumb, 0 bytes, Stack size 0 bytes, startup_gd32f1x0.o(.text))
<BR>[Address Reference Count : 1]<UL><LI> startup_gd32f1x0.o(RESET)
</UL>
<P><STRONG><a name="[17]"></a>TIMER0_BRK_UP_TRG_COM_IRQHandler</STRONG> (Thumb, 0 bytes, Stack size 0 bytes, startup_gd32f1x0.o(.text))
<BR>[Address Reference Count : 1]<UL><LI> startup_gd32f1x0.o(RESET)
</UL>
<P><STRONG><a name="[18]"></a>TIMER0_Channel_IRQHandler</STRONG> (Thumb, 0 bytes, Stack size 0 bytes, startup_gd32f1x0.o(.text))
<BR>[Address Reference Count : 1]<UL><LI> startup_gd32f1x0.o(RESET)
</UL>
<P><STRONG><a name="[1c]"></a>TIMER13_IRQHandler</STRONG> (Thumb, 0 bytes, Stack size 0 bytes, startup_gd32f1x0.o(.text))
<BR>[Address Reference Count : 1]<UL><LI> startup_gd32f1x0.o(RESET)
</UL>
<P><STRONG><a name="[1d]"></a>TIMER14_IRQHandler</STRONG> (Thumb, 0 bytes, Stack size 0 bytes, startup_gd32f1x0.o(.text))
<BR>[Address Reference Count : 1]<UL><LI> startup_gd32f1x0.o(RESET)
</UL>
<P><STRONG><a name="[1e]"></a>TIMER15_IRQHandler</STRONG> (Thumb, 0 bytes, Stack size 0 bytes, startup_gd32f1x0.o(.text))
<BR>[Address Reference Count : 1]<UL><LI> startup_gd32f1x0.o(RESET)
</UL>
<P><STRONG><a name="[1f]"></a>TIMER16_IRQHandler</STRONG> (Thumb, 0 bytes, Stack size 0 bytes, startup_gd32f1x0.o(.text))
<BR>[Address Reference Count : 1]<UL><LI> startup_gd32f1x0.o(RESET)
</UL>
<P><STRONG><a name="[19]"></a>TIMER1_IRQHandler</STRONG> (Thumb, 0 bytes, Stack size 0 bytes, startup_gd32f1x0.o(.text))
<BR>[Address Reference Count : 1]<UL><LI> startup_gd32f1x0.o(RESET)
</UL>
<P><STRONG><a name="[1a]"></a>TIMER2_IRQHandler</STRONG> (Thumb, 0 bytes, Stack size 0 bytes, startup_gd32f1x0.o(.text))
<BR>[Address Reference Count : 1]<UL><LI> startup_gd32f1x0.o(RESET)
</UL>
<P><STRONG><a name="[1b]"></a>TIMER5_DAC_IRQHandler</STRONG> (Thumb, 0 bytes, Stack size 0 bytes, startup_gd32f1x0.o(.text))
<BR>[Address Reference Count : 1]<UL><LI> startup_gd32f1x0.o(RESET)
</UL>
<P><STRONG><a name="[12]"></a>TSI_IRQHandler</STRONG> (Thumb, 0 bytes, Stack size 0 bytes, startup_gd32f1x0.o(.text))
<BR>[Address Reference Count : 1]<UL><LI> startup_gd32f1x0.o(RESET)
</UL>
<P><STRONG><a name="[24]"></a>USART0_IRQHandler</STRONG> (Thumb, 0 bytes, Stack size 0 bytes, startup_gd32f1x0.o(.text))
<BR>[Address Reference Count : 1]<UL><LI> startup_gd32f1x0.o(RESET)
</UL>
<P><STRONG><a name="[25]"></a>USART1_IRQHandler</STRONG> (Thumb, 0 bytes, Stack size 0 bytes, startup_gd32f1x0.o(.text))
<BR>[Address Reference Count : 1]<UL><LI> startup_gd32f1x0.o(RESET)
</UL>
<P><STRONG><a name="[2d]"></a>USBDWakeUp_IRQHandler</STRONG> (Thumb, 0 bytes, Stack size 0 bytes, startup_gd32f1x0.o(.text))
<BR>[Address Reference Count : 1]<UL><LI> startup_gd32f1x0.o(RESET)
</UL>
<P><STRONG><a name="[2c]"></a>USBD_HP_IRQHandler</STRONG> (Thumb, 0 bytes, Stack size 0 bytes, startup_gd32f1x0.o(.text))
<BR>[Address Reference Count : 1]<UL><LI> startup_gd32f1x0.o(RESET)
</UL>
<P><STRONG><a name="[2b]"></a>USBD_LP_IRQHandler</STRONG> (Thumb, 0 bytes, Stack size 0 bytes, startup_gd32f1x0.o(.text))
<BR>[Address Reference Count : 1]<UL><LI> startup_gd32f1x0.o(RESET)
</UL>
<P><STRONG><a name="[a]"></a>WWDGT_IRQHandler</STRONG> (Thumb, 0 bytes, Stack size 0 bytes, startup_gd32f1x0.o(.text))
<BR>[Address Reference Count : 1]<UL><LI> startup_gd32f1x0.o(RESET)
</UL>
<P><STRONG><a name="[3d]"></a>__scatterload</STRONG> (Thumb, 28 bytes, Stack size 0 bytes, init.o(.text))
<BR><BR>[Calls]<UL><LI><a href="#[3e]">&gt;&gt;</a>&nbsp;&nbsp;&nbsp;__main_after_scatterload
</UL>
<BR>[Called By]<UL><LI><a href="#[3c]">&gt;&gt;</a>&nbsp;&nbsp;&nbsp;_main_scatterload
</UL>

<P><STRONG><a name="[6a]"></a>__scatterload_rt2</STRONG> (Thumb, 0 bytes, Stack size 0 bytes, init.o(.text), UNUSED)

<P><STRONG><a name="[6b]"></a>__decompress</STRONG> (Thumb, 0 bytes, Stack size unknown bytes, __dczerorl2.o(.text), UNUSED)

<P><STRONG><a name="[6c]"></a>__decompress1</STRONG> (Thumb, 86 bytes, Stack size unknown bytes, __dczerorl2.o(.text), UNUSED)

<P><STRONG><a name="[4]"></a>BusFault_Handler</STRONG> (Thumb, 4 bytes, Stack size 0 bytes, gd32f1x0_it.o(i.BusFault_Handler))
<BR>[Address Reference Count : 1]<UL><LI> startup_gd32f1x0.o(RESET)
</UL>
<P><STRONG><a name="[7]"></a>DebugMon_Handler</STRONG> (Thumb, 2 bytes, Stack size 0 bytes, gd32f1x0_it.o(i.DebugMon_Handler))
<BR>[Address Reference Count : 1]<UL><LI> startup_gd32f1x0.o(RESET)
</UL>
<P><STRONG><a name="[2]"></a>HardFault_Handler</STRONG> (Thumb, 4 bytes, Stack size 0 bytes, gd32f1x0_it.o(i.HardFault_Handler))
<BR>[Address Reference Count : 1]<UL><LI> startup_gd32f1x0.o(RESET)
</UL>
<P><STRONG><a name="[3]"></a>MemManage_Handler</STRONG> (Thumb, 4 bytes, Stack size 0 bytes, gd32f1x0_it.o(i.MemManage_Handler))
<BR>[Address Reference Count : 1]<UL><LI> startup_gd32f1x0.o(RESET)
</UL>
<P><STRONG><a name="[1]"></a>NMI_Handler</STRONG> (Thumb, 2 bytes, Stack size 0 bytes, gd32f1x0_it.o(i.NMI_Handler))
<BR>[Address Reference Count : 1]<UL><LI> startup_gd32f1x0.o(RESET)
</UL>
<P><STRONG><a name="[8]"></a>PendSV_Handler</STRONG> (Thumb, 2 bytes, Stack size 0 bytes, gd32f1x0_it.o(i.PendSV_Handler))
<BR>[Address Reference Count : 1]<UL><LI> startup_gd32f1x0.o(RESET)
</UL>
<P><STRONG><a name="[6]"></a>SVC_Handler</STRONG> (Thumb, 2 bytes, Stack size 0 bytes, gd32f1x0_it.o(i.SVC_Handler))
<BR>[Address Reference Count : 1]<UL><LI> startup_gd32f1x0.o(RESET)
</UL>
<P><STRONG><a name="[9]"></a>SysTick_Handler</STRONG> (Thumb, 8 bytes, Stack size 8 bytes, gd32f1x0_it.o(i.SysTick_Handler))
<BR><BR>[Stack]<UL><LI>Max Depth = 8<LI>Call Chain = SysTick_Handler
</UL>
<BR>[Calls]<UL><LI><a href="#[3f]">&gt;&gt;</a>&nbsp;&nbsp;&nbsp;delay_decrement
</UL>
<BR>[Address Reference Count : 1]<UL><LI> startup_gd32f1x0.o(RESET)
</UL>
<P><STRONG><a name="[3a]"></a>SystemInit</STRONG> (Thumb, 204 bytes, Stack size 8 bytes, system_gd32f1x0.o(i.SystemInit))
<BR><BR>[Stack]<UL><LI>Max Depth = 16<LI>Call Chain = SystemInit &rArr; system_clock_config
</UL>
<BR>[Calls]<UL><LI><a href="#[41]">&gt;&gt;</a>&nbsp;&nbsp;&nbsp;nvic_vector_table_set
<LI><a href="#[40]">&gt;&gt;</a>&nbsp;&nbsp;&nbsp;system_clock_config
</UL>
<BR>[Address Reference Count : 1]<UL><LI> startup_gd32f1x0.o(.text)
</UL>
<P><STRONG><a name="[5]"></a>UsageFault_Handler</STRONG> (Thumb, 4 bytes, Stack size 0 bytes, gd32f1x0_it.o(i.UsageFault_Handler))
<BR>[Address Reference Count : 1]<UL><LI> startup_gd32f1x0.o(RESET)
</UL>
<P><STRONG><a name="[6d]"></a>__scatterload_copy</STRONG> (Thumb, 14 bytes, Stack size unknown bytes, handlers.o(i.__scatterload_copy), UNUSED)

<P><STRONG><a name="[6e]"></a>__scatterload_null</STRONG> (Thumb, 2 bytes, Stack size unknown bytes, handlers.o(i.__scatterload_null), UNUSED)

<P><STRONG><a name="[6f]"></a>__scatterload_zeroinit</STRONG> (Thumb, 14 bytes, Stack size unknown bytes, handlers.o(i.__scatterload_zeroinit), UNUSED)

<P><STRONG><a name="[54]"></a>delay_1ms</STRONG> (Thumb, 16 bytes, Stack size 0 bytes, systick.o(i.delay_1ms))
<BR><BR>[Called By]<UL><LI><a href="#[53]">&gt;&gt;</a>&nbsp;&nbsp;&nbsp;led_flash
</UL>

<P><STRONG><a name="[3f]"></a>delay_decrement</STRONG> (Thumb, 18 bytes, Stack size 0 bytes, systick.o(i.delay_decrement))
<BR><BR>[Called By]<UL><LI><a href="#[9]">&gt;&gt;</a>&nbsp;&nbsp;&nbsp;SysTick_Handler
</UL>

<P><STRONG><a name="[48]"></a>dma_channel_disable</STRONG> (Thumb, 30 bytes, Stack size 0 bytes, gd32f1x0_dma.o(i.dma_channel_disable))
<BR><BR>[Called By]<UL><LI><a href="#[45]">&gt;&gt;</a>&nbsp;&nbsp;&nbsp;dma_init
</UL>

<P><STRONG><a name="[59]"></a>dma_channel_enable</STRONG> (Thumb, 30 bytes, Stack size 0 bytes, gd32f1x0_dma.o(i.dma_channel_enable))
<BR><BR>[Called By]<UL><LI><a href="#[39]">&gt;&gt;</a>&nbsp;&nbsp;&nbsp;main
</UL>

<P><STRONG><a name="[46]"></a>dma_circulation_disable</STRONG> (Thumb, 30 bytes, Stack size 0 bytes, gd32f1x0_dma.o(i.dma_circulation_disable))
<BR><BR>[Called By]<UL><LI><a href="#[42]">&gt;&gt;</a>&nbsp;&nbsp;&nbsp;dma_config
</UL>

<P><STRONG><a name="[42]"></a>dma_config</STRONG> (Thumb, 170 bytes, Stack size 40 bytes, main.o(i.dma_config))
<BR><BR>[Stack]<UL><LI>Max Depth = 56<LI>Call Chain = dma_config &rArr; dma_init
</UL>
<BR>[Calls]<UL><LI><a href="#[43]">&gt;&gt;</a>&nbsp;&nbsp;&nbsp;rcu_periph_clock_enable
<LI><a href="#[47]">&gt;&gt;</a>&nbsp;&nbsp;&nbsp;dma_memory_to_memory_disable
<LI><a href="#[45]">&gt;&gt;</a>&nbsp;&nbsp;&nbsp;dma_init
<LI><a href="#[44]">&gt;&gt;</a>&nbsp;&nbsp;&nbsp;dma_deinit
<LI><a href="#[46]">&gt;&gt;</a>&nbsp;&nbsp;&nbsp;dma_circulation_disable
</UL>
<BR>[Called By]<UL><LI><a href="#[39]">&gt;&gt;</a>&nbsp;&nbsp;&nbsp;main
</UL>

<P><STRONG><a name="[44]"></a>dma_deinit</STRONG> (Thumb, 88 bytes, Stack size 0 bytes, gd32f1x0_dma.o(i.dma_deinit))
<BR><BR>[Called By]<UL><LI><a href="#[42]">&gt;&gt;</a>&nbsp;&nbsp;&nbsp;dma_config
</UL>

<P><STRONG><a name="[5c]"></a>dma_flag_get</STRONG> (Thumb, 26 bytes, Stack size 8 bytes, gd32f1x0_dma.o(i.dma_flag_get))
<BR><BR>[Stack]<UL><LI>Max Depth = 8<LI>Call Chain = dma_flag_get
</UL>
<BR>[Called By]<UL><LI><a href="#[39]">&gt;&gt;</a>&nbsp;&nbsp;&nbsp;main
</UL>

<P><STRONG><a name="[45]"></a>dma_init</STRONG> (Thumb, 280 bytes, Stack size 16 bytes, gd32f1x0_dma.o(i.dma_init))
<BR><BR>[Stack]<UL><LI>Max Depth = 16<LI>Call Chain = dma_init
</UL>
<BR>[Calls]<UL><LI><a href="#[48]">&gt;&gt;</a>&nbsp;&nbsp;&nbsp;dma_channel_disable
</UL>
<BR>[Called By]<UL><LI><a href="#[42]">&gt;&gt;</a>&nbsp;&nbsp;&nbsp;dma_config
</UL>

<P><STRONG><a name="[47]"></a>dma_memory_to_memory_disable</STRONG> (Thumb, 30 bytes, Stack size 0 bytes, gd32f1x0_dma.o(i.dma_memory_to_memory_disable))
<BR><BR>[Called By]<UL><LI><a href="#[42]">&gt;&gt;</a>&nbsp;&nbsp;&nbsp;dma_config
</UL>

<P><STRONG><a name="[49]"></a>gd_eval_com_init</STRONG> (Thumb, 176 bytes, Stack size 16 bytes, gd32f150r_eval.o(i.gd_eval_com_init))
<BR><BR>[Stack]<UL><LI>Max Depth = 144<LI>Call Chain = gd_eval_com_init &rArr; usart_baudrate_set &rArr; rcu_clock_freq_get
</UL>
<BR>[Calls]<UL><LI><a href="#[43]">&gt;&gt;</a>&nbsp;&nbsp;&nbsp;rcu_periph_clock_enable
<LI><a href="#[4c]">&gt;&gt;</a>&nbsp;&nbsp;&nbsp;gpio_output_options_set
<LI><a href="#[4b]">&gt;&gt;</a>&nbsp;&nbsp;&nbsp;gpio_mode_set
<LI><a href="#[4a]">&gt;&gt;</a>&nbsp;&nbsp;&nbsp;gpio_af_set
<LI><a href="#[4f]">&gt;&gt;</a>&nbsp;&nbsp;&nbsp;usart_transmit_config
<LI><a href="#[50]">&gt;&gt;</a>&nbsp;&nbsp;&nbsp;usart_receive_config
<LI><a href="#[51]">&gt;&gt;</a>&nbsp;&nbsp;&nbsp;usart_enable
<LI><a href="#[4d]">&gt;&gt;</a>&nbsp;&nbsp;&nbsp;usart_deinit
<LI><a href="#[4e]">&gt;&gt;</a>&nbsp;&nbsp;&nbsp;usart_baudrate_set
</UL>
<BR>[Called By]<UL><LI><a href="#[39]">&gt;&gt;</a>&nbsp;&nbsp;&nbsp;main
</UL>

<P><STRONG><a name="[52]"></a>gd_eval_led_init</STRONG> (Thumb, 70 bytes, Stack size 8 bytes, gd32f150r_eval.o(i.gd_eval_led_init))
<BR><BR>[Stack]<UL><LI>Max Depth = 28<LI>Call Chain = gd_eval_led_init &rArr; gpio_output_options_set
</UL>
<BR>[Calls]<UL><LI><a href="#[43]">&gt;&gt;</a>&nbsp;&nbsp;&nbsp;rcu_periph_clock_enable
<LI><a href="#[4c]">&gt;&gt;</a>&nbsp;&nbsp;&nbsp;gpio_output_options_set
<LI><a href="#[4b]">&gt;&gt;</a>&nbsp;&nbsp;&nbsp;gpio_mode_set
</UL>
<BR>[Called By]<UL><LI><a href="#[57]">&gt;&gt;</a>&nbsp;&nbsp;&nbsp;led_init
</UL>

<P><STRONG><a name="[56]"></a>gd_eval_led_off</STRONG> (Thumb, 16 bytes, Stack size 0 bytes, gd32f150r_eval.o(i.gd_eval_led_off))
<BR><BR>[Called By]<UL><LI><a href="#[39]">&gt;&gt;</a>&nbsp;&nbsp;&nbsp;main
<LI><a href="#[53]">&gt;&gt;</a>&nbsp;&nbsp;&nbsp;led_flash
</UL>

<P><STRONG><a name="[55]"></a>gd_eval_led_on</STRONG> (Thumb, 16 bytes, Stack size 0 bytes, gd32f150r_eval.o(i.gd_eval_led_on))
<BR><BR>[Called By]<UL><LI><a href="#[39]">&gt;&gt;</a>&nbsp;&nbsp;&nbsp;main
<LI><a href="#[53]">&gt;&gt;</a>&nbsp;&nbsp;&nbsp;led_flash
</UL>

<P><STRONG><a name="[4a]"></a>gpio_af_set</STRONG> (Thumb, 94 bytes, Stack size 20 bytes, gd32f1x0_gpio.o(i.gpio_af_set))
<BR><BR>[Stack]<UL><LI>Max Depth = 20<LI>Call Chain = gpio_af_set
</UL>
<BR>[Called By]<UL><LI><a href="#[49]">&gt;&gt;</a>&nbsp;&nbsp;&nbsp;gd_eval_com_init
</UL>

<P><STRONG><a name="[4b]"></a>gpio_mode_set</STRONG> (Thumb, 78 bytes, Stack size 20 bytes, gd32f1x0_gpio.o(i.gpio_mode_set))
<BR><BR>[Stack]<UL><LI>Max Depth = 20<LI>Call Chain = gpio_mode_set
</UL>
<BR>[Called By]<UL><LI><a href="#[52]">&gt;&gt;</a>&nbsp;&nbsp;&nbsp;gd_eval_led_init
<LI><a href="#[49]">&gt;&gt;</a>&nbsp;&nbsp;&nbsp;gd_eval_com_init
</UL>

<P><STRONG><a name="[4c]"></a>gpio_output_options_set</STRONG> (Thumb, 66 bytes, Stack size 20 bytes, gd32f1x0_gpio.o(i.gpio_output_options_set))
<BR><BR>[Stack]<UL><LI>Max Depth = 20<LI>Call Chain = gpio_output_options_set
</UL>
<BR>[Called By]<UL><LI><a href="#[52]">&gt;&gt;</a>&nbsp;&nbsp;&nbsp;gd_eval_led_init
<LI><a href="#[49]">&gt;&gt;</a>&nbsp;&nbsp;&nbsp;gd_eval_com_init
</UL>

<P><STRONG><a name="[53]"></a>led_flash</STRONG> (Thumb, 80 bytes, Stack size 16 bytes, main.o(i.led_flash))
<BR><BR>[Stack]<UL><LI>Max Depth = 16<LI>Call Chain = led_flash
</UL>
<BR>[Calls]<UL><LI><a href="#[55]">&gt;&gt;</a>&nbsp;&nbsp;&nbsp;gd_eval_led_on
<LI><a href="#[56]">&gt;&gt;</a>&nbsp;&nbsp;&nbsp;gd_eval_led_off
<LI><a href="#[54]">&gt;&gt;</a>&nbsp;&nbsp;&nbsp;delay_1ms
</UL>
<BR>[Called By]<UL><LI><a href="#[39]">&gt;&gt;</a>&nbsp;&nbsp;&nbsp;main
</UL>

<P><STRONG><a name="[57]"></a>led_init</STRONG> (Thumb, 28 bytes, Stack size 8 bytes, main.o(i.led_init))
<BR><BR>[Stack]<UL><LI>Max Depth = 36<LI>Call Chain = led_init &rArr; gd_eval_led_init &rArr; gpio_output_options_set
</UL>
<BR>[Calls]<UL><LI><a href="#[52]">&gt;&gt;</a>&nbsp;&nbsp;&nbsp;gd_eval_led_init
</UL>
<BR>[Called By]<UL><LI><a href="#[39]">&gt;&gt;</a>&nbsp;&nbsp;&nbsp;main
</UL>

<P><STRONG><a name="[39]"></a>main</STRONG> (Thumb, 158 bytes, Stack size 0 bytes, main.o(i.main))
<BR><BR>[Stack]<UL><LI>Max Depth = 144<LI>Call Chain = main &rArr; gd_eval_com_init &rArr; usart_baudrate_set &rArr; rcu_clock_freq_get
</UL>
<BR>[Calls]<UL><LI><a href="#[5a]">&gt;&gt;</a>&nbsp;&nbsp;&nbsp;usart_dma_transmit_config
<LI><a href="#[5b]">&gt;&gt;</a>&nbsp;&nbsp;&nbsp;usart_dma_receive_config
<LI><a href="#[58]">&gt;&gt;</a>&nbsp;&nbsp;&nbsp;systick_config
<LI><a href="#[55]">&gt;&gt;</a>&nbsp;&nbsp;&nbsp;gd_eval_led_on
<LI><a href="#[56]">&gt;&gt;</a>&nbsp;&nbsp;&nbsp;gd_eval_led_off
<LI><a href="#[49]">&gt;&gt;</a>&nbsp;&nbsp;&nbsp;gd_eval_com_init
<LI><a href="#[5c]">&gt;&gt;</a>&nbsp;&nbsp;&nbsp;dma_flag_get
<LI><a href="#[59]">&gt;&gt;</a>&nbsp;&nbsp;&nbsp;dma_channel_enable
<LI><a href="#[5d]">&gt;&gt;</a>&nbsp;&nbsp;&nbsp;memory_compare
<LI><a href="#[57]">&gt;&gt;</a>&nbsp;&nbsp;&nbsp;led_init
<LI><a href="#[53]">&gt;&gt;</a>&nbsp;&nbsp;&nbsp;led_flash
<LI><a href="#[42]">&gt;&gt;</a>&nbsp;&nbsp;&nbsp;dma_config
</UL>
<BR>[Address Reference Count : 1]<UL><LI> entry9a.o(.ARM.Collect$$$$0000000B)
</UL>
<P><STRONG><a name="[5d]"></a>memory_compare</STRONG> (Thumb, 36 bytes, Stack size 12 bytes, main.o(i.memory_compare))
<BR><BR>[Stack]<UL><LI>Max Depth = 12<LI>Call Chain = memory_compare
</UL>
<BR>[Called By]<UL><LI><a href="#[39]">&gt;&gt;</a>&nbsp;&nbsp;&nbsp;main
</UL>

<P><STRONG><a name="[41]"></a>nvic_vector_table_set</STRONG> (Thumb, 28 bytes, Stack size 0 bytes, gd32f1x0_misc.o(i.nvic_vector_table_set))
<BR><BR>[Called By]<UL><LI><a href="#[3a]">&gt;&gt;</a>&nbsp;&nbsp;&nbsp;SystemInit
</UL>

<P><STRONG><a name="[60]"></a>rcu_clock_freq_get</STRONG> (Thumb, 646 bytes, Stack size 96 bytes, gd32f1x0_rcu.o(i.rcu_clock_freq_get))
<BR><BR>[Stack]<UL><LI>Max Depth = 96<LI>Call Chain = rcu_clock_freq_get
</UL>
<BR>[Called By]<UL><LI><a href="#[4e]">&gt;&gt;</a>&nbsp;&nbsp;&nbsp;usart_baudrate_set
</UL>

<P><STRONG><a name="[43]"></a>rcu_periph_clock_enable</STRONG> (Thumb, 28 bytes, Stack size 0 bytes, gd32f1x0_rcu.o(i.rcu_periph_clock_enable))
<BR><BR>[Called By]<UL><LI><a href="#[52]">&gt;&gt;</a>&nbsp;&nbsp;&nbsp;gd_eval_led_init
<LI><a href="#[49]">&gt;&gt;</a>&nbsp;&nbsp;&nbsp;gd_eval_com_init
<LI><a href="#[42]">&gt;&gt;</a>&nbsp;&nbsp;&nbsp;dma_config
</UL>

<P><STRONG><a name="[62]"></a>rcu_periph_reset_disable</STRONG> (Thumb, 28 bytes, Stack size 0 bytes, gd32f1x0_rcu.o(i.rcu_periph_reset_disable))
<BR><BR>[Called By]<UL><LI><a href="#[4d]">&gt;&gt;</a>&nbsp;&nbsp;&nbsp;usart_deinit
</UL>

<P><STRONG><a name="[61]"></a>rcu_periph_reset_enable</STRONG> (Thumb, 28 bytes, Stack size 0 bytes, gd32f1x0_rcu.o(i.rcu_periph_reset_enable))
<BR><BR>[Called By]<UL><LI><a href="#[4d]">&gt;&gt;</a>&nbsp;&nbsp;&nbsp;usart_deinit
</UL>

<P><STRONG><a name="[58]"></a>systick_config</STRONG> (Thumb, 74 bytes, Stack size 8 bytes, systick.o(i.systick_config))
<BR><BR>[Stack]<UL><LI>Max Depth = 16<LI>Call Chain = systick_config &rArr; NVIC_SetPriority
</UL>
<BR>[Calls]<UL><LI><a href="#[5f]">&gt;&gt;</a>&nbsp;&nbsp;&nbsp;NVIC_SetPriority
</UL>
<BR>[Called By]<UL><LI><a href="#[39]">&gt;&gt;</a>&nbsp;&nbsp;&nbsp;main
</UL>

<P><STRONG><a name="[4e]"></a>usart_baudrate_set</STRONG> (Thumb, 120 bytes, Stack size 32 bytes, gd32f1x0_usart.o(i.usart_baudrate_set))
<BR><BR>[Stack]<UL><LI>Max Depth = 128<LI>Call Chain = usart_baudrate_set &rArr; rcu_clock_freq_get
</UL>
<BR>[Calls]<UL><LI><a href="#[60]">&gt;&gt;</a>&nbsp;&nbsp;&nbsp;rcu_clock_freq_get
</UL>
<BR>[Called By]<UL><LI><a href="#[49]">&gt;&gt;</a>&nbsp;&nbsp;&nbsp;gd_eval_com_init
</UL>

<P><STRONG><a name="[4d]"></a>usart_deinit</STRONG> (Thumb, 58 bytes, Stack size 8 bytes, gd32f1x0_usart.o(i.usart_deinit))
<BR><BR>[Stack]<UL><LI>Max Depth = 8<LI>Call Chain = usart_deinit
</UL>
<BR>[Calls]<UL><LI><a href="#[61]">&gt;&gt;</a>&nbsp;&nbsp;&nbsp;rcu_periph_reset_enable
<LI><a href="#[62]">&gt;&gt;</a>&nbsp;&nbsp;&nbsp;rcu_periph_reset_disable
</UL>
<BR>[Called By]<UL><LI><a href="#[49]">&gt;&gt;</a>&nbsp;&nbsp;&nbsp;gd_eval_com_init
</UL>

<P><STRONG><a name="[5b]"></a>usart_dma_receive_config</STRONG> (Thumb, 16 bytes, Stack size 0 bytes, gd32f1x0_usart.o(i.usart_dma_receive_config))
<BR><BR>[Called By]<UL><LI><a href="#[39]">&gt;&gt;</a>&nbsp;&nbsp;&nbsp;main
</UL>

<P><STRONG><a name="[5a]"></a>usart_dma_transmit_config</STRONG> (Thumb, 16 bytes, Stack size 0 bytes, gd32f1x0_usart.o(i.usart_dma_transmit_config))
<BR><BR>[Called By]<UL><LI><a href="#[39]">&gt;&gt;</a>&nbsp;&nbsp;&nbsp;main
</UL>

<P><STRONG><a name="[51]"></a>usart_enable</STRONG> (Thumb, 10 bytes, Stack size 0 bytes, gd32f1x0_usart.o(i.usart_enable))
<BR><BR>[Called By]<UL><LI><a href="#[49]">&gt;&gt;</a>&nbsp;&nbsp;&nbsp;gd_eval_com_init
</UL>

<P><STRONG><a name="[50]"></a>usart_receive_config</STRONG> (Thumb, 16 bytes, Stack size 0 bytes, gd32f1x0_usart.o(i.usart_receive_config))
<BR><BR>[Called By]<UL><LI><a href="#[49]">&gt;&gt;</a>&nbsp;&nbsp;&nbsp;gd_eval_com_init
</UL>

<P><STRONG><a name="[4f]"></a>usart_transmit_config</STRONG> (Thumb, 16 bytes, Stack size 0 bytes, gd32f1x0_usart.o(i.usart_transmit_config))
<BR><BR>[Called By]<UL><LI><a href="#[49]">&gt;&gt;</a>&nbsp;&nbsp;&nbsp;gd_eval_com_init
</UL>
<P>
<H3>
Local Symbols
</H3>
<P><STRONG><a name="[5f]"></a>NVIC_SetPriority</STRONG> (Thumb, 32 bytes, Stack size 8 bytes, systick.o(i.NVIC_SetPriority))
<BR><BR>[Stack]<UL><LI>Max Depth = 8<LI>Call Chain = NVIC_SetPriority
</UL>
<BR>[Called By]<UL><LI><a href="#[58]">&gt;&gt;</a>&nbsp;&nbsp;&nbsp;systick_config
</UL>

<P><STRONG><a name="[5e]"></a>system_clock_72m_hxtal</STRONG> (Thumb, 154 bytes, Stack size 0 bytes, system_gd32f1x0.o(i.system_clock_72m_hxtal))
<BR><BR>[Called By]<UL><LI><a href="#[40]">&gt;&gt;</a>&nbsp;&nbsp;&nbsp;system_clock_config
</UL>

<P><STRONG><a name="[40]"></a>system_clock_config</STRONG> (Thumb, 8 bytes, Stack size 8 bytes, system_gd32f1x0.o(i.system_clock_config))
<BR><BR>[Stack]<UL><LI>Max Depth = 8<LI>Call Chain = system_clock_config
</UL>
<BR>[Calls]<UL><LI><a href="#[5e]">&gt;&gt;</a>&nbsp;&nbsp;&nbsp;system_clock_72m_hxtal
</UL>
<BR>[Called By]<UL><LI><a href="#[3a]">&gt;&gt;</a>&nbsp;&nbsp;&nbsp;SystemInit
</UL>
<P>
<H3>
Undefined Global Symbols
</H3><HR></body></html>
