Component: ARM Compiler 5.06 update 7 (build 960) Tool: armlink [4d3601]

==============================================================================

Section Cross References

    main.o(i.dma_config) refers to gd32f1x0_rcu.o(i.rcu_periph_clock_enable) for rcu_periph_clock_enable
    main.o(i.dma_config) refers to gd32f1x0_dma.o(i.dma_deinit) for dma_deinit
    main.o(i.dma_config) refers to gd32f1x0_dma.o(i.dma_init) for dma_init
    main.o(i.dma_config) refers to gd32f1x0_dma.o(i.dma_circulation_disable) for dma_circulation_disable
    main.o(i.dma_config) refers to gd32f1x0_dma.o(i.dma_memory_to_memory_disable) for dma_memory_to_memory_disable
    main.o(i.dma_config) refers to main.o(.data) for tx_buffer
    main.o(i.dma_config) refers to main.o(.bss) for rx_buffer
    main.o(i.led_flash) refers to systick.o(i.delay_1ms) for delay_1ms
    main.o(i.led_flash) refers to gd32f150r_eval.o(i.gd_eval_led_on) for gd_eval_led_on
    main.o(i.led_flash) refers to gd32f150r_eval.o(i.gd_eval_led_off) for gd_eval_led_off
    main.o(i.led_init) refers to gd32f150r_eval.o(i.gd_eval_led_init) for gd_eval_led_init
    main.o(i.main) refers to main.o(i.led_init) for led_init
    main.o(i.main) refers to main.o(i.dma_config) for dma_config
    main.o(i.main) refers to systick.o(i.systick_config) for systick_config
    main.o(i.main) refers to main.o(i.led_flash) for led_flash
    main.o(i.main) refers to gd32f150r_eval.o(i.gd_eval_com_init) for gd_eval_com_init
    main.o(i.main) refers to gd32f1x0_dma.o(i.dma_channel_enable) for dma_channel_enable
    main.o(i.main) refers to gd32f1x0_usart.o(i.usart_dma_transmit_config) for usart_dma_transmit_config
    main.o(i.main) refers to gd32f1x0_usart.o(i.usart_dma_receive_config) for usart_dma_receive_config
    main.o(i.main) refers to gd32f1x0_dma.o(i.dma_flag_get) for dma_flag_get
    main.o(i.main) refers to main.o(i.memory_compare) for memory_compare
    main.o(i.main) refers to gd32f150r_eval.o(i.gd_eval_led_on) for gd_eval_led_on
    main.o(i.main) refers to gd32f150r_eval.o(i.gd_eval_led_off) for gd_eval_led_off
    main.o(i.main) refers to main.o(.bss) for rx_buffer
    main.o(i.main) refers to main.o(.data) for tx_buffer
    systick.o(i.delay_1ms) refers to systick.o(.data) for delay
    systick.o(i.delay_decrement) refers to systick.o(.data) for delay
    systick.o(i.systick_config) refers to systick.o(i.NVIC_SetPriority) for NVIC_SetPriority
    systick.o(i.systick_config) refers to system_gd32f1x0.o(.data) for SystemCoreClock
    gd32f1x0_it.o(i.SysTick_Handler) refers to systick.o(i.delay_decrement) for delay_decrement
    system_gd32f1x0.o(i.SystemCoreClockUpdate) refers to system_gd32f1x0.o(.data) for SystemCoreClock
    system_gd32f1x0.o(i.SystemInit) refers to system_gd32f1x0.o(i.system_clock_config) for system_clock_config
    system_gd32f1x0.o(i.SystemInit) refers to gd32f1x0_misc.o(i.nvic_vector_table_set) for nvic_vector_table_set
    system_gd32f1x0.o(i.system_clock_config) refers to system_gd32f1x0.o(i.system_clock_72m_hxtal) for system_clock_72m_hxtal
    gd32f1x0_adc.o(i.adc_deinit) refers to gd32f1x0_rcu.o(i.rcu_periph_reset_enable) for rcu_periph_reset_enable
    gd32f1x0_adc.o(i.adc_deinit) refers to gd32f1x0_rcu.o(i.rcu_periph_reset_disable) for rcu_periph_reset_disable
    gd32f1x0_cec.o(i.cec_deinit) refers to gd32f1x0_rcu.o(i.rcu_periph_reset_enable) for rcu_periph_reset_enable
    gd32f1x0_cec.o(i.cec_deinit) refers to gd32f1x0_rcu.o(i.rcu_periph_reset_disable) for rcu_periph_reset_disable
    gd32f1x0_dac.o(i.dac_deinit) refers to gd32f1x0_rcu.o(i.rcu_periph_reset_enable) for rcu_periph_reset_enable
    gd32f1x0_dac.o(i.dac_deinit) refers to gd32f1x0_rcu.o(i.rcu_periph_reset_disable) for rcu_periph_reset_disable
    gd32f1x0_dma.o(i.dma_init) refers to gd32f1x0_dma.o(i.dma_channel_disable) for dma_channel_disable
    gd32f1x0_fmc.o(i.fmc_halfword_program) refers to gd32f1x0_fmc.o(i.fmc_ready_wait) for fmc_ready_wait
    gd32f1x0_fmc.o(i.fmc_mass_erase) refers to gd32f1x0_fmc.o(i.fmc_ready_wait) for fmc_ready_wait
    gd32f1x0_fmc.o(i.fmc_page_erase) refers to gd32f1x0_fmc.o(i.fmc_ready_wait) for fmc_ready_wait
    gd32f1x0_fmc.o(i.fmc_ready_wait) refers to gd32f1x0_fmc.o(i.fmc_state_get) for fmc_state_get
    gd32f1x0_fmc.o(i.fmc_word_program) refers to gd32f1x0_fmc.o(i.fmc_ready_wait) for fmc_ready_wait
    gd32f1x0_fmc.o(i.ob_data_program) refers to gd32f1x0_fmc.o(i.ob_obstat_plevel_get) for ob_obstat_plevel_get
    gd32f1x0_fmc.o(i.ob_data_program) refers to gd32f1x0_fmc.o(i.fmc_ready_wait) for fmc_ready_wait
    gd32f1x0_fmc.o(i.ob_erase) refers to gd32f1x0_fmc.o(i.ob_obstat_plevel_get) for ob_obstat_plevel_get
    gd32f1x0_fmc.o(i.ob_erase) refers to gd32f1x0_fmc.o(i.fmc_ready_wait) for fmc_ready_wait
    gd32f1x0_fmc.o(i.ob_security_protection_config) refers to gd32f1x0_fmc.o(i.ob_obstat_plevel_get) for ob_obstat_plevel_get
[...]
    gd32f1x0_rcu.o(i.rcu_osci_stab_wait) refers to gd32f1x0_rcu.o(i.rcu_flag_get) for rcu_flag_get
    gd32f1x0_rtc.o(i.rtc_deinit) refers to gd32f1x0_rtc.o(i.rtc_init_mode_enter) for rtc_init_mode_enter
    gd32f1x0_rtc.o(i.rtc_deinit) refers to gd32f1x0_rtc.o(i.rtc_register_sync_wait) for rtc_register_sync_wait
    gd32f1x0_rtc.o(i.rtc_init) refers to gd32f1x0_rtc.o(i.rtc_init_mode_enter) for rtc_init_mode_enter
    gd32f1x0_rtc.o(i.rtc_init) refers to gd32f1x0_rtc.o(i.rtc_init_mode_exit) for rtc_init_mode_exit
    gd32f1x0_rtc.o(i.rtc_init) refers to gd32f1x0_rtc.o(i.rtc_register_sync_wait) for rtc_register_sync_wait
    gd32f1x0_rtc.o(i.rtc_refclock_detection_disable) refers to gd32f1x0_rtc.o(i.rtc_init_mode_enter) for rtc_init_mode_enter
    gd32f1x0_rtc.o(i.rtc_refclock_detection_disable) refers to gd32f1x0_rtc.o(i.rtc_init_mode_exit) for rtc_init_mode_exit
    gd32f1x0_rtc.o(i.rtc_refclock_detection_enable) refers to gd32f1x0_rtc.o(i.rtc_init_mode_enter) for rtc_init_mode_enter
    gd32f1x0_rtc.o(i.rtc_refclock_detection_enable) refers to gd32f1x0_rtc.o(i.rtc_init_mode_exit) for rtc_init_mode_exit
    gd32f1x0_rtc.o(i.rtc_second_adjust) refers to gd32f1x0_rtc.o(i.rtc_register_sync_wait) for rtc_register_sync_wait
    gd32f1x0_spi.o(i.i2s_psc_config) refers to gd32f1x0_rcu.o(i.rcu_clock_freq_get) for rcu_clock_freq_get
    gd32f1x0_spi.o(i.spi_i2s_deinit) refers to gd32f1x0_rcu.o(i.rcu_periph_reset_enable) for rcu_periph_reset_enable
    gd32f1x0_spi.o(i.spi_i2s_deinit) refers to gd32f1x0_rcu.o(i.rcu_periph_reset_disable) for rcu_periph_reset_disable
    gd32f1x0_syscfg.o(i.syscfg_deinit) refers to gd32f1x0_rcu.o(i.rcu_periph_reset_enable) for rcu_periph_reset_enable
    gd32f1x0_syscfg.o(i.syscfg_deinit) refers to gd32f1x0_rcu.o(i.rcu_periph_reset_disable) for rcu_periph_reset_disable
    gd32f1x0_timer.o(i.timer_deinit) refers to gd32f1x0_rcu.o(i.rcu_periph_reset_enable) for rcu_periph_reset_enable
    gd32f1x0_timer.o(i.timer_deinit) refers to gd32f1x0_rcu.o(i.rcu_periph_reset_disable) for rcu_periph_reset_disable
    gd32f1x0_timer.o(i.timer_external_clock_mode0_config) refers to gd32f1x0_timer.o(i.timer_external_trigger_config) for timer_external_trigger_config
    gd32f1x0_timer.o(i.timer_external_clock_mode1_config) refers to gd32f1x0_timer.o(i.timer_external_trigger_config) for timer_external_trigger_config
    gd32f1x0_timer.o(i.timer_external_trigger_as_external_clock_config) refers to gd32f1x0_timer.o(i.timer_input_trigger_source_select) for timer_input_trigger_source_select
    gd32f1x0_timer.o(i.timer_input_capture_config) refers to gd32f1x0_timer.o(i.timer_channel_input_capture_prescaler_config) for timer_channel_input_capture_prescaler_config
    gd32f1x0_timer.o(i.timer_input_pwm_capture_config) refers to gd32f1x0_timer.o(i.timer_channel_input_capture_prescaler_config) for timer_channel_input_capture_prescaler_config
    gd32f1x0_timer.o(i.timer_internal_trigger_as_external_clock_config) refers to gd32f1x0_timer.o(i.timer_input_trigger_source_select) for timer_input_trigger_source_select
    gd32f1x0_tsi.o(i.tsi_deinit) refers to gd32f1x0_rcu.o(i.rcu_periph_reset_enable) for rcu_periph_reset_enable
    gd32f1x0_tsi.o(i.tsi_deinit) refers to gd32f1x0_rcu.o(i.rcu_periph_reset_disable) for rcu_periph_reset_disable
    gd32f1x0_usart.o(i.usart_baudrate_set) refers to gd32f1x0_rcu.o(i.rcu_clock_freq_get) for rcu_clock_freq_get
    gd32f1x0_usart.o(i.usart_deinit) refers to gd32f1x0_rcu.o(i.rcu_periph_reset_enable) for rcu_periph_reset_enable
    gd32f1x0_usart.o(i.usart_deinit) refers to gd32f1x0_rcu.o(i.rcu_periph_reset_disable) for rcu_periph_reset_disable
    gd32f1x0_wwdgt.o(i.wwdgt_deinit) refers to gd32f1x0_rcu.o(i.rcu_periph_reset_enable) for rcu_periph_reset_enable
    gd32f1x0_wwdgt.o(i.wwdgt_deinit) refers to gd32f1x0_rcu.o(i.rcu_periph_reset_disable) for rcu_periph_reset_disable
    gd32f150r_eval.o(i.gd_eval_com_init) refers to gd32f1x0_rcu.o(i.rcu_periph_clock_enable) for rcu_periph_clock_enable
    gd32f150r_eval.o(i.gd_eval_com_init) refers to gd32f1x0_gpio.o(i.gpio_af_set) for gpio_af_set
    gd32f150r_eval.o(i.gd_eval_com_init) refers to gd32f1x0_gpio.o(i.gpio_mode_set) for gpio_mode_set
    gd32f150r_eval.o(i.gd_eval_com_init) refers to gd32f1x0_gpio.o(i.gpio_output_options_set) for gpio_output_options_set
    gd32f150r_eval.o(i.gd_eval_com_init) refers to gd32f1x0_usart.o(i.usart_deinit) for usart_deinit
    gd32f150r_eval.o(i.gd_eval_com_init) refers to gd32f1x0_usart.o(i.usart_baudrate_set) for usart_baudrate_set
    gd32f150r_eval.o(i.gd_eval_com_init) refers to gd32f1x0_usart.o(i.usart_transmit_config) for usart_transmit_config
    gd32f150r_eval.o(i.gd_eval_com_init) refers to gd32f1x0_usart.o(i.usart_receive_config) for usart_receive_config
    gd32f150r_eval.o(i.gd_eval_com_init) refers to gd32f1x0_usart.o(i.usart_enable) for usart_enable
    gd32f150r_eval.o(i.gd_eval_com_init) refers to gd32f150r_eval.o(.data) for COM_CLK
    gd32f150r_eval.o(i.gd_eval_key_init) refers to gd32f1x0_rcu.o(i.rcu_periph_clock_enable) for rcu_periph_clock_enable
    gd32f150r_eval.o(i.gd_eval_key_init) refers to gd32f1x0_gpio.o(i.gpio_mode_set) for gpio_mode_set
    gd32f150r_eval.o(i.gd_eval_key_init) refers to gd32f1x0_misc.o(i.nvic_irq_enable) for nvic_irq_enable
    gd32f150r_eval.o(i.gd_eval_key_init) refers to gd32f1x0_syscfg.o(i.syscfg_exti_line_config) for syscfg_exti_line_config
    gd32f150r_eval.o(i.gd_eval_key_init) refers to gd32f1x0_exti.o(i.exti_init) for exti_init
    gd32f150r_eval.o(i.gd_eval_key_init) refers to gd32f1x0_exti.o(i.exti_interrupt_flag_clear) for exti_interrupt_flag_clear
    gd32f150r_eval.o(i.gd_eval_key_init) refers to gd32f150r_eval.o(.data) for KEY_CLK
    gd32f150r_eval.o(i.gd_eval_key_state_get) refers to gd32f1x0_gpio.o(i.gpio_input_bit_get) for gpio_input_bit_get
    gd32f150r_eval.o(i.gd_eval_key_state_get) refers to gd32f150r_eval.o(.data) for KEY_PIN
    gd32f150r_eval.o(i.gd_eval_led_init) refers to gd32f1x0_rcu.o(i.rcu_periph_clock_enable) for rcu_periph_clock_enable
    gd32f150r_eval.o(i.gd_eval_led_init) refers to gd32f1x0_gpio.o(i.gpio_mode_set) for gpio_mode_set
    gd32f150r_eval.o(i.gd_eval_led_init) refers to gd32f1x0_gpio.o(i.gpio_output_options_set) for gpio_output_options_set
    gd32f150r_eval.o(i.gd_eval_led_init) refers to gd32f150r_eval.o(.data) for GPIO_CLK
    gd32f150r_eval.o(i.gd_eval_led_off) refers to gd32f150r_eval.o(.data) for GPIO_PIN
    gd32f150r_eval.o(i.gd_eval_led_on) refers to gd32f150r_eval.o(.data) for GPIO_PIN
    gd32f150r_eval.o(i.gd_eval_led_toggle) refers to gd32f150r_eval.o(.data) for GPIO_PORT
    startup_gd32f1x0.o(RESET) refers to startup_gd32f1x0.o(STACK) for __initial_sp
    startup_gd32f1x0.o(RESET) refers to startup_gd32f1x0.o(.text) for Reset_Handler
    startup_gd32f1x0.o(RESET) refers to gd32f1x0_it.o(i.NMI_Handler) for NMI_Handler
    startup_gd32f1x0.o(RESET) refers to gd32f1x0_it.o(i.HardFault_Handler) for HardFault_Handler
    startup_gd32f1x0.o(RESET) refers to gd32f1x0_it.o(i.MemManage_Handler) for MemManage_Handler
    startup_gd32f1x0.o(RESET) refers to gd32f1x0_it.o(i.BusFault_Handler) for BusFault_Handler
    startup_gd32f1x0.o(RESET) refers to gd32f1x0_it.o(i.UsageFault_Handler) for UsageFault_Handler
    startup_gd32f1x0.o(RESET) refers to gd32f1x0_it.o(i.SVC_Handler) for SVC_Handler
    startup_gd32f1x0.o(RESET) refers to gd32f1x0_it.o(i.DebugMon_Handler) for DebugMon_Handler
    startup_gd32f1x0.o(RESET) refers to gd32f1x0_it.o(i.PendSV_Handler) for PendSV_Handler
    startup_gd32f1x0.o(RESET) refers to gd32f1x0_it.o(i.SysTick_Handler) for SysTick_Handler
    startup_gd32f1x0.o(.text) refers to system_gd32f1x0.o(i.SystemInit) for SystemInit
    startup_gd32f1x0.o(.text) refers to entry.o(.ARM.Collect$$$$00000000) for __main
    entry.o(.ARM.Collect$$$$00000000) refers (Special) to entry10a.o(.ARM.Collect$$$$0000000F) for __rt_final_cpp
    entry.o(.ARM.Collect$$$$00000000) refers (Special) to entry11a.o(.ARM.Collect$$$$00000011) for __rt_final_exit
    entry.o(.ARM.Collect$$$$00000000) refers (Special) to entry12b.o(.ARM.Collect$$$$0000000E) for __rt_lib_shutdown_fini
    entry.o(.ARM.Collect$$$$00000000) refers (Special) to entry7b.o(.ARM.Collect$$$$00000008) for _main_clock
    entry.o(.ARM.Collect$$$$00000000) refers (Special) to entry8b.o(.ARM.Collect$$$$0000000A) for _main_cpp_init
    entry.o(.ARM.Collect$$$$00000000) refers (Special) to entry9a.o(.ARM.Collect$$$$0000000B) for _main_init
    entry.o(.ARM.Collect$$$$00000000) refers (Special) to entry5.o(.ARM.Collect$$$$00000004) for _main_scatterload
    entry.o(.ARM.Collect$$$$00000000) refers (Special) to entry2.o(.ARM.Collect$$$$00000001) for _main_stk
    entry2.o(.ARM.Collect$$$$00000001) refers to entry2.o(.ARM.Collect$$$$00002712) for __lit__00000000
    entry2.o(.ARM.Collect$$$$00002712) refers to startup_gd32f1x0.o(STACK) for __initial_sp
    entry2.o(__vectab_stack_and_reset_area) refers to startup_gd32f1x0.o(STACK) for __initial_sp
    entry2.o(__vectab_stack_and_reset_area) refers to entry.o(.ARM.Collect$$$$00000000) for __main
    entry5.o(.ARM.Collect$$$$00000004) refers to init.o(.text) for __scatterload
    entry9a.o(.ARM.Collect$$$$0000000B) refers to main.o(i.main) for main
    entry9b.o(.ARM.Collect$$$$0000000C) refers to main.o(i.main) for main
    init.o(.text) refers to entry5.o(.ARM.Collect$$$$00000004) for __main_after_scatterload


==============================================================================

Removing Unused input sections from the image.

    Removing main.o(.rev16_text), (4 bytes).
    Removing main.o(.revsh_text), (4 bytes).
    Removing main.o(.rrx_text), (6 bytes).
    Removing systick.o(.rev16_text), (4 bytes).
    Removing systick.o(.revsh_text), (4 bytes).
    Removing systick.o(.rrx_text), (6 bytes).
    Removing gd32f1x0_it.o(.rev16_text), (4 bytes).
    Removing gd32f1x0_it.o(.revsh_text), (4 bytes).
    Removing gd32f1x0_it.o(.rrx_text), (6 bytes).
    Removing system_gd32f1x0.o(.rev16_text), (4 bytes).
    Removing system_gd32f1x0.o(.revsh_text), (4 bytes).
    Removing system_gd32f1x0.o(.rrx_text), (6 bytes).
    Removing system_gd32f1x0.o(i.SystemCoreClockUpdate), (240 bytes).
    Removing gd32f1x0_adc.o(.rev16_text), (4 bytes).
    Removing gd32f1x0_adc.o(.revsh_text), (4 bytes).
    Removing gd32f1x0_adc.o(.rrx_text), (6 bytes).
    Removing gd32f1x0_adc.o(i.adc_calibration_enable), (60 bytes).
    Removing gd32f1x0_adc.o(i.adc_channel_length_config), (96 bytes).
    Removing gd32f1x0_adc.o(i.adc_data_alignment_config), (36 bytes).
    Removing gd32f1x0_adc.o(i.adc_deinit), (20 bytes).
    Removing gd32f1x0_adc.o(i.adc_disable), (20 bytes).
    Removing gd32f1x0_adc.o(i.adc_discontinuous_mode_config), (100 bytes).
    Removing gd32f1x0_adc.o(i.adc_dma_mode_disable), (20 bytes).
    Removing gd32f1x0_adc.o(i.adc_dma_mode_enable), (20 bytes).
    Removing gd32f1x0_adc.o(i.adc_enable), (28 bytes).
    Removing gd32f1x0_adc.o(i.adc_external_trigger_config), (84 bytes).
    Removing gd32f1x0_adc.o(i.adc_external_trigger_source_config), (64 bytes).
    Removing gd32f1x0_adc.o(i.adc_flag_clear), (16 bytes).
    Removing gd32f1x0_adc.o(i.adc_flag_get), (20 bytes).
    Removing gd32f1x0_adc.o(i.adc_inserted_channel_config), (140 bytes).
    Removing gd32f1x0_adc.o(i.adc_inserted_channel_offset_config), (48 bytes).
    Removing gd32f1x0_adc.o(i.adc_inserted_data_read), (64 bytes).
    Removing gd32f1x0_adc.o(i.adc_interrupt_disable), (60 bytes).
    Removing gd32f1x0_adc.o(i.adc_interrupt_enable), (60 bytes).
    Removing gd32f1x0_adc.o(i.adc_interrupt_flag_clear), (16 bytes).
    Removing gd32f1x0_adc.o(i.adc_interrupt_flag_get), (108 bytes).
    Removing gd32f1x0_adc.o(i.adc_regular_channel_config), (220 bytes).
    Removing gd32f1x0_adc.o(i.adc_regular_data_read), (12 bytes).
    Removing gd32f1x0_adc.o(i.adc_software_trigger_enable), (44 bytes).
    Removing gd32f1x0_adc.o(i.adc_special_function_config), (128 bytes).
    Removing gd32f1x0_adc.o(i.adc_tempsensor_vrefint_disable), (20 bytes).
    Removing gd32f1x0_adc.o(i.adc_tempsensor_vrefint_enable), (20 bytes).
    Removing gd32f1x0_adc.o(i.adc_vbat_disable), (20 bytes).
    Removing gd32f1x0_adc.o(i.adc_vbat_enable), (20 bytes).
    Removing gd32f1x0_adc.o(i.adc_watchdog_disable), (24 bytes).
    Removing gd32f1x0_adc.o(i.adc_watchdog_group_channel_enable), (84 bytes).
    Removing gd32f1x0_adc.o(i.adc_watchdog_single_channel_enable), (48 bytes).
    Removing gd32f1x0_adc.o(i.adc_watchdog_threshold_config), (24 bytes).
    Removing gd32f1x0_cec.o(.rev16_text), (4 bytes).
    Removing gd32f1x0_cec.o(.revsh_text), (4 bytes).
    Removing gd32f1x0_cec.o(.rrx_text), (6 bytes).
    Removing gd32f1x0_cec.o(i.cec_data_receive), (12 bytes).
    Removing gd32f1x0_cec.o(i.cec_data_send), (12 bytes).
    Removing gd32f1x0_cec.o(i.cec_deinit), (20 bytes).
    Removing gd32f1x0_cec.o(i.cec_disable), (20 bytes).
    Removing gd32f1x0_cec.o(i.cec_enable), (20 bytes).
    Removing gd32f1x0_cec.o(i.cec_error_config), (56 bytes).
    Removing gd32f1x0_cec.o(i.cec_flag_clear), (16 bytes).
    Removing gd32f1x0_cec.o(i.cec_flag_get), (24 bytes).
    Removing gd32f1x0_cec.o(i.cec_generate_errorbit_config), (32 bytes).
    Removing gd32f1x0_cec.o(i.cec_init), (60 bytes).
    Removing gd32f1x0_cec.o(i.cec_interrupt_disable), (16 bytes).
    Removing gd32f1x0_cec.o(i.cec_interrupt_enable), (16 bytes).
    Removing gd32f1x0_cec.o(i.cec_interrupt_flag_clear), (12 bytes).
    Removing gd32f1x0_cec.o(i.cec_interrupt_flag_get), (40 bytes).
    Removing gd32f1x0_cec.o(i.cec_listen_mode_disable), (20 bytes).
    Removing gd32f1x0_cec.o(i.cec_listen_mode_enable), (20 bytes).
    Removing gd32f1x0_cec.o(i.cec_own_address_config), (36 bytes).
    Removing gd32f1x0_cec.o(i.cec_reception_tolerance_disable), (20 bytes).
    Removing gd32f1x0_cec.o(i.cec_reception_tolerance_enable), (20 bytes).
    Removing gd32f1x0_cec.o(i.cec_sft_config), (28 bytes).
    Removing gd32f1x0_cec.o(i.cec_stop_receive_bre_config), (36 bytes).
    Removing gd32f1x0_cec.o(i.cec_transmission_end), (20 bytes).
    Removing gd32f1x0_cec.o(i.cec_transmission_start), (20 bytes).
    Removing gd32f1x0_cmp.o(.rev16_text), (4 bytes).
    Removing gd32f1x0_cmp.o(.revsh_text), (4 bytes).
    Removing gd32f1x0_cmp.o(.rrx_text), (6 bytes).
    Removing gd32f1x0_cmp.o(i.cmp_deinit), (12 bytes).
    Removing gd32f1x0_cmp.o(i.cmp_disable), (36 bytes).
    Removing gd32f1x0_cmp.o(i.cmp_enable), (36 bytes).
    Removing gd32f1x0_cmp.o(i.cmp_lock_enable), (36 bytes).
    Removing gd32f1x0_cmp.o(i.cmp_mode_init), (104 bytes).
    Removing gd32f1x0_cmp.o(i.cmp_output_init), (92 bytes).
    Removing gd32f1x0_cmp.o(i.cmp_output_level_get), (44 bytes).
    Removing gd32f1x0_cmp.o(i.cmp_switch_disable), (20 bytes).
    Removing gd32f1x0_cmp.o(i.cmp_switch_enable), (20 bytes).
    Removing gd32f1x0_cmp.o(i.cmp_window_disable), (20 bytes).
    Removing gd32f1x0_cmp.o(i.cmp_window_enable), (20 bytes).
    Removing gd32f1x0_crc.o(.rev16_text), (4 bytes).
    Removing gd32f1x0_crc.o(.revsh_text), (4 bytes).
    Removing gd32f1x0_crc.o(.rrx_text), (6 bytes).
    Removing gd32f1x0_crc.o(i.crc_block_data_calculate), (96 bytes).
    Removing gd32f1x0_crc.o(i.crc_data_register_read), (12 bytes).
    Removing gd32f1x0_crc.o(i.crc_data_register_reset), (20 bytes).
    Removing gd32f1x0_crc.o(i.crc_deinit), (24 bytes).
    Removing gd32f1x0_crc.o(i.crc_free_data_register_read), (12 bytes).
    Removing gd32f1x0_crc.o(i.crc_free_data_register_write), (12 bytes).
    Removing gd32f1x0_crc.o(i.crc_init_data_register_write), (12 bytes).
    Removing gd32f1x0_crc.o(i.crc_input_data_reverse_config), (28 bytes).
    Removing gd32f1x0_crc.o(i.crc_reverse_output_data_disable), (20 bytes).
    Removing gd32f1x0_crc.o(i.crc_reverse_output_data_enable), (28 bytes).
    Removing gd32f1x0_crc.o(i.crc_single_data_calculate), (36 bytes).
    Removing gd32f1x0_dac.o(.rev16_text), (4 bytes).
    Removing gd32f1x0_dac.o(.revsh_text), (4 bytes).
    Removing gd32f1x0_dac.o(.rrx_text), (6 bytes).
    Removing gd32f1x0_dac.o(i.dac0_data_set), (44 bytes).
    Removing gd32f1x0_dac.o(i.dac0_disable), (20 bytes).
    Removing gd32f1x0_dac.o(i.dac0_dma_disable), (20 bytes).
    Removing gd32f1x0_dac.o(i.dac0_dma_enable), (20 bytes).
    Removing gd32f1x0_dac.o(i.dac0_enable), (20 bytes).
    Removing gd32f1x0_dac.o(i.dac0_flag_clear), (20 bytes).
    Removing gd32f1x0_dac.o(i.dac0_flag_get), (24 bytes).
    Removing gd32f1x0_dac.o(i.dac0_interrupt_disable), (20 bytes).
    Removing gd32f1x0_dac.o(i.dac0_interrupt_enable), (20 bytes).
    Removing gd32f1x0_dac.o(i.dac0_interrupt_flag_clear), (20 bytes).
    Removing gd32f1x0_dac.o(i.dac0_interrupt_flag_get), (40 bytes).
    Removing gd32f1x0_dac.o(i.dac0_output_buffer_disable), (20 bytes).
    Removing gd32f1x0_dac.o(i.dac0_output_buffer_enable), (20 bytes).
    Removing gd32f1x0_dac.o(i.dac0_output_value_get), (16 bytes).
    Removing gd32f1x0_dac.o(i.dac0_software_trigger_disable), (20 bytes).
    Removing gd32f1x0_dac.o(i.dac0_software_trigger_enable), (20 bytes).
    Removing gd32f1x0_dac.o(i.dac0_trigger_disable), (20 bytes).
    Removing gd32f1x0_dac.o(i.dac0_trigger_enable), (20 bytes).
    Removing gd32f1x0_dac.o(i.dac0_trigger_source_config), (28 bytes).
    Removing gd32f1x0_dac.o(i.dac_deinit), (20 bytes).
    Removing gd32f1x0_dbg.o(.rev16_text), (4 bytes).
    Removing gd32f1x0_dbg.o(.revsh_text), (4 bytes).
    Removing gd32f1x0_dbg.o(.rrx_text), (6 bytes).
    Removing gd32f1x0_dbg.o(i.dbg_deinit), (16 bytes).
    Removing gd32f1x0_dbg.o(i.dbg_id_get), (12 bytes).
    Removing gd32f1x0_dbg.o(i.dbg_low_power_disable), (16 bytes).
    Removing gd32f1x0_dbg.o(i.dbg_low_power_enable), (16 bytes).
    Removing gd32f1x0_dbg.o(i.dbg_periph_disable), (32 bytes).
    Removing gd32f1x0_dbg.o(i.dbg_periph_enable), (32 bytes).
    Removing gd32f1x0_dma.o(.rev16_text), (4 bytes).
    Removing gd32f1x0_dma.o(.revsh_text), (4 bytes).
    Removing gd32f1x0_dma.o(.rrx_text), (6 bytes).
    Removing gd32f1x0_dma.o(i.dma_circulation_enable), (36 bytes).
    Removing gd32f1x0_dma.o(i.dma_flag_clear), (24 bytes).
    Removing gd32f1x0_dma.o(i.dma_interrupt_disable), (36 bytes).
    Removing gd32f1x0_dma.o(i.dma_interrupt_enable), (36 bytes).
    Removing gd32f1x0_dma.o(i.dma_interrupt_flag_clear), (24 bytes).
    Removing gd32f1x0_dma.o(i.dma_interrupt_flag_get), (140 bytes).
    Removing gd32f1x0_dma.o(i.dma_memory_address_config), (20 bytes).
    Removing gd32f1x0_dma.o(i.dma_memory_increase_disable), (36 bytes).
    Removing gd32f1x0_dma.o(i.dma_memory_increase_enable), (36 bytes).
    Removing gd32f1x0_dma.o(i.dma_memory_to_memory_enable), (36 bytes).
    Removing gd32f1x0_dma.o(i.dma_memory_width_config), (40 bytes).
    Removing gd32f1x0_dma.o(i.dma_periph_address_config), (20 bytes).
    Removing gd32f1x0_dma.o(i.dma_periph_increase_disable), (36 bytes).
    Removing gd32f1x0_dma.o(i.dma_periph_increase_enable), (36 bytes).
    Removing gd32f1x0_dma.o(i.dma_periph_width_config), (40 bytes).
    Removing gd32f1x0_dma.o(i.dma_priority_config), (40 bytes).
    Removing gd32f1x0_dma.o(i.dma_struct_para_init), (22 bytes).
    Removing gd32f1x0_dma.o(i.dma_transfer_direction_config), (68 bytes).
    Removing gd32f1x0_dma.o(i.dma_transfer_number_config), (24 bytes).
    Removing gd32f1x0_dma.o(i.dma_transfer_number_get), (20 bytes).
    Removing gd32f1x0_exti.o(.rev16_text), (4 bytes).
    Removing gd32f1x0_exti.o(.revsh_text), (4 bytes).
    Removing gd32f1x0_exti.o(.rrx_text), (6 bytes).
    Removing gd32f1x0_exti.o(i.exti_deinit), (32 bytes).
    Removing gd32f1x0_exti.o(i.exti_event_disable), (16 bytes).
    Removing gd32f1x0_exti.o(i.exti_event_enable), (16 bytes).
    Removing gd32f1x0_exti.o(i.exti_flag_clear), (12 bytes).
    Removing gd32f1x0_exti.o(i.exti_flag_get), (24 bytes).
    Removing gd32f1x0_exti.o(i.exti_init), (188 bytes).
    Removing gd32f1x0_exti.o(i.exti_interrupt_disable), (16 bytes).
    Removing gd32f1x0_exti.o(i.exti_interrupt_enable), (16 bytes).
    Removing gd32f1x0_exti.o(i.exti_interrupt_flag_clear), (12 bytes).
    Removing gd32f1x0_exti.o(i.exti_interrupt_flag_get), (36 bytes).
    Removing gd32f1x0_exti.o(i.exti_software_interrupt_disable), (16 bytes).
    Removing gd32f1x0_exti.o(i.exti_software_interrupt_enable), (16 bytes).
    Removing gd32f1x0_fmc.o(.rev16_text), (4 bytes).
    Removing gd32f1x0_fmc.o(.revsh_text), (4 bytes).
    Removing gd32f1x0_fmc.o(.rrx_text), (6 bytes).
    Removing gd32f1x0_fmc.o(i.fmc_flag_clear), (12 bytes).
    Removing gd32f1x0_fmc.o(i.fmc_flag_get), (20 bytes).
    Removing gd32f1x0_fmc.o(i.fmc_halfword_program), (64 bytes).
    Removing gd32f1x0_fmc.o(i.fmc_interrupt_disable), (16 bytes).
    Removing gd32f1x0_fmc.o(i.fmc_interrupt_enable), (16 bytes).
    Removing gd32f1x0_fmc.o(i.fmc_interrupt_flag_clear), (12 bytes).
    Removing gd32f1x0_fmc.o(i.fmc_interrupt_flag_get), (20 bytes).
    Removing gd32f1x0_fmc.o(i.fmc_lock), (20 bytes).
    Removing gd32f1x0_fmc.o(i.fmc_mass_erase), (68 bytes).
    Removing gd32f1x0_fmc.o(i.fmc_page_erase), (72 bytes).
    Removing gd32f1x0_fmc.o(i.fmc_ready_wait), (34 bytes).
    Removing gd32f1x0_fmc.o(i.fmc_state_get), (48 bytes).
    Removing gd32f1x0_fmc.o(i.fmc_unlock), (36 bytes).
    Removing gd32f1x0_fmc.o(i.fmc_wait_state_disable), (24 bytes).
    Removing gd32f1x0_fmc.o(i.fmc_wait_state_enable), (24 bytes).
    Removing gd32f1x0_fmc.o(i.fmc_word_program), (64 bytes).
    Removing gd32f1x0_fmc.o(i.fmc_wscnt_set), (24 bytes).
    Removing gd32f1x0_fmc.o(i.ob_data_get), (12 bytes).
    Removing gd32f1x0_fmc.o(i.ob_data_program), (212 bytes).
    Removing gd32f1x0_fmc.o(i.ob_erase), (148 bytes).
    Removing gd32f1x0_fmc.o(i.ob_lock), (20 bytes).
    Removing gd32f1x0_fmc.o(i.ob_obstat_plevel_get), (16 bytes).
    Removing gd32f1x0_fmc.o(i.ob_reset), (20 bytes).
    Removing gd32f1x0_fmc.o(i.ob_security_protection_config), (204 bytes).
    Removing gd32f1x0_fmc.o(i.ob_unlock), (36 bytes).
    Removing gd32f1x0_fmc.o(i.ob_user_get), (16 bytes).
    Removing gd32f1x0_fmc.o(i.ob_user_write), (208 bytes).
    Removing gd32f1x0_fmc.o(i.ob_write_protection_enable), (216 bytes).
    Removing gd32f1x0_fmc.o(i.ob_write_protection_get), (12 bytes).
    Removing gd32f1x0_fwdgt.o(.rev16_text), (4 bytes).
    Removing gd32f1x0_fwdgt.o(.revsh_text), (4 bytes).
    Removing gd32f1x0_fwdgt.o(.rrx_text), (6 bytes).
    Removing gd32f1x0_fwdgt.o(i.fwdgt_config), (104 bytes).
    Removing gd32f1x0_fwdgt.o(i.fwdgt_counter_reload), (16 bytes).
    Removing gd32f1x0_fwdgt.o(i.fwdgt_enable), (16 bytes).
    Removing gd32f1x0_fwdgt.o(i.fwdgt_flag_get), (24 bytes).
    Removing gd32f1x0_fwdgt.o(i.fwdgt_prescaler_value_config), (60 bytes).
    Removing gd32f1x0_fwdgt.o(i.fwdgt_reload_value_config), (64 bytes).
    Removing gd32f1x0_fwdgt.o(i.fwdgt_window_value_config), (64 bytes).
    Removing gd32f1x0_fwdgt.o(i.fwdgt_write_disable), (12 bytes).
    Removing gd32f1x0_fwdgt.o(i.fwdgt_write_enable), (16 bytes).
    Removing gd32f1x0_gpio.o(.rev16_text), (4 bytes).
    Removing gd32f1x0_gpio.o(.revsh_text), (4 bytes).
    Removing gd32f1x0_gpio.o(.rrx_text), (6 bytes).
    Removing gd32f1x0_gpio.o(i.gpio_bit_reset), (4 bytes).
    Removing gd32f1x0_gpio.o(i.gpio_bit_set), (4 bytes).
    Removing gd32f1x0_gpio.o(i.gpio_bit_write), (10 bytes).
    Removing gd32f1x0_gpio.o(i.gpio_deinit), (148 bytes).
    Removing gd32f1x0_gpio.o(i.gpio_input_bit_get), (16 bytes).
    Removing gd32f1x0_gpio.o(i.gpio_input_port_get), (8 bytes).
    Removing gd32f1x0_gpio.o(i.gpio_output_bit_get), (16 bytes).
    Removing gd32f1x0_gpio.o(i.gpio_output_port_get), (8 bytes).
    Removing gd32f1x0_gpio.o(i.gpio_pin_lock), (18 bytes).
    Removing gd32f1x0_gpio.o(i.gpio_port_write), (4 bytes).
    Removing gd32f1x0_i2c.o(.rev16_text), (4 bytes).
    Removing gd32f1x0_i2c.o(.revsh_text), (4 bytes).
    Removing gd32f1x0_i2c.o(.rrx_text), (6 bytes).
    Removing gd32f1x0_i2c.o(i.i2c_ack_config), (24 bytes).
    Removing gd32f1x0_i2c.o(i.i2c_ackpos_config), (22 bytes).
    Removing gd32f1x0_i2c.o(i.i2c_clock_config), (228 bytes).
    Removing gd32f1x0_i2c.o(i.i2c_data_receive), (8 bytes).
    Removing gd32f1x0_i2c.o(i.i2c_data_transmit), (6 bytes).
    Removing gd32f1x0_i2c.o(i.i2c_deinit), (64 bytes).
    Removing gd32f1x0_i2c.o(i.i2c_disable), (10 bytes).
    Removing gd32f1x0_i2c.o(i.i2c_dma_enable), (16 bytes).
    Removing gd32f1x0_i2c.o(i.i2c_dma_last_transfer_config), (16 bytes).
    Removing gd32f1x0_i2c.o(i.i2c_dualaddr_disable), (10 bytes).
    Removing gd32f1x0_i2c.o(i.i2c_dualaddr_enable), (12 bytes).
    Removing gd32f1x0_i2c.o(i.i2c_enable), (10 bytes).
    Removing gd32f1x0_i2c.o(i.i2c_flag_clear), (40 bytes).
    Removing gd32f1x0_i2c.o(i.i2c_flag_get), (30 bytes).
    Removing gd32f1x0_i2c.o(i.i2c_interrupt_disable), (26 bytes).
    Removing gd32f1x0_i2c.o(i.i2c_interrupt_enable), (26 bytes).
    Removing gd32f1x0_i2c.o(i.i2c_interrupt_flag_clear), (44 bytes).
    Removing gd32f1x0_i2c.o(i.i2c_interrupt_flag_get), (92 bytes).
    Removing gd32f1x0_i2c.o(i.i2c_master_addressing), (20 bytes).
    Removing gd32f1x0_i2c.o(i.i2c_mode_addr_config), (28 bytes).
    Removing gd32f1x0_i2c.o(i.i2c_pec_enable), (16 bytes).
    Removing gd32f1x0_i2c.o(i.i2c_pec_transfer_enable), (16 bytes).
    Removing gd32f1x0_i2c.o(i.i2c_pec_value_get), (10 bytes).
    Removing gd32f1x0_i2c.o(i.i2c_slave_response_to_gcall_config), (16 bytes).
    Removing gd32f1x0_i2c.o(i.i2c_smbus_arp_enable), (16 bytes).
    Removing gd32f1x0_i2c.o(i.i2c_smbus_issue_alert), (16 bytes).
    Removing gd32f1x0_i2c.o(i.i2c_smbus_type_config), (24 bytes).
    Removing gd32f1x0_i2c.o(i.i2c_software_reset_config), (16 bytes).
    Removing gd32f1x0_i2c.o(i.i2c_start_on_bus), (10 bytes).
    Removing gd32f1x0_i2c.o(i.i2c_stop_on_bus), (10 bytes).
    Removing gd32f1x0_i2c.o(i.i2c_stretch_scl_low_config), (16 bytes).
    Removing gd32f1x0_misc.o(.rev16_text), (4 bytes).
    Removing gd32f1x0_misc.o(.revsh_text), (4 bytes).
    Removing gd32f1x0_misc.o(.rrx_text), (6 bytes).
    Removing gd32f1x0_misc.o(i.nvic_irq_disable), (24 bytes).
    Removing gd32f1x0_misc.o(i.nvic_irq_enable), (172 bytes).
    Removing gd32f1x0_misc.o(i.nvic_priority_group_set), (20 bytes).
    Removing gd32f1x0_misc.o(i.system_lowpower_reset), (16 bytes).
    Removing gd32f1x0_misc.o(i.system_lowpower_set), (16 bytes).
    Removing gd32f1x0_misc.o(i.systick_clksource_set), (40 bytes).
    Removing gd32f1x0_pmu.o(.rev16_text), (4 bytes).
    Removing gd32f1x0_pmu.o(.revsh_text), (4 bytes).
    Removing gd32f1x0_pmu.o(.rrx_text), (6 bytes).
    Removing gd32f1x0_pmu.o(i.pmu_backup_write_disable), (20 bytes).
    Removing gd32f1x0_pmu.o(i.pmu_backup_write_enable), (20 bytes).
    Removing gd32f1x0_pmu.o(i.pmu_deinit), (20 bytes).
    Removing gd32f1x0_pmu.o(i.pmu_flag_clear), (40 bytes).
    Removing gd32f1x0_pmu.o(i.pmu_flag_get), (20 bytes).
    Removing gd32f1x0_pmu.o(i.pmu_lvd_disable), (20 bytes).
    Removing gd32f1x0_pmu.o(i.pmu_lvd_select), (48 bytes).
    Removing gd32f1x0_pmu.o(i.pmu_to_deepsleepmode), (196 bytes).
    Removing gd32f1x0_pmu.o(i.pmu_to_sleepmode), (28 bytes).
    Removing gd32f1x0_pmu.o(i.pmu_to_standbymode), (52 bytes).
    Removing gd32f1x0_pmu.o(i.pmu_wakeup_pin_disable), (16 bytes).
    Removing gd32f1x0_pmu.o(i.pmu_wakeup_pin_enable), (16 bytes).
    Removing gd32f1x0_pmu.o(.bss), (16 bytes).
    Removing gd32f1x0_rcu.o(.rev16_text), (4 bytes).
    Removing gd32f1x0_rcu.o(.revsh_text), (4 bytes).
    Removing gd32f1x0_rcu.o(.rrx_text), (6 bytes).
    Removing gd32f1x0_rcu.o(i.rcu_adc_clock_config), (152 bytes).
    Removing gd32f1x0_rcu.o(i.rcu_ahb_clock_config), (28 bytes).
    Removing gd32f1x0_rcu.o(i.rcu_all_reset_flag_clear), (20 bytes).
    Removing gd32f1x0_rcu.o(i.rcu_apb1_clock_config), (28 bytes).
    Removing gd32f1x0_rcu.o(i.rcu_apb2_clock_config), (28 bytes).
    Removing gd32f1x0_rcu.o(i.rcu_bkp_reset_disable), (20 bytes).
    Removing gd32f1x0_rcu.o(i.rcu_bkp_reset_enable), (20 bytes).
    Removing gd32f1x0_rcu.o(i.rcu_cec_clock_config), (28 bytes).
    Removing gd32f1x0_rcu.o(i.rcu_ckout_config), (28 bytes).
    Removing gd32f1x0_rcu.o(i.rcu_deepsleep_voltage_set), (36 bytes).
    Removing gd32f1x0_rcu.o(i.rcu_deinit), (140 bytes).
    Removing gd32f1x0_rcu.o(i.rcu_flag_get), (36 bytes).
    Removing gd32f1x0_rcu.o(i.rcu_hxtal_clock_monitor_disable), (20 bytes).
    Removing gd32f1x0_rcu.o(i.rcu_hxtal_clock_monitor_enable), (20 bytes).
    Removing gd32f1x0_rcu.o(i.rcu_hxtal_prediv_config), (24 bytes).
    Removing gd32f1x0_rcu.o(i.rcu_interrupt_disable), (16 bytes).
    Removing gd32f1x0_rcu.o(i.rcu_interrupt_enable), (16 bytes).
    Removing gd32f1x0_rcu.o(i.rcu_interrupt_flag_clear), (16 bytes).
    Removing gd32f1x0_rcu.o(i.rcu_interrupt_flag_get), (24 bytes).
    Removing gd32f1x0_rcu.o(i.rcu_irc14m_adjust_value_set), (24 bytes).
    Removing gd32f1x0_rcu.o(i.rcu_irc8m_adjust_value_set), (24 bytes).
    Removing gd32f1x0_rcu.o(i.rcu_lxtal_drive_capability_config), (28 bytes).
    Removing gd32f1x0_rcu.o(i.rcu_osci_bypass_mode_disable), (100 bytes).
    Removing gd32f1x0_rcu.o(i.rcu_osci_bypass_mode_enable), (100 bytes).
    Removing gd32f1x0_rcu.o(i.rcu_osci_off), (32 bytes).
    Removing gd32f1x0_rcu.o(i.rcu_osci_on), (32 bytes).
    Removing gd32f1x0_rcu.o(i.rcu_osci_stab_wait), (268 bytes).
    Removing gd32f1x0_rcu.o(i.rcu_periph_clock_disable), (32 bytes).
    Removing gd32f1x0_rcu.o(i.rcu_periph_clock_sleep_disable), (32 bytes).
    Removing gd32f1x0_rcu.o(i.rcu_periph_clock_sleep_enable), (32 bytes).
    Removing gd32f1x0_rcu.o(i.rcu_pll_config), (36 bytes).
    Removing gd32f1x0_rcu.o(i.rcu_power_down_voltage_set), (36 bytes).
    Removing gd32f1x0_rcu.o(i.rcu_rtc_clock_config), (28 bytes).
    Removing gd32f1x0_rcu.o(i.rcu_system_clock_source_config), (28 bytes).
    Removing gd32f1x0_rcu.o(i.rcu_system_clock_source_get), (16 bytes).
    Removing gd32f1x0_rcu.o(i.rcu_usart_clock_config), (28 bytes).
    Removing gd32f1x0_rcu.o(i.rcu_usbd_clock_config), (28 bytes).
    Removing gd32f1x0_rcu.o(i.rcu_voltage_key_unlock), (40 bytes).
    Removing gd32f1x0_rtc.o(.rev16_text), (4 bytes).
    Removing gd32f1x0_rtc.o(.revsh_text), (4 bytes).
    Removing gd32f1x0_rtc.o(.rrx_text), (6 bytes).
    Removing gd32f1x0_rtc.o(i.rtc_alarm_config), (84 bytes).
    Removing gd32f1x0_rtc.o(i.rtc_alarm_disable), (80 bytes).
    Removing gd32f1x0_rtc.o(i.rtc_alarm_enable), (40 bytes).
    Removing gd32f1x0_rtc.o(i.rtc_alarm_get), (56 bytes).
    Removing gd32f1x0_rtc.o(i.rtc_alarm_subsecond_config), (32 bytes).
    Removing gd32f1x0_rtc.o(i.rtc_alarm_subsecond_get), (16 bytes).
    Removing gd32f1x0_rtc.o(i.rtc_alter_output_config), (76 bytes).
    Removing gd32f1x0_rtc.o(i.rtc_bypass_shadow_disable), (40 bytes).
    Removing gd32f1x0_rtc.o(i.rtc_bypass_shadow_enable), (40 bytes).
    Removing gd32f1x0_rtc.o(i.rtc_calibration_config), (76 bytes).
    Removing gd32f1x0_rtc.o(i.rtc_current_time_get), (100 bytes).
    Removing gd32f1x0_rtc.o(i.rtc_deinit), (128 bytes).
    Removing gd32f1x0_rtc.o(i.rtc_flag_clear), (16 bytes).
    Removing gd32f1x0_rtc.o(i.rtc_flag_get), (20 bytes).
    Removing gd32f1x0_rtc.o(i.rtc_hour_adjust), (36 bytes).
    Removing gd32f1x0_rtc.o(i.rtc_init), (196 bytes).
    Removing gd32f1x0_rtc.o(i.rtc_init_mode_enter), (68 bytes).
    Removing gd32f1x0_rtc.o(i.rtc_init_mode_exit), (20 bytes).
    Removing gd32f1x0_rtc.o(i.rtc_interrupt_disable), (60 bytes).
    Removing gd32f1x0_rtc.o(i.rtc_interrupt_enable), (60 bytes).
    Removing gd32f1x0_rtc.o(i.rtc_refclock_detection_disable), (56 bytes).
    Removing gd32f1x0_rtc.o(i.rtc_refclock_detection_enable), (56 bytes).
    Removing gd32f1x0_rtc.o(i.rtc_register_sync_wait), (96 bytes).
    Removing gd32f1x0_rtc.o(i.rtc_second_adjust), (108 bytes).
    Removing gd32f1x0_rtc.o(i.rtc_subsecond_get), (20 bytes).
    Removing gd32f1x0_rtc.o(i.rtc_tamper_disable), (16 bytes).
    Removing gd32f1x0_rtc.o(i.rtc_tamper_enable), (164 bytes).
    Removing gd32f1x0_rtc.o(i.rtc_timestamp_disable), (40 bytes).
    Removing gd32f1x0_rtc.o(i.rtc_timestamp_enable), (48 bytes).
    Removing gd32f1x0_rtc.o(i.rtc_timestamp_get), (60 bytes).
    Removing gd32f1x0_rtc.o(i.rtc_timestamp_subsecond_get), (12 bytes).
    Removing gd32f1x0_spi.o(.rev16_text), (4 bytes).
    Removing gd32f1x0_spi.o(.revsh_text), (4 bytes).
    Removing gd32f1x0_spi.o(.rrx_text), (6 bytes).
    Removing gd32f1x0_spi.o(i.i2s_disable), (10 bytes).
    Removing gd32f1x0_spi.o(i.i2s_enable), (10 bytes).
    Removing gd32f1x0_spi.o(i.i2s_init), (28 bytes).
    Removing gd32f1x0_spi.o(i.i2s_psc_config), (164 bytes).
    Removing gd32f1x0_spi.o(i.spi_bidirectional_transfer_config), (26 bytes).
    Removing gd32f1x0_spi.o(i.spi_crc_error_clear), (10 bytes).
    Removing gd32f1x0_spi.o(i.spi_crc_get), (16 bytes).
    Removing gd32f1x0_spi.o(i.spi_crc_next), (10 bytes).
    Removing gd32f1x0_spi.o(i.spi_crc_off), (10 bytes).
    Removing gd32f1x0_spi.o(i.spi_crc_on), (10 bytes).
    Removing gd32f1x0_spi.o(i.spi_crc_polynomial_get), (8 bytes).
    Removing gd32f1x0_spi.o(i.spi_crc_polynomial_set), (12 bytes).
    Removing gd32f1x0_spi.o(i.spi_disable), (10 bytes).
    Removing gd32f1x0_spi.o(i.spi_dma_disable), (22 bytes).
    Removing gd32f1x0_spi.o(i.spi_dma_enable), (22 bytes).
    Removing gd32f1x0_spi.o(i.spi_enable), (10 bytes).
    Removing gd32f1x0_spi.o(i.spi_i2s_data_frame_format_config), (16 bytes).
    Removing gd32f1x0_spi.o(i.spi_i2s_data_receive), (8 bytes).
    Removing gd32f1x0_spi.o(i.spi_i2s_data_transmit), (4 bytes).
    Removing gd32f1x0_spi.o(i.spi_i2s_deinit), (88 bytes).
    Removing gd32f1x0_spi.o(i.spi_i2s_flag_get), (16 bytes).
    Removing gd32f1x0_spi.o(i.spi_i2s_interrupt_disable), (48 bytes).
    Removing gd32f1x0_spi.o(i.spi_i2s_interrupt_enable), (48 bytes).
    Removing gd32f1x0_spi.o(i.spi_i2s_interrupt_flag_get), (100 bytes).
    Removing gd32f1x0_spi.o(i.spi_init), (50 bytes).
    Removing gd32f1x0_spi.o(i.spi_nss_internal_high), (10 bytes).
    Removing gd32f1x0_spi.o(i.spi_nss_internal_low), (10 bytes).
    Removing gd32f1x0_spi.o(i.spi_nss_output_disable), (10 bytes).
    Removing gd32f1x0_spi.o(i.spi_nss_output_enable), (10 bytes).
    Removing gd32f1x0_spi.o(i.spi_struct_para_init), (18 bytes).
    Removing gd32f1x0_syscfg.o(.rev16_text), (4 bytes).
    Removing gd32f1x0_syscfg.o(.revsh_text), (4 bytes).
    Removing gd32f1x0_syscfg.o(.rrx_text), (6 bytes).
    Removing gd32f1x0_syscfg.o(i.syscfg_deinit), (20 bytes).
    Removing gd32f1x0_syscfg.o(i.syscfg_dma_remap_disable), (16 bytes).
    Removing gd32f1x0_syscfg.o(i.syscfg_dma_remap_enable), (16 bytes).
    Removing gd32f1x0_syscfg.o(i.syscfg_exti_line_config), (160 bytes).
    Removing gd32f1x0_syscfg.o(i.syscfg_flag_clear), (16 bytes).
    Removing gd32f1x0_syscfg.o(i.syscfg_flag_get), (24 bytes).
    Removing gd32f1x0_syscfg.o(i.syscfg_high_current_disable), (20 bytes).
    Removing gd32f1x0_syscfg.o(i.syscfg_high_current_enable), (20 bytes).
    Removing gd32f1x0_syscfg.o(i.syscfg_lock_config), (16 bytes).
    Removing gd32f1x0_timer.o(.rev16_text), (4 bytes).
    Removing gd32f1x0_timer.o(.revsh_text), (4 bytes).
    Removing gd32f1x0_timer.o(.rrx_text), (6 bytes).
    Removing gd32f1x0_timer.o(i.timer_auto_reload_shadow_disable), (10 bytes).
    Removing gd32f1x0_timer.o(i.timer_auto_reload_shadow_enable), (10 bytes).
    Removing gd32f1x0_timer.o(i.timer_automatic_output_disable), (10 bytes).
    Removing gd32f1x0_timer.o(i.timer_automatic_output_enable), (10 bytes).
    Removing gd32f1x0_timer.o(i.timer_autoreload_value_config), (4 bytes).
    Removing gd32f1x0_timer.o(i.timer_break_config), (30 bytes).
    Removing gd32f1x0_timer.o(i.timer_break_disable), (10 bytes).
    Removing gd32f1x0_timer.o(i.timer_break_enable), (10 bytes).
    Removing gd32f1x0_timer.o(i.timer_break_struct_para_init), (18 bytes).
    Removing gd32f1x0_timer.o(i.timer_channel_capture_value_register_read), (42 bytes).
    Removing gd32f1x0_timer.o(i.timer_channel_complementary_output_polarity_config), (92 bytes).
    Removing gd32f1x0_timer.o(i.timer_channel_complementary_output_state_config), (70 bytes).
    Removing gd32f1x0_timer.o(i.timer_channel_control_shadow_config), (24 bytes).
    Removing gd32f1x0_timer.o(i.timer_channel_control_shadow_update_config), (26 bytes).
    Removing gd32f1x0_timer.o(i.timer_channel_dma_request_source_select), (26 bytes).
    Removing gd32f1x0_timer.o(i.timer_channel_input_capture_prescaler_config), (90 bytes).
    Removing gd32f1x0_timer.o(i.timer_channel_input_struct_para_init), (16 bytes).
    Removing gd32f1x0_timer.o(i.timer_channel_output_clear_config), (90 bytes).
    Removing gd32f1x0_timer.o(i.timer_channel_output_config), (520 bytes).
    Removing gd32f1x0_timer.o(i.timer_channel_output_fast_config), (90 bytes).
    Removing gd32f1x0_timer.o(i.timer_channel_output_mode_config), (90 bytes).
    Removing gd32f1x0_timer.o(i.timer_channel_output_polarity_config), (92 bytes).
    Removing gd32f1x0_timer.o(i.timer_channel_output_pulse_value_config), (38 bytes).
    Removing gd32f1x0_timer.o(i.timer_channel_output_shadow_config), (90 bytes).
    Removing gd32f1x0_timer.o(i.timer_channel_output_state_config), (92 bytes).
    Removing gd32f1x0_timer.o(i.timer_channel_output_struct_para_init), (16 bytes).
    Removing gd32f1x0_timer.o(i.timer_channel_remap_config), (4 bytes).
    Removing gd32f1x0_timer.o(i.timer_counter_alignment), (16 bytes).
    Removing gd32f1x0_timer.o(i.timer_counter_down_direction), (10 bytes).
    Removing gd32f1x0_timer.o(i.timer_counter_read), (8 bytes).
    Removing gd32f1x0_timer.o(i.timer_counter_up_direction), (10 bytes).
    Removing gd32f1x0_timer.o(i.timer_counter_value_config), (4 bytes).
    Removing gd32f1x0_timer.o(i.timer_deinit), (220 bytes).
    Removing gd32f1x0_timer.o(i.timer_disable), (10 bytes).
    Removing gd32f1x0_timer.o(i.timer_dma_disable), (8 bytes).
    Removing gd32f1x0_timer.o(i.timer_dma_enable), (8 bytes).
    Removing gd32f1x0_timer.o(i.timer_dma_transfer_config), (24 bytes).
    Removing gd32f1x0_timer.o(i.timer_enable), (10 bytes).
    Removing gd32f1x0_timer.o(i.timer_event_software_generate), (8 bytes).
    Removing gd32f1x0_timer.o(i.timer_external_clock_mode0_config), (40 bytes).
    Removing gd32f1x0_timer.o(i.timer_external_clock_mode1_config), (32 bytes).
    Removing gd32f1x0_timer.o(i.timer_external_clock_mode1_disable), (10 bytes).
    Removing gd32f1x0_timer.o(i.timer_external_trigger_as_external_clock_config), (166 bytes).
    Removing gd32f1x0_timer.o(i.timer_external_trigger_config), (30 bytes).
    Removing gd32f1x0_timer.o(i.timer_flag_clear), (6 bytes).
    Removing gd32f1x0_timer.o(i.timer_flag_get), (16 bytes).
    Removing gd32f1x0_timer.o(i.timer_hall_mode_config), (26 bytes).
    Removing gd32f1x0_timer.o(i.timer_init), (172 bytes).
    Removing gd32f1x0_timer.o(i.timer_input_capture_config), (326 bytes).
    Removing gd32f1x0_timer.o(i.timer_input_pwm_capture_config), (356 bytes).
    Removing gd32f1x0_timer.o(i.timer_input_trigger_source_select), (16 bytes).
    Removing gd32f1x0_timer.o(i.timer_internal_clock_config), (10 bytes).
    Removing gd32f1x0_timer.o(i.timer_internal_trigger_as_external_clock_config), (32 bytes).
    Removing gd32f1x0_timer.o(i.timer_interrupt_disable), (8 bytes).
    Removing gd32f1x0_timer.o(i.timer_interrupt_enable), (8 bytes).
    Removing gd32f1x0_timer.o(i.timer_interrupt_flag_clear), (6 bytes).
    Removing gd32f1x0_timer.o(i.timer_interrupt_flag_get), (24 bytes).
    Removing gd32f1x0_timer.o(i.timer_master_output_trigger_source_select), (16 bytes).
    Removing gd32f1x0_timer.o(i.timer_master_slave_mode_config), (26 bytes).
    Removing gd32f1x0_timer.o(i.timer_ocpre_clear_source_config), (26 bytes).
    Removing gd32f1x0_timer.o(i.timer_prescaler_config), (14 bytes).
    Removing gd32f1x0_timer.o(i.timer_prescaler_read), (10 bytes).
    Removing gd32f1x0_timer.o(i.timer_primary_output_config), (24 bytes).
    Removing gd32f1x0_timer.o(i.timer_quadrature_decoder_mode_config), (64 bytes).
    Removing gd32f1x0_timer.o(i.timer_repetition_value_config), (4 bytes).
    Removing gd32f1x0_timer.o(i.timer_single_pulse_mode_config), (26 bytes).
    Removing gd32f1x0_timer.o(i.timer_slave_mode_select), (16 bytes).
    Removing gd32f1x0_timer.o(i.timer_struct_para_init), (22 bytes).
    Removing gd32f1x0_timer.o(i.timer_update_event_disable), (10 bytes).
    Removing gd32f1x0_timer.o(i.timer_update_event_enable), (10 bytes).
    Removing gd32f1x0_timer.o(i.timer_update_source_config), (26 bytes).
    Removing gd32f1x0_tsi.o(.rev16_text), (4 bytes).
    Removing gd32f1x0_tsi.o(.revsh_text), (4 bytes).
    Removing gd32f1x0_tsi.o(.rrx_text), (6 bytes).
    Removing gd32f1x0_tsi.o(i.tsi_analog_off), (16 bytes).
    Removing gd32f1x0_tsi.o(i.tsi_analog_on), (16 bytes).
    Removing gd32f1x0_tsi.o(i.tsi_channel_pin_disable), (16 bytes).
    Removing gd32f1x0_tsi.o(i.tsi_channel_pin_enable), (16 bytes).
    Removing gd32f1x0_tsi.o(i.tsi_deinit), (20 bytes).
    Removing gd32f1x0_tsi.o(i.tsi_disable), (20 bytes).
    Removing gd32f1x0_tsi.o(i.tsi_enable), (20 bytes).
    Removing gd32f1x0_tsi.o(i.tsi_extend_charge_config), (100 bytes).
    Removing gd32f1x0_tsi.o(i.tsi_flag_clear), (16 bytes).
    Removing gd32f1x0_tsi.o(i.tsi_flag_get), (24 bytes).
    Removing gd32f1x0_tsi.o(i.tsi_group0_cycle_get), (12 bytes).
    Removing gd32f1x0_tsi.o(i.tsi_group1_cycle_get), (12 bytes).
    Removing gd32f1x0_tsi.o(i.tsi_group2_cycle_get), (12 bytes).
    Removing gd32f1x0_tsi.o(i.tsi_group3_cycle_get), (12 bytes).
    Removing gd32f1x0_tsi.o(i.tsi_group4_cycle_get), (12 bytes).
    Removing gd32f1x0_tsi.o(i.tsi_group5_cycle_get), (12 bytes).
    Removing gd32f1x0_tsi.o(i.tsi_group_disable), (16 bytes).
    Removing gd32f1x0_tsi.o(i.tsi_group_enable), (16 bytes).
    Removing gd32f1x0_tsi.o(i.tsi_group_status_get), (24 bytes).
    Removing gd32f1x0_tsi.o(i.tsi_hardware_mode_config), (56 bytes).
    Removing gd32f1x0_tsi.o(i.tsi_hysteresis_off), (16 bytes).
    Removing gd32f1x0_tsi.o(i.tsi_hysteresis_on), (16 bytes).
    Removing gd32f1x0_tsi.o(i.tsi_init), (48 bytes).
    Removing gd32f1x0_tsi.o(i.tsi_interrupt_disable), (16 bytes).
    Removing gd32f1x0_tsi.o(i.tsi_interrupt_enable), (16 bytes).
    Removing gd32f1x0_tsi.o(i.tsi_interrupt_flag_clear), (16 bytes).
    Removing gd32f1x0_tsi.o(i.tsi_interrupt_flag_get), (40 bytes).
    Removing gd32f1x0_tsi.o(i.tsi_max_number_config), (32 bytes).
    Removing gd32f1x0_tsi.o(i.tsi_pin_mode_config), (44 bytes).
    Removing gd32f1x0_tsi.o(i.tsi_plus_config), (48 bytes).
    Removing gd32f1x0_tsi.o(i.tsi_sample_pin_disable), (28 bytes).
    Removing gd32f1x0_tsi.o(i.tsi_sample_pin_enable), (28 bytes).
    Removing gd32f1x0_tsi.o(i.tsi_software_mode_config), (28 bytes).
    Removing gd32f1x0_tsi.o(i.tsi_software_start), (20 bytes).
    Removing gd32f1x0_tsi.o(i.tsi_software_stop), (20 bytes).
    Removing gd32f1x0_usart.o(.rev16_text), (4 bytes).
    Removing gd32f1x0_usart.o(.revsh_text), (4 bytes).
    Removing gd32f1x0_usart.o(.rrx_text), (6 bytes).
    Removing gd32f1x0_usart.o(i.usart_address_config), (32 bytes).
    Removing gd32f1x0_usart.o(i.usart_address_detection_mode_config), (28 bytes).
    Removing gd32f1x0_usart.o(i.usart_autobaud_detection_disable), (10 bytes).
    Removing gd32f1x0_usart.o(i.usart_autobaud_detection_enable), (10 bytes).
    Removing gd32f1x0_usart.o(i.usart_autobaud_detection_mode_config), (16 bytes).
    Removing gd32f1x0_usart.o(i.usart_block_length_config), (24 bytes).
    Removing gd32f1x0_usart.o(i.usart_clock_disable), (18 bytes).
    Removing gd32f1x0_usart.o(i.usart_clock_enable), (18 bytes).
    Removing gd32f1x0_usart.o(i.usart_command_enable), (8 bytes).
    Removing gd32f1x0_usart.o(i.usart_data_first_config), (28 bytes).
    Removing gd32f1x0_usart.o(i.usart_data_receive), (10 bytes).
    Removing gd32f1x0_usart.o(i.usart_data_transmit), (8 bytes).
    Removing gd32f1x0_usart.o(i.usart_depolarity_config), (28 bytes).
    Removing gd32f1x0_usart.o(i.usart_disable), (10 bytes).
    Removing gd32f1x0_usart.o(i.usart_driver_assertime_config), (32 bytes).
    Removing gd32f1x0_usart.o(i.usart_driver_deassertime_config), (32 bytes).
    Removing gd32f1x0_usart.o(i.usart_flag_clear), (18 bytes).
    Removing gd32f1x0_usart.o(i.usart_flag_get), (30 bytes).
    Removing gd32f1x0_usart.o(i.usart_guard_time_config), (32 bytes).
    Removing gd32f1x0_usart.o(i.usart_halfduplex_disable), (18 bytes).
    Removing gd32f1x0_usart.o(i.usart_halfduplex_enable), (18 bytes).
    Removing gd32f1x0_usart.o(i.usart_hardware_flow_cts_config), (24 bytes).
    Removing gd32f1x0_usart.o(i.usart_hardware_flow_rts_config), (24 bytes).
    Removing gd32f1x0_usart.o(i.usart_interrupt_disable), (26 bytes).
    Removing gd32f1x0_usart.o(i.usart_interrupt_enable), (26 bytes).
    Removing gd32f1x0_usart.o(i.usart_interrupt_flag_clear), (18 bytes).
    Removing gd32f1x0_usart.o(i.usart_interrupt_flag_get), (56 bytes).
    Removing gd32f1x0_usart.o(i.usart_invert_config), (110 bytes).
    Removing gd32f1x0_usart.o(i.usart_irda_lowpower_config), (28 bytes).
    Removing gd32f1x0_usart.o(i.usart_irda_mode_disable), (18 bytes).
    Removing gd32f1x0_usart.o(i.usart_irda_mode_enable), (18 bytes).
    Removing gd32f1x0_usart.o(i.usart_lin_break_detection_length_config), (28 bytes).
    Removing gd32f1x0_usart.o(i.usart_lin_mode_disable), (18 bytes).
    Removing gd32f1x0_usart.o(i.usart_lin_mode_enable), (18 bytes).
    Removing gd32f1x0_usart.o(i.usart_mute_mode_disable), (10 bytes).
    Removing gd32f1x0_usart.o(i.usart_mute_mode_enable), (10 bytes).
    Removing gd32f1x0_usart.o(i.usart_mute_mode_wakeup_config), (24 bytes).
    Removing gd32f1x0_usart.o(i.usart_overrun_disable), (18 bytes).
    Removing gd32f1x0_usart.o(i.usart_overrun_enable), (18 bytes).
    Removing gd32f1x0_usart.o(i.usart_oversample_config), (24 bytes).
    Removing gd32f1x0_usart.o(i.usart_parity_config), (24 bytes).
    Removing gd32f1x0_usart.o(i.usart_prescaler_config), (24 bytes).
    Removing gd32f1x0_usart.o(i.usart_receiver_timeout_disable), (10 bytes).
    Removing gd32f1x0_usart.o(i.usart_receiver_timeout_enable), (10 bytes).
    Removing gd32f1x0_usart.o(i.usart_receiver_timeout_threshold_config), (16 bytes).
    Removing gd32f1x0_usart.o(i.usart_reception_error_dma_disable), (18 bytes).
    Removing gd32f1x0_usart.o(i.usart_reception_error_dma_enable), (18 bytes).
    Removing gd32f1x0_usart.o(i.usart_rs485_driver_disable), (18 bytes).
    Removing gd32f1x0_usart.o(i.usart_rs485_driver_enable), (18 bytes).
    Removing gd32f1x0_usart.o(i.usart_sample_bit_config), (24 bytes).
    Removing gd32f1x0_usart.o(i.usart_smartcard_autoretry_config), (32 bytes).
    Removing gd32f1x0_usart.o(i.usart_smartcard_mode_disable), (18 bytes).
    Removing gd32f1x0_usart.o(i.usart_smartcard_mode_enable), (18 bytes).
    Removing gd32f1x0_usart.o(i.usart_smartcard_mode_nack_disable), (18 bytes).
    Removing gd32f1x0_usart.o(i.usart_smartcard_mode_nack_enable), (18 bytes).
    Removing gd32f1x0_usart.o(i.usart_stop_bit_set), (24 bytes).
    Removing gd32f1x0_usart.o(i.usart_synchronous_clock_config), (50 bytes).
    Removing gd32f1x0_usart.o(i.usart_wakeup_disable), (10 bytes).
    Removing gd32f1x0_usart.o(i.usart_wakeup_enable), (10 bytes).
    Removing gd32f1x0_usart.o(i.usart_wakeup_mode_config), (28 bytes).
    Removing gd32f1x0_usart.o(i.usart_word_length_set), (24 bytes).
    Removing gd32f1x0_wwdgt.o(.rev16_text), (4 bytes).
    Removing gd32f1x0_wwdgt.o(.revsh_text), (4 bytes).
    Removing gd32f1x0_wwdgt.o(.rrx_text), (6 bytes).
    Removing gd32f1x0_wwdgt.o(i.wwdgt_config), (56 bytes).
    Removing gd32f1x0_wwdgt.o(i.wwdgt_counter_update), (28 bytes).
    Removing gd32f1x0_wwdgt.o(i.wwdgt_deinit), (20 bytes).
    Removing gd32f1x0_wwdgt.o(i.wwdgt_enable), (20 bytes).
    Removing gd32f1x0_wwdgt.o(i.wwdgt_flag_clear), (20 bytes).
    Removing gd32f1x0_wwdgt.o(i.wwdgt_flag_get), (24 bytes).
    Removing gd32f1x0_wwdgt.o(i.wwdgt_interrupt_enable), (20 bytes).
    Removing gd32f150r_eval.o(.rev16_text), (4 bytes).
    Removing gd32f150r_eval.o(.revsh_text), (4 bytes).
    Removing gd32f150r_eval.o(.rrx_text), (6 bytes).
    Removing gd32f150r_eval.o(i.gd_eval_key_init), (128 bytes).
    Removing gd32f150r_eval.o(i.gd_eval_key_state_get), (32 bytes).
    Removing gd32f150r_eval.o(i.gd_eval_led_toggle), (36 bytes).
    Removing startup_gd32f1x0.o(HEAP), (1024 bytes).

601 unused section(s) (total 21294 bytes) removed from the image.

==============================================================================

Image Symbol Table

    Local Symbols

    Symbol Name                              Value     Ov Type        Size  Object(Section)

    ../clib/../cmprslib/zerorunl2.c          0x00000000   Number         0  __dczerorl2.o ABSOLUTE
    ../clib/microlib/init/entry.s            0x00000000   Number         0  entry8b.o ABSOLUTE
    ../clib/microlib/init/entry.s            0x00000000   Number         0  entry12a.o ABSOLUTE
    ../clib/microlib/init/entry.s            0x00000000   Number         0  entry11a.o ABSOLUTE
    ../clib/microlib/init/entry.s            0x00000000   Number         0  entry10b.o ABSOLUTE
    ../clib/microlib/init/entry.s            0x00000000   Number         0  entry11b.o ABSOLUTE
    ../clib/microlib/init/entry.s            0x00000000   Number         0  entry10a.o ABSOLUTE
    ../clib/microlib/init/entry.s            0x00000000   Number         0  entry9b.o ABSOLUTE
    ../clib/microlib/init/entry.s            0x00000000   Number         0  entry9a.o ABSOLUTE
    ../clib/microlib/init/entry.s            0x00000000   Number         0  entry.o ABSOLUTE
    ../clib/microlib/init/entry.s            0x00000000   Number         0  entry2.o ABSOLUTE
    ../clib/microlib/init/entry.s            0x00000000   Number         0  entry8a.o ABSOLUTE
    ../clib/microlib/init/entry.s            0x00000000   Number         0  entry7b.o ABSOLUTE
    ../clib/microlib/init/entry.s            0x00000000   Number         0  entry7a.o ABSOLUTE
    ../clib/microlib/init/entry.s            0x00000000   Number         0  entry12b.o ABSOLUTE
    ../clib/microlib/init/entry.s            0x00000000   Number         0  entry5.o ABSOLUTE
    ..\..\..\..\GD32F1x0_Firmware_Library\CMSIS\GD\GD32F1x0\Source\ARM\startup_gd32f1x0.s 0x00000000   Number         0  startup_gd32f1x0.o ABSOLUTE
    ..\..\..\..\GD32F1x0_Firmware_Library\CMSIS\GD\GD32F1x0\Source\system_gd32f1x0.c 0x00000000   Number         0  system_gd32f1x0.o ABSOLUTE
    ..\..\..\..\GD32F1x0_Firmware_Library\GD32F1x0_standard_peripheral\Source\gd32f1x0_adc.c 0x00000000   Number         0  gd32f1x0_adc.o ABSOLUTE
    ..\..\..\..\GD32F1x0_Firmware_Library\GD32F1x0_standard_peripheral\Source\gd32f1x0_can.c 0x00000000   Number         0  gd32f1x0_can.o ABSOLUTE
    ..\..\..\..\GD32F1x0_Firmware_Library\GD32F1x0_standard_peripheral\Source\gd32f1x0_cec.c 0x00000000   Number         0  gd32f1x0_cec.o ABSOLUTE
    ..\..\..\..\GD32F1x0_Firmware_Library\GD32F1x0_standard_peripheral\Source\gd32f1x0_cmp.c 0x00000000   Number         0  gd32f1x0_cmp.o ABSOLUTE
    ..\..\..\..\GD32F1x0_Firmware_Library\GD32F1x0_standard_peripheral\Source\gd32f1x0_crc.c 0x00000000   Number         0  gd32f1x0_crc.o ABSOLUTE
    ..\..\..\..\GD32F1x0_Firmware_Library\GD32F1x0_standard_peripheral\Source\gd32f1x0_dac.c 0x00000000   Number         0  gd32f1x0_dac.o ABSOLUTE
    ..\..\..\..\GD32F1x0_Firmware_Library\GD32F1x0_standard_peripheral\Source\gd32f1x0_dbg.c 0x00000000   Number         0  gd32f1x0_dbg.o ABSOLUTE
    ..\..\..\..\GD32F1x0_Firmware_Library\GD32F1x0_standard_peripheral\Source\gd32f1x0_dma.c 0x00000000   Number         0  gd32f1x0_dma.o ABSOLUTE
    ..\..\..\..\GD32F1x0_Firmware_Library\GD32F1x0_standard_peripheral\Source\gd32f1x0_exti.c 0x00000000   Number         0  gd32f1x0_exti.o ABSOLUTE
    ..\..\..\..\GD32F1x0_Firmware_Library\GD32F1x0_standard_peripheral\Source\gd32f1x0_fmc.c 0x00000000   Number         0  gd32f1x0_fmc.o ABSOLUTE
    ..\..\..\..\GD32F1x0_Firmware_Library\GD32F1x0_standard_peripheral\Source\gd32f1x0_fwdgt.c 0x00000000   Number         0  gd32f1x0_fwdgt.o ABSOLUTE
    ..\..\..\..\GD32F1x0_Firmware_Library\GD32F1x0_standard_peripheral\Source\gd32f1x0_gpio.c 0x00000000   Number         0  gd32f1x0_gpio.o ABSOLUTE
    ..\..\..\..\GD32F1x0_Firmware_Library\GD32F1x0_standard_peripheral\Source\gd32f1x0_i2c.c 0x00000000   Number         0  gd32f1x0_i2c.o ABSOLUTE
    ..\..\..\..\GD32F1x0_Firmware_Library\GD32F1x0_standard_peripheral\Source\gd32f1x0_ivref.c 0x00000000   Number         0  gd32f1x0_ivref.o ABSOLUTE
    ..\..\..\..\GD32F1x0_Firmware_Library\GD32F1x0_standard_peripheral\Source\gd32f1x0_misc.c 0x00000000   Number         0  gd32f1x0_misc.o ABSOLUTE
    ..\..\..\..\GD32F1x0_Firmware_Library\GD32F1x0_standard_peripheral\Source\gd32f1x0_opa.c 0x00000000   Number         0  gd32f1x0_opa.o ABSOLUTE
    ..\..\..\..\GD32F1x0_Firmware_Library\GD32F1x0_standard_peripheral\Source\gd32f1x0_pmu.c 0x00000000   Number         0  gd32f1x0_pmu.o ABSOLUTE
    ..\..\..\..\GD32F1x0_Firmware_Library\GD32F1x0_standard_peripheral\Source\gd32f1x0_rcu.c 0x00000000   Number         0  gd32f1x0_rcu.o ABSOLUTE
    ..\..\..\..\GD32F1x0_Firmware_Library\GD32F1x0_standard_peripheral\Source\gd32f1x0_rtc.c 0x00000000   Number         0  gd32f1x0_rtc.o ABSOLUTE
    ..\..\..\..\GD32F1x0_Firmware_Library\GD32F1x0_standard_peripheral\Source\gd32f1x0_slcd.c 0x00000000   Number         0  gd32f1x0_slcd.o ABSOLUTE
    ..\..\..\..\GD32F1x0_Firmware_Library\GD32F1x0_standard_peripheral\Source\gd32f1x0_spi.c 0x00000000   Number         0  gd32f1x0_spi.o ABSOLUTE
    ..\..\..\..\GD32F1x0_Firmware_Library\GD32F1x0_standard_peripheral\Source\gd32f1x0_syscfg.c 0x00000000   Number         0  gd32f1x0_syscfg.o ABSOLUTE
    ..\..\..\..\GD32F1x0_Firmware_Library\GD32F1x0_standard_peripheral\Source\gd32f1x0_timer.c 0x00000000   Number         0  gd32f1x0_timer.o ABSOLUTE
    ..\..\..\..\GD32F1x0_Firmware_Library\GD32F1x0_standard_peripheral\Source\gd32f1x0_tsi.c 0x00000000   Number         0  gd32f1x0_tsi.o ABSOLUTE
    ..\..\..\..\GD32F1x0_Firmware_Library\GD32F1x0_standard_peripheral\Source\gd32f1x0_usart.c 0x00000000   Number         0  gd32f1x0_usart.o ABSOLUTE
    ..\..\..\..\GD32F1x0_Firmware_Library\GD32F1x0_standard_peripheral\Source\gd32f1x0_wwdgt.c 0x00000000   Number         0  gd32f1x0_wwdgt.o ABSOLUTE
    ..\..\..\Utilities\gd32f150r_eval.c      0x00000000   Number         0  gd32f150r_eval.o ABSOLUTE
    ..\\..\\..\\..\\GD32F1x0_Firmware_Library\\CMSIS\\GD\\GD32F1x0\\Source\\system_gd32f1x0.c 0x00000000   Number         0  system_gd32f1x0.o ABSOLUTE
    ..\\..\\..\\..\\GD32F1x0_Firmware_Library\\GD32F1x0_standard_peripheral\\Source\\gd32f1x0_adc.c 0x00000000   Number         0  gd32f1x0_adc.o ABSOLUTE
    ..\\..\\..\\..\\GD32F1x0_Firmware_Library\\GD32F1x0_standard_peripheral\\Source\\gd32f1x0_cec.c 0x00000000   Number         0  gd32f1x0_cec.o ABSOLUTE
    ..\\..\\..\\..\\GD32F1x0_Firmware_Library\\GD32F1x0_standard_peripheral\\Source\\gd32f1x0_cmp.c 0x00000000   Number         0  gd32f1x0_cmp.o ABSOLUTE
    ..\\..\\..\\..\\GD32F1x0_Firmware_Library\\GD32F1x0_standard_peripheral\\Source\\gd32f1x0_crc.c 0x00000000   Number         0  gd32f1x0_crc.o ABSOLUTE
    ..\\..\\..\\..\\GD32F1x0_Firmware_Library\\GD32F1x0_standard_peripheral\\Source\\gd32f1x0_dac.c 0x00000000   Number         0  gd32f1x0_dac.o ABSOLUTE
    ..\\..\\..\\..\\GD32F1x0_Firmware_Library\\GD32F1x0_standard_peripheral\\Source\\gd32f1x0_dbg.c 0x00000000   Number         0  gd32f1x0_dbg.o ABSOLUTE
    ..\\..\\..\\..\\GD32F1x0_Firmware_Library\\GD32F1x0_standard_peripheral\\Source\\gd32f1x0_dma.c 0x00000000   Number         0  gd32f1x0_dma.o ABSOLUTE
    ..\\..\\..\\..\\GD32F1x0_Firmware_Library\\GD32F1x0_standard_peripheral\\Source\\gd32f1x0_exti.c 0x00000000   Number         0  gd32f1x0_exti.o ABSOLUTE
    ..\\..\\..\\..\\GD32F1x0_Firmware_Library\\GD32F1x0_standard_peripheral\\Source\\gd32f1x0_fmc.c 0x00000000   Number         0  gd32f1x0_fmc.o ABSOLUTE
    ..\\..\\..\\..\\GD32F1x0_Firmware_Library\\GD32F1x0_standard_peripheral\\Source\\gd32f1x0_fwdgt.c 0x00000000   Number         0  gd32f1x0_fwdgt.o ABSOLUTE
    ..\\..\\..\\..\\GD32F1x0_Firmware_Library\\GD32F1x0_standard_peripheral\\Source\\gd32f1x0_gpio.c 0x00000000   Number         0  gd32f1x0_gpio.o ABSOLUTE
    ..\\..\\..\\..\\GD32F1x0_Firmware_Library\\GD32F1x0_standard_peripheral\\Source\\gd32f1x0_i2c.c 0x00000000   Number         0  gd32f1x0_i2c.o ABSOLUTE
    ..\\..\\..\\..\\GD32F1x0_Firmware_Library\\GD32F1x0_standard_peripheral\\Source\\gd32f1x0_misc.c 0x00000000   Number         0  gd32f1x0_misc.o ABSOLUTE
    ..\\..\\..\\..\\GD32F1x0_Firmware_Library\\GD32F1x0_standard_peripheral\\Source\\gd32f1x0_pmu.c 0x00000000   Number         0  gd32f1x0_pmu.o ABSOLUTE
    ..\\..\\..\\..\\GD32F1x0_Firmware_Library\\GD32F1x0_standard_peripheral\\Source\\gd32f1x0_rcu.c 0x00000000   Number         0  gd32f1x0_rcu.o ABSOLUTE
    ..\\..\\..\\..\\GD32F1x0_Firmware_Library\\GD32F1x0_standard_peripheral\\Source\\gd32f1x0_rtc.c 0x00000000   Number         0  gd32f1x0_rtc.o ABSOLUTE
    ..\\..\\..\\..\\GD32F1x0_Firmware_Library\\GD32F1x0_standard_peripheral\\Source\\gd32f1x0_spi.c 0x00000000   Number         0  gd32f1x0_spi.o ABSOLUTE
    ..\\..\\..\\..\\GD32F1x0_Firmware_Library\\GD32F1x0_standard_peripheral\\Source\\gd32f1x0_syscfg.c 0x00000000   Number         0  gd32f1x0_syscfg.o ABSOLUTE
    ..\\..\\..\\..\\GD32F1x0_Firmware_Library\\GD32F1x0_standard_peripheral\\Source\\gd32f1x0_timer.c 0x00000000   Number         0  gd32f1x0_timer.o ABSOLUTE
    ..\\..\\..\\..\\GD32F1x0_Firmware_Library\\GD32F1x0_standard_peripheral\\Source\\gd32f1x0_tsi.c 0x00000000   Number         0  gd32f1x0_tsi.o ABSOLUTE
    ..\\..\\..\\..\\GD32F1x0_Firmware_Library\\GD32F1x0_standard_peripheral\\Source\\gd32f1x0_usart.c 0x00000000   Number         0  gd32f1x0_usart.o ABSOLUTE
    ..\\..\\..\\..\\GD32F1x0_Firmware_Library\\GD32F1x0_standard_peripheral\\Source\\gd32f1x0_wwdgt.c 0x00000000   Number         0  gd32f1x0_wwdgt.o ABSOLUTE
    ..\\..\\..\\Utilities\\gd32f150r_eval.c  0x00000000   Number         0  gd32f150r_eval.o ABSOLUTE
    ..\\gd32f1x0_it.c                        0x00000000   Number         0  gd32f1x0_it.o ABSOLUTE
    ..\\main.c                               0x00000000   Number         0  main.o ABSOLUTE
    ..\\systick.c                            0x00000000   Number         0  systick.o ABSOLUTE
    ..\gd32f1x0_it.c                         0x00000000   Number         0  gd32f1x0_it.o ABSOLUTE
    ..\main.c                                0x00000000   Number         0  main.o ABSOLUTE
    ..\systick.c                             0x00000000   Number         0  systick.o ABSOLUTE
    dc.s                                     0x00000000   Number         0  dc.o ABSOLUTE
    handlers.s                               0x00000000   Number         0  handlers.o ABSOLUTE
    init.s                                   0x00000000   Number         0  init.o ABSOLUTE
    RESET                                    0x08000000   Section      360  startup_gd32f1x0.o(RESET)
    .ARM.Collect$$$$00000000                 0x08000168   Section        0  entry.o(.ARM.Collect$$$$00000000)
    .ARM.Collect$$$$00000001                 0x08000168   Section        4  entry2.o(.ARM.Collect$$$$00000001)
    .ARM.Collect$$$$00000004                 0x0800016c   Section        4  entry5.o(.ARM.Collect$$$$00000004)
    .ARM.Collect$$$$00000008                 0x08000170   Section        0  entry7b.o(.ARM.Collect$$$$00000008)
    .ARM.Collect$$$$0000000A                 0x08000170   Section        0  entry8b.o(.ARM.Collect$$$$0000000A)
    .ARM.Collect$$$$0000000B                 0x08000170   Section        8  entry9a.o(.ARM.Collect$$$$0000000B)
    .ARM.Collect$$$$0000000E                 0x08000178   Section        4  entry12b.o(.ARM.Collect$$$$0000000E)
    .ARM.Collect$$$$0000000F                 0x0800017c   Section        0  entry10a.o(.ARM.Collect$$$$0000000F)
    .ARM.Collect$$$$00000011                 0x0800017c   Section        0  entry11a.o(.ARM.Collect$$$$00000011)
    .ARM.Collect$$$$00002712                 0x0800017c   Section        4  entry2.o(.ARM.Collect$$$$00002712)
    __lit__00000000                          0x0800017c   Data           4  entry2.o(.ARM.Collect$$$$00002712)
    .text                                    0x08000180   Section       36  startup_gd32f1x0.o(.text)
    .text                                    0x080001a4   Section       36  init.o(.text)
    .text                                    0x080001c8   Section        0  __dczerorl2.o(.text)
    i.BusFault_Handler                       0x0800021e   Section        0  gd32f1x0_it.o(i.BusFault_Handler)
    i.DebugMon_Handler                       0x08000222   Section        0  gd32f1x0_it.o(i.DebugMon_Handler)
    i.HardFault_Handler                      0x08000224   Section        0  gd32f1x0_it.o(i.HardFault_Handler)
    i.MemManage_Handler                      0x08000228   Section        0  gd32f1x0_it.o(i.MemManage_Handler)
    i.NMI_Handler                            0x0800022c   Section        0  gd32f1x0_it.o(i.NMI_Handler)
    i.NVIC_SetPriority                       0x08000230   Section        0  systick.o(i.NVIC_SetPriority)
    NVIC_SetPriority                         0x08000231   Thumb Code    32  systick.o(i.NVIC_SetPriority)
    i.PendSV_Handler                         0x08000258   Section        0  gd32f1x0_it.o(i.PendSV_Handler)
    i.SVC_Handler                            0x0800025a   Section        0  gd32f1x0_it.o(i.SVC_Handler)
    i.SysTick_Handler                        0x0800025c   Section        0  gd32f1x0_it.o(i.SysTick_Handler)
    i.SystemInit                             0x08000264   Section        0  system_gd32f1x0.o(i.SystemInit)
    i.UsageFault_Handler                     0x08000340   Section        0  gd32f1x0_it.o(i.UsageFault_Handler)
    i.__scatterload_copy                     0x08000344   Section       14  handlers.o(i.__scatterload_copy)
    i.__scatterload_null                     0x08000352   Section        2  handlers.o(i.__scatterload_null)
    i.__scatterload_zeroinit                 0x08000354   Section       14  handlers.o(i.__scatterload_zeroinit)
    i.delay_1ms                              0x08000364   Section        0  systick.o(i.delay_1ms)
    i.delay_decrement                        0x08000378   Section        0  systick.o(i.delay_decrement)
    i.dma_channel_disable                    0x08000390   Section        0  gd32f1x0_dma.o(i.dma_channel_disable)
    i.dma_channel_enable                     0x080003b4   Section        0  gd32f1x0_dma.o(i.dma_channel_enable)
    i.dma_circulation_disable                0x080003d8   Section        0  gd32f1x0_dma.o(i.dma_circulation_disable)
    i.dma_config                             0x080003fc   Section        0  main.o(i.dma_config)
    i.dma_deinit                             0x080004b4   Section        0  gd32f1x0_dma.o(i.dma_deinit)
    i.dma_flag_get                           0x08000510   Section        0  gd32f1x0_dma.o(i.dma_flag_get)
    i.dma_init                               0x08000530   Section        0  gd32f1x0_dma.o(i.dma_init)
    i.dma_memory_to_memory_disable           0x0800064c   Section        0  gd32f1x0_dma.o(i.dma_memory_to_memory_disable)
    i.gd_eval_com_init                       0x08000670   Section        0  gd32f150r_eval.o(i.gd_eval_com_init)
    i.gd_eval_led_init                       0x08000730   Section        0  gd32f150r_eval.o(i.gd_eval_led_init)
    i.gd_eval_led_off                        0x08000784   Section        0  gd32f150r_eval.o(i.gd_eval_led_off)
    i.gd_eval_led_on                         0x0800079c   Section        0  gd32f150r_eval.o(i.gd_eval_led_on)
    i.gpio_af_set                            0x080007b4   Section        0  gd32f1x0_gpio.o(i.gpio_af_set)
    i.gpio_mode_set                          0x08000812   Section        0  gd32f1x0_gpio.o(i.gpio_mode_set)
    i.gpio_output_options_set                0x08000860   Section        0  gd32f1x0_gpio.o(i.gpio_output_options_set)
    i.led_flash                              0x080008a2   Section        0  main.o(i.led_flash)
    i.led_init                               0x080008f2   Section        0  main.o(i.led_init)
    i.main                                   0x08000910   Section        0  main.o(i.main)
    i.memory_compare                         0x080009c0   Section        0  main.o(i.memory_compare)
    i.nvic_vector_table_set                  0x080009e4   Section        0  gd32f1x0_misc.o(i.nvic_vector_table_set)
    i.rcu_clock_freq_get                     0x08000a08   Section        0  gd32f1x0_rcu.o(i.rcu_clock_freq_get)
    i.rcu_periph_clock_enable                0x08000cb0   Section        0  gd32f1x0_rcu.o(i.rcu_periph_clock_enable)
    i.rcu_periph_reset_disable               0x08000cd0   Section        0  gd32f1x0_rcu.o(i.rcu_periph_reset_disable)
    i.rcu_periph_reset_enable                0x08000cf0   Section        0  gd32f1x0_rcu.o(i.rcu_periph_reset_enable)
    i.system_clock_72m_hxtal                 0x08000d10   Section        0  system_gd32f1x0.o(i.system_clock_72m_hxtal)
    system_clock_72m_hxtal                   0x08000d11   Thumb Code   154  system_gd32f1x0.o(i.system_clock_72m_hxtal)
    i.system_clock_config                    0x08000db4   Section        0  system_gd32f1x0.o(i.system_clock_config)
    system_clock_config                      0x08000db5   Thumb Code     8  system_gd32f1x0.o(i.system_clock_config)
    i.systick_config                         0x08000dbc   Section        0  systick.o(i.systick_config)
    i.usart_baudrate_set                     0x08000e0c   Section        0  gd32f1x0_usart.o(i.usart_baudrate_set)
    i.usart_deinit                           0x08000e88   Section        0  gd32f1x0_usart.o(i.usart_deinit)
    i.usart_dma_receive_config               0x08000ec8   Section        0  gd32f1x0_usart.o(i.usart_dma_receive_config)
    i.usart_dma_transmit_config              0x08000ed8   Section        0  gd32f1x0_usart.o(i.usart_dma_transmit_config)
    i.usart_enable                           0x08000ee8   Section        0  gd32f1x0_usart.o(i.usart_enable)
    i.usart_receive_config                   0x08000ef2   Section        0  gd32f1x0_usart.o(i.usart_receive_config)
    i.usart_transmit_config                  0x08000f02   Section        0  gd32f1x0_usart.o(i.usart_transmit_config)
    .data                                    0x20000000   Section      269  main.o(.data)
    .data                                    0x20000110   Section        4  systick.o(.data)
    delay                                    0x20000110   Data           4  systick.o(.data)
    .data                                    0x20000114   Section        4  system_gd32f1x0.o(.data)
    .data                                    0x20000118   Section      105  gd32f150r_eval.o(.data)
    GPIO_PORT                                0x20000118   Data          16  gd32f150r_eval.o(.data)
    GPIO_PIN                                 0x20000128   Data          16  gd32f150r_eval.o(.data)
    COM_CLK                                  0x20000138   Data           2  gd32f150r_eval.o(.data)
    COM_TX_PIN                               0x2000013c   Data           4  gd32f150r_eval.o(.data)
    COM_RX_PIN                               0x20000140   Data           4  gd32f150r_eval.o(.data)
    GPIO_CLK                                 0x20000144   Data           8  gd32f150r_eval.o(.data)
    KEY_PORT                                 0x2000014c   Data          12  gd32f150r_eval.o(.data)
    KEY_PIN                                  0x20000158   Data          12  gd32f150r_eval.o(.data)
    KEY_CLK                                  0x20000164   Data           6  gd32f150r_eval.o(.data)
    KEY_EXTI_LINE                            0x2000016c   Data          12  gd32f150r_eval.o(.data)
    KEY_PORT_SOURCE                          0x20000178   Data           3  gd32f150r_eval.o(.data)
    KEY_PIN_SOURCE                           0x2000017b   Data           3  gd32f150r_eval.o(.data)
    KEY_IRQn                                 0x2000017e   Data           3  gd32f150r_eval.o(.data)
    .bss                                     0x20000184   Section      256  main.o(.bss)
    STACK                                    0x20000288   Section     1024  startup_gd32f1x0.o(STACK)

    Global Symbols

    Symbol Name                              Value     Ov Type        Size  Object(Section)

    BuildAttributes$$THM_ISAv4$P$D$K$B$S$PE$A:L22UL41UL21$X:L11$S22US41US21$IEEE1$IW$USESV6$~STKCKD$USESV7$~SHL$OSPACE$EBA8$MICROLIB$REQ8$PRES8$EABIv2 0x00000000   Number         0  anon$$obj.o ABSOLUTE
    __ARM_use_no_argv                        0x00000000   Number         0  main.o ABSOLUTE
    __arm_fini_                               - Undefined Weak Reference
    __cpp_initialize__aeabi_                  - Undefined Weak Reference
    __cxa_finalize                            - Undefined Weak Reference
    _clock_init                               - Undefined Weak Reference
    _microlib_exit                            - Undefined Weak Reference
    __Vectors_Size                           0x00000168   Number         0  startup_gd32f1x0.o ABSOLUTE
    __Vectors                                0x08000000   Data           4  startup_gd32f1x0.o(RESET)
    __Vectors_End                            0x08000168   Data           0  startup_gd32f1x0.o(RESET)
    __main                                   0x08000169   Thumb Code     0  entry.o(.ARM.Collect$$$$00000000)
    _main_stk                                0x08000169   Thumb Code     0  entry2.o(.ARM.Collect$$$$00000001)
    _main_scatterload                        0x0800016d   Thumb Code     0  entry5.o(.ARM.Collect$$$$00000004)
    __main_after_scatterload                 0x08000171   Thumb Code     0  entry5.o(.ARM.Collect$$$$00000004)
    _main_clock                              0x08000171   Thumb Code     0  entry7b.o(.ARM.Collect$$$$00000008)
    _main_cpp_init                           0x08000171   Thumb Code     0  entry8b.o(.ARM.Collect$$$$0000000A)
    _main_init                               0x08000171   Thumb Code     0  entry9a.o(.ARM.Collect$$$$0000000B)
    __rt_lib_shutdown_fini                   0x08000179   Thumb Code     0  entry12b.o(.ARM.Collect$$$$0000000E)
    __rt_final_cpp                           0x0800017d   Thumb Code     0  entry10a.o(.ARM.Collect$$$$0000000F)
    __rt_final_exit                          0x0800017d   Thumb Code     0  entry11a.o(.ARM.Collect$$$$00000011)
    Reset_Handler                            0x08000181   Thumb Code     8  startup_gd32f1x0.o(.text)
    ADC_CMP_IRQHandler                       0x0800019b   Thumb Code     0  startup_gd32f1x0.o(.text)
    CAN0_RX0_IRQHandler                      0x0800019b   Thumb Code     0  startup_gd32f1x0.o(.text)
    CAN0_RX1_IRQHandler                      0x0800019b   Thumb Code     0  startup_gd32f1x0.o(.text)
    CAN0_SCE_IRQHandler                      0x0800019b   Thumb Code     0  startup_gd32f1x0.o(.text)
    CAN0_TX_IRQHandler                       0x0800019b   Thumb Code     0  startup_gd32f1x0.o(.text)
    CAN1_RX0_IRQHandler                      0x0800019b   Thumb Code     0  startup_gd32f1x0.o(.text)
    CAN1_RX1_IRQHandler                      0x0800019b   Thumb Code     0  startup_gd32f1x0.o(.text)
    CAN1_SCE_IRQHandler                      0x0800019b   Thumb Code     0  startup_gd32f1x0.o(.text)
    CAN1_TX_IRQHandler                       0x0800019b   Thumb Code     0  startup_gd32f1x0.o(.text)
    CEC_IRQHandler                           0x0800019b   Thumb Code     0  startup_gd32f1x0.o(.text)
    DMA_Channel0_IRQHandler                  0x0800019b   Thumb Code     0  startup_gd32f1x0.o(.text)
    DMA_Channel1_2_IRQHandler                0x0800019b   Thumb Code     0  startup_gd32f1x0.o(.text)
    DMA_Channel3_4_IRQHandler                0x0800019b   Thumb Code     0  startup_gd32f1x0.o(.text)
    DMA_Channel5_6_IRQHandler                0x0800019b   Thumb Code     0  startup_gd32f1x0.o(.text)
    EXTI0_1_IRQHandler                       0x0800019b   Thumb Code     0  startup_gd32f1x0.o(.text)
    EXTI2_3_IRQHandler                       0x0800019b   Thumb Code     0  startup_gd32f1x0.o(.text)
    EXTI4_15_IRQHandler                      0x0800019b   Thumb Code     0  startup_gd32f1x0.o(.text)
    FMC_IRQHandler                           0x0800019b   Thumb Code     0  startup_gd32f1x0.o(.text)
    I2C0_ER_IRQHandler                       0x0800019b   Thumb Code     0  startup_gd32f1x0.o(.text)
    I2C0_EV_IRQHandler                       0x0800019b   Thumb Code     0  startup_gd32f1x0.o(.text)
    I2C1_ER_IRQHandler                       0x0800019b   Thumb Code     0  startup_gd32f1x0.o(.text)
    I2C1_EV_IRQHandler                       0x0800019b   Thumb Code     0  startup_gd32f1x0.o(.text)
    I2C2_ER_IRQHandler                       0x0800019b   Thumb Code     0  startup_gd32f1x0.o(.text)
    I2C2_EV_IRQHandler                       0x0800019b   Thumb Code     0  startup_gd32f1x0.o(.text)
    LVD_IRQHandler                           0x0800019b   Thumb Code     0  startup_gd32f1x0.o(.text)
    RCU_IRQHandler                           0x0800019b   Thumb Code     0  startup_gd32f1x0.o(.text)
    RTC_IRQHandler                           0x0800019b   Thumb Code     0  startup_gd32f1x0.o(.text)
    SLCD_IRQHandler                          0x0800019b   Thumb Code     0  startup_gd32f1x0.o(.text)
    SPI0_IRQHandler                          0x0800019b   Thumb Code     0  startup_gd32f1x0.o(.text)
    SPI1_IRQHandler                          0x0800019b   Thumb Code     0  startup_gd32f1x0.o(.text)
    SPI2_IRQHandler                          0x0800019b   Thumb Code     0  startup_gd32f1x0.o(.text)
    TIMER0_BRK_UP_TRG_COM_IRQHandler         0x0800019b   Thumb Code     0  startup_gd32f1x0.o(.text)
    TIMER0_Channel_IRQHandler                0x0800019b   Thumb Code     0  startup_gd32f1x0.o(.text)
    TIMER13_IRQHandler                       0x0800019b   Thumb Code     0  startup_gd32f1x0.o(.text)
    TIMER14_IRQHandler                       0x0800019b   Thumb Code     0  startup_gd32f1x0.o(.text)
    TIMER15_IRQHandler                       0x0800019b   Thumb Code     0  startup_gd32f1x0.o(.text)
    TIMER16_IRQHandler                       0x0800019b   Thumb Code     0  startup_gd32f1x0.o(.text)
    TIMER1_IRQHandler                        0x0800019b   Thumb Code     0  startup_gd32f1x0.o(.text)
    TIMER2_IRQHandler                        0x0800019b   Thumb Code     0  startup_gd32f1x0.o(.text)
    TIMER5_DAC_IRQHandler                    0x0800019b   Thumb Code     0  startup_gd32f1x0.o(.text)
    TSI_IRQHandler                           0x0800019b   Thumb Code     0  startup_gd32f1x0.o(.text)
    USART0_IRQHandler                        0x0800019b   Thumb Code     0  startup_gd32f1x0.o(.text)
    USART1_IRQHandler                        0x0800019b   Thumb Code     0  startup_gd32f1x0.o(.text)
    USBDWakeUp_IRQHandler                    0x0800019b   Thumb Code     0  startup_gd32f1x0.o(.text)
    USBD_HP_IRQHandler                       0x0800019b   Thumb Code     0  startup_gd32f1x0.o(.text)
    USBD_LP_IRQHandler                       0x0800019b   Thumb Code     0  startup_gd32f1x0.o(.text)
    WWDGT_IRQHandler                         0x0800019b   Thumb Code     0  startup_gd32f1x0.o(.text)
    __scatterload                            0x080001a5   Thumb Code    28  init.o(.text)
    __scatterload_rt2                        0x080001a5   Thumb Code     0  init.o(.text)
    __decompress                             0x080001c9   Thumb Code     0  __dczerorl2.o(.text)
    __decompress1                            0x080001c9   Thumb Code    86  __dczerorl2.o(.text)
    BusFault_Handler                         0x0800021f   Thumb Code     4  gd32f1x0_it.o(i.BusFault_Handler)
    DebugMon_Handler                         0x08000223   Thumb Code     2  gd32f1x0_it.o(i.DebugMon_Handler)
    HardFault_Handler                        0x08000225   Thumb Code     4  gd32f1x0_it.o(i.HardFault_Handler)
    MemManage_Handler                        0x08000229   Thumb Code     4  gd32f1x0_it.o(i.MemManage_Handler)
    NMI_Handler                              0x0800022d   Thumb Code     2  gd32f1x0_it.o(i.NMI_Handler)
    PendSV_Handler                           0x08000259   Thumb Code     2  gd32f1x0_it.o(i.PendSV_Handler)
    SVC_Handler                              0x0800025b   Thumb Code     2  gd32f1x0_it.o(i.SVC_Handler)
    SysTick_Handler                          0x0800025d   Thumb Code     8  gd32f1x0_it.o(i.SysTick_Handler)
    SystemInit                               0x08000265   Thumb Code   204  system_gd32f1x0.o(i.SystemInit)
    UsageFault_Handler                       0x08000341   Thumb Code     4  gd32f1x0_it.o(i.UsageFault_Handler)
    __scatterload_copy                       0x08000345   Thumb Code    14  handlers.o(i.__scatterload_copy)
    __scatterload_null                       0x08000353   Thumb Code     2  handlers.o(i.__scatterload_null)
    __scatterload_zeroinit                   0x08000355   Thumb Code    14  handlers.o(i.__scatterload_zeroinit)
    delay_1ms                                0x08000365   Thumb Code    16  systick.o(i.delay_1ms)
    delay_decrement                          0x08000379   Thumb Code    18  systick.o(i.delay_decrement)
    dma_channel_disable                      0x08000391   Thumb Code    30  gd32f1x0_dma.o(i.dma_channel_disable)
    dma_channel_enable                       0x080003b5   Thumb Code    30  gd32f1x0_dma.o(i.dma_channel_enable)
    dma_circulation_disable                  0x080003d9   Thumb Code    30  gd32f1x0_dma.o(i.dma_circulation_disable)
    dma_config                               0x080003fd   Thumb Code   170  main.o(i.dma_config)
    dma_deinit                               0x080004b5   Thumb Code    88  gd32f1x0_dma.o(i.dma_deinit)
    dma_flag_get                             0x08000511   Thumb Code    26  gd32f1x0_dma.o(i.dma_flag_get)
    dma_init                                 0x08000531   Thumb Code   280  gd32f1x0_dma.o(i.dma_init)
    dma_memory_to_memory_disable             0x0800064d   Thumb Code    30  gd32f1x0_dma.o(i.dma_memory_to_memory_disable)
    gd_eval_com_init                         0x08000671   Thumb Code   176  gd32f150r_eval.o(i.gd_eval_com_init)
    gd_eval_led_init                         0x08000731   Thumb Code    70  gd32f150r_eval.o(i.gd_eval_led_init)
    gd_eval_led_off                          0x08000785   Thumb Code    16  gd32f150r_eval.o(i.gd_eval_led_off)
    gd_eval_led_on                           0x0800079d   Thumb Code    16  gd32f150r_eval.o(i.gd_eval_led_on)
    gpio_af_set                              0x080007b5   Thumb Code    94  gd32f1x0_gpio.o(i.gpio_af_set)
    gpio_mode_set                            0x08000813   Thumb Code    78  gd32f1x0_gpio.o(i.gpio_mode_set)
    gpio_output_options_set                  0x08000861   Thumb Code    66  gd32f1x0_gpio.o(i.gpio_output_options_set)
    led_flash                                0x080008a3   Thumb Code    80  main.o(i.led_flash)
    led_init                                 0x080008f3   Thumb Code    28  main.o(i.led_init)
    main                                     0x08000911   Thumb Code   158  main.o(i.main)
    memory_compare                           0x080009c1   Thumb Code    36  main.o(i.memory_compare)
    nvic_vector_table_set                    0x080009e5   Thumb Code    28  gd32f1x0_misc.o(i.nvic_vector_table_set)
    rcu_clock_freq_get                       0x08000a09   Thumb Code   646  gd32f1x0_rcu.o(i.rcu_clock_freq_get)
    rcu_periph_clock_enable                  0x08000cb1   Thumb Code    28  gd32f1x0_rcu.o(i.rcu_periph_clock_enable)
    rcu_periph_reset_disable                 0x08000cd1   Thumb Code    28  gd32f1x0_rcu.o(i.rcu_periph_reset_disable)
    rcu_periph_reset_enable                  0x08000cf1   Thumb Code    28  gd32f1x0_rcu.o(i.rcu_periph_reset_enable)
    systick_config                           0x08000dbd   Thumb Code    74  systick.o(i.systick_config)
    usart_baudrate_set                       0x08000e0d   Thumb Code   120  gd32f1x0_usart.o(i.usart_baudrate_set)
    usart_deinit                             0x08000e89   Thumb Code    58  gd32f1x0_usart.o(i.usart_deinit)
    usart_dma_receive_config                 0x08000ec9   Thumb Code    16  gd32f1x0_usart.o(i.usart_dma_receive_config)
    usart_dma_transmit_config                0x08000ed9   Thumb Code    16  gd32f1x0_usart.o(i.usart_dma_transmit_config)
    usart_enable                             0x08000ee9   Thumb Code    10  gd32f1x0_usart.o(i.usart_enable)
    usart_receive_config                     0x08000ef3   Thumb Code    16  gd32f1x0_usart.o(i.usart_receive_config)
    usart_transmit_config                    0x08000f03   Thumb Code    16  gd32f1x0_usart.o(i.usart_transmit_config)
    Region$$Table$$Base                      0x08000f14   Number         0  anon$$obj.o(Region$$Table)
    Region$$Table$$Limit                     0x08000f34   Number         0  anon$$obj.o(Region$$Table)
    tx_buffer                                0x20000000   Data         256  main.o(.data)
    tx_count                                 0x20000100   Data           2  main.o(.data)
    rx_count                                 0x20000102   Data           2  main.o(.data)
    rx_buffer_size                           0x20000104   Data           4  main.o(.data)
    tx_buffer_size                           0x20000108   Data           4  main.o(.data)
    transfer_result                          0x2000010c   Data           1  main.o(.data)
    SystemCoreClock                          0x20000114   Data           4  system_gd32f1x0.o(.data)
    rx_buffer                                0x20000184   Data         256  main.o(.bss)
    __initial_sp                             0x20000688   Data           0  startup_gd32f1x0.o(STACK)



==============================================================================

Memory Map of the image

  Image Entry point : 0x08000169

  Load Region LR_IROM1 (Base: 0x08000000, Size: 0x000010b8, Max: 0x00010000, ABSOLUTE, COMPRESSED[0x0000107c])

    Execution Region ER_IROM1 (Exec base: 0x08000000, Load base: 0x08000000, Size: 0x00000f34, Max: 0x00010000, ABSOLUTE)

    Exec Addr    Load Addr    Size         Type   Attr      Idx    E Section Name        Object

    0x08000000   0x08000000   0x00000168   Data   RO         4127    RESET               startup_gd32f1x0.o
    0x08000168   0x08000168   0x00000000   Code   RO         4132  * .ARM.Collect$$$$00000000  mc_w.l(entry.o)
    0x08000168   0x08000168   0x00000004   Code   RO         4135    .ARM.Collect$$$$00000001  mc_w.l(entry2.o)
    0x0800016c   0x0800016c   0x00000004   Code   RO         4138    .ARM.Collect$$$$00000004  mc_w.l(entry5.o)
    0x08000170   0x08000170   0x00000000   Code   RO         4140    .ARM.Collect$$$$00000008  mc_w.l(entry7b.o)
    0x08000170   0x08000170   0x00000000   Code   RO         4142    .ARM.Collect$$$$0000000A  mc_w.l(entry8b.o)
    0x08000170   0x08000170   0x00000008   Code   RO         4143    .ARM.Collect$$$$0000000B  mc_w.l(entry9a.o)
    0x08000178   0x08000178   0x00000004   Code   RO         4150    .ARM.Collect$$$$0000000E  mc_w.l(entry12b.o)
    0x0800017c   0x0800017c   0x00000000   Code   RO         4145    .ARM.Collect$$$$0000000F  mc_w.l(entry10a.o)
    0x0800017c   0x0800017c   0x00000000   Code   RO         4147    .ARM.Collect$$$$00000011  mc_w.l(entry11a.o)
    0x0800017c   0x0800017c   0x00000004   Code   RO         4136    .ARM.Collect$$$$00002712  mc_w.l(entry2.o)
    0x08000180   0x08000180   0x00000024   Code   RO         4128    .text               startup_gd32f1x0.o
    0x080001a4   0x080001a4   0x00000024   Code   RO         4151    .text               mc_w.l(init.o)
    0x080001c8   0x080001c8   0x00000056   Code   RO         4161    .text               mc_w.l(__dczerorl2.o)
    0x0800021e   0x0800021e   0x00000004   Code   RO          201    i.BusFault_Handler  gd32f1x0_it.o
    0x08000222   0x08000222   0x00000002   Code   RO          202    i.DebugMon_Handler  gd32f1x0_it.o
    0x08000224   0x08000224   0x00000004   Code   RO          203    i.HardFault_Handler  gd32f1x0_it.o
    0x08000228   0x08000228   0x00000004   Code   RO          204    i.MemManage_Handler  gd32f1x0_it.o
    0x0800022c   0x0800022c   0x00000002   Code   RO          205    i.NMI_Handler       gd32f1x0_it.o
    0x0800022e   0x0800022e   0x00000002   PAD
    0x08000230   0x08000230   0x00000028   Code   RO          154    i.NVIC_SetPriority  systick.o
    0x08000258   0x08000258   0x00000002   Code   RO          206    i.PendSV_Handler    gd32f1x0_it.o
    0x0800025a   0x0800025a   0x00000002   Code   RO          207    i.SVC_Handler       gd32f1x0_it.o
    0x0800025c   0x0800025c   0x00000008   Code   RO          208    i.SysTick_Handler   gd32f1x0_it.o
    0x08000264   0x08000264   0x000000dc   Code   RO          293    i.SystemInit        system_gd32f1x0.o
    0x08000340   0x08000340   0x00000004   Code   RO          209    i.UsageFault_Handler  gd32f1x0_it.o
    0x08000344   0x08000344   0x0000000e   Code   RO         4155    i.__scatterload_copy  mc_w.l(handlers.o)
    0x08000352   0x08000352   0x00000002   Code   RO         4156    i.__scatterload_null  mc_w.l(handlers.o)
    0x08000354   0x08000354   0x0000000e   Code   RO         4157    i.__scatterload_zeroinit  mc_w.l(handlers.o)
    0x08000362   0x08000362   0x00000002   PAD
    0x08000364   0x08000364   0x00000014   Code   RO          155    i.delay_1ms         systick.o
    0x08000378   0x08000378   0x00000018   Code   RO          156    i.delay_decrement   systick.o
    0x08000390   0x08000390   0x00000024   Code   RO         1139    i.dma_channel_disable  gd32f1x0_dma.o
    0x080003b4   0x080003b4   0x00000024   Code   RO         1140    i.dma_channel_enable  gd32f1x0_dma.o
    0x080003d8   0x080003d8   0x00000024   Code   RO         1141    i.dma_circulation_disable  gd32f1x0_dma.o
    0x080003fc   0x080003fc   0x000000b8   Code   RO            4    i.dma_config        main.o
    0x080004b4   0x080004b4   0x0000005c   Code   RO         1143    i.dma_deinit        gd32f1x0_dma.o
    0x08000510   0x08000510   0x00000020   Code   RO         1145    i.dma_flag_get      gd32f1x0_dma.o
    0x08000530   0x08000530   0x0000011c   Code   RO         1146    i.dma_init          gd32f1x0_dma.o
    0x0800064c   0x0800064c   0x00000024   Code   RO         1154    i.dma_memory_to_memory_disable  gd32f1x0_dma.o
    0x08000670   0x08000670   0x000000c0   Code   RO         4063    i.gd_eval_com_init  gd32f150r_eval.o
    0x08000730   0x08000730   0x00000054   Code   RO         4066    i.gd_eval_led_init  gd32f150r_eval.o
    0x08000784   0x08000784   0x00000018   Code   RO         4067    i.gd_eval_led_off   gd32f150r_eval.o
    0x0800079c   0x0800079c   0x00000018   Code   RO         4068    i.gd_eval_led_on    gd32f150r_eval.o
    0x080007b4   0x080007b4   0x0000005e   Code   RO         1680    i.gpio_af_set       gd32f1x0_gpio.o
    0x08000812   0x08000812   0x0000004e   Code   RO         1687    i.gpio_mode_set     gd32f1x0_gpio.o
    0x08000860   0x08000860   0x00000042   Code   RO         1689    i.gpio_output_options_set  gd32f1x0_gpio.o
    0x080008a2   0x080008a2   0x00000050   Code   RO            5    i.led_flash         main.o
    0x080008f2   0x080008f2   0x0000001c   Code   RO            6    i.led_init          main.o
    0x0800090e   0x0800090e   0x00000002   PAD
    0x08000910   0x08000910   0x000000b0   Code   RO            7    i.main              main.o
    0x080009c0   0x080009c0   0x00000024   Code   RO            8    i.memory_compare    main.o
    0x080009e4   0x080009e4   0x00000024   Code   RO         1992    i.nvic_vector_table_set  gd32f1x0_misc.o
    0x08000a08   0x08000a08   0x000002a8   Code   RO         2152    i.rcu_clock_freq_get  gd32f1x0_rcu.o
    0x08000cb0   0x08000cb0   0x00000020   Code   RO         2172    i.rcu_periph_clock_enable  gd32f1x0_rcu.o
    0x08000cd0   0x08000cd0   0x00000020   Code   RO         2175    i.rcu_periph_reset_disable  gd32f1x0_rcu.o
    0x08000cf0   0x08000cf0   0x00000020   Code   RO         2176    i.rcu_periph_reset_enable  gd32f1x0_rcu.o
    0x08000d10   0x08000d10   0x000000a4   Code   RO          294    i.system_clock_72m_hxtal  system_gd32f1x0.o
    0x08000db4   0x08000db4   0x00000008   Code   RO          295    i.system_clock_config  system_gd32f1x0.o
    0x08000dbc   0x08000dbc   0x00000050   Code   RO          157    i.systick_config    systick.o
    0x08000e0c   0x08000e0c   0x0000007c   Code   RO         3579    i.usart_baudrate_set  gd32f1x0_usart.o
    0x08000e88   0x08000e88   0x00000040   Code   RO         3587    i.usart_deinit      gd32f1x0_usart.o
    0x08000ec8   0x08000ec8   0x00000010   Code   RO         3590    i.usart_dma_receive_config  gd32f1x0_usart.o
    0x08000ed8   0x08000ed8   0x00000010   Code   RO         3591    i.usart_dma_transmit_config  gd32f1x0_usart.o
    0x08000ee8   0x08000ee8   0x0000000a   Code   RO         3594    i.usart_enable      gd32f1x0_usart.o
    0x08000ef2   0x08000ef2   0x00000010   Code   RO         3621    i.usart_receive_config  gd32f1x0_usart.o
    0x08000f02   0x08000f02   0x00000010   Code   RO         3637    i.usart_transmit_config  gd32f1x0_usart.o
    0x08000f12   0x08000f12   0x00000002   PAD
    0x08000f14   0x08000f14   0x00000020   Data   RO         4153    Region$$Table       anon$$obj.o


    Execution Region RW_IRAM1 (Exec base: 0x20000000, Load base: 0x08000f34, Size: 0x00000688, Max: 0x00002000, ABSOLUTE, COMPRESSED[0x00000148])

    Exec Addr    Load Addr    Size         Type   Attr      Idx    E Section Name        Object

    0x20000000   COMPRESSED   0x0000010d   Data   RW           10    .data               main.o
    0x2000010d   COMPRESSED   0x00000003   PAD
    0x20000110   COMPRESSED   0x00000004   Data   RW          158    .data               systick.o
    0x20000114   COMPRESSED   0x00000004   Data   RW          296    .data               system_gd32f1x0.o
    0x20000118   COMPRESSED   0x00000069   Data   RW         4070    .data               gd32f150r_eval.o
    0x20000181   COMPRESSED   0x00000003   PAD
    0x20000184        -       0x00000100   Zero   RW            9    .bss                main.o
    0x20000284   COMPRESSED   0x00000004   PAD
    0x20000288        -       0x00000400   Zero   RW         4125    STACK               startup_gd32f1x0.o


==============================================================================

Image component sizes


      Code (inc. data)   RO Data    RW Data    ZI Data      Debug   Object Name

       324         46          0        105          0       5293   gd32f150r_eval.o
       552         38          0          0          0      10371   gd32f1x0_dma.o
       238          0          0          0          0       2716   gd32f1x0_gpio.o
        32          0          0          0          0       4206   gd32f1x0_it.o
        36          8          0          0          0        724   gd32f1x0_misc.o
       776         54          0          0          0      18320   gd32f1x0_rcu.o
       262         10          0          0          0       5221   gd32f1x0_usart.o
       504         32          0        269        256      36966   main.o
        36          8        360          0       1024        956   startup_gd32f1x0.o
       392         26          0          4          0       3307   system_gd32f1x0.o
       164         24          0          4          0      26314   systick.o

    ----------------------------------------------------------------------
      3322        246        392        388       1284     114394   Object Totals
         0          0         32          0          0          0   (incl. Generated)
         6          0          0          6          4          0   (incl. Padding)

    ----------------------------------------------------------------------

      Code (inc. data)   RO Data    RW Data    ZI Data      Debug   Library Member Name

        86          0          0          0          0          0   __dczerorl2.o
         0          0          0          0          0          0   entry.o
         0          0          0          0          0          0   entry10a.o
         0          0          0          0          0          0   entry11a.o
         4          0          0          0          0          0   entry12b.o
         8          4          0          0          0          0   entry2.o
         4          0          0          0          0          0   entry5.o
         0          0          0          0          0          0   entry7b.o
         0          0          0          0          0          0   entry8b.o
         8          4          0          0          0          0   entry9a.o
        30          0          0          0          0          0   handlers.o
        36          8          0          0          0         68   init.o

    ----------------------------------------------------------------------
       178         16          0          0          0         68   Library Totals
         2          0          0          0          0          0   (incl. Padding)

    ----------------------------------------------------------------------

      Code (inc. data)   RO Data    RW Data    ZI Data      Debug   Library Name

       176         16          0          0          0         68   mc_w.l

    ----------------------------------------------------------------------
       178         16          0          0          0         68   Library Totals

    ----------------------------------------------------------------------

==============================================================================


      Code (inc. data)   RO Data    RW Data    ZI Data      Debug   

      3500        262        392        388       1284     112458   Grand Totals
      3500        262        392        328       1284     112458   ELF Image Totals (compressed)
      3500        262        392        328          0          0   ROM Totals

==============================================================================

    Total RO  Size (Code + RO Data)                 3892 (   3.80kB)
    Total RW  Size (RW Data + ZI Data)              1672 (   1.63kB)
    Total ROM Size (Code + RO Data + RW Data)       4220 (   4.12kB)

==============================================================================

