<html>
<body>
<pre>
<h1>礦ision Build Log</h1>
<h2>Tool Versions:</h2>
IDE-Version: μVision V5.34.0.0
Copyright (C) 2021 ARM Ltd and ARM Germany GmbH. All rights reserved.
License Information: 1 HNLPC136, 1, LIC=W96CK-ZJ03T-RFPIZ-JDVZU-01QV0-JDPNF
 
Tool Versions:
Toolchain:       MDK-ARM Professional  Version: 5.34.0.0
Toolchain Path:  C:\Keil_v5\ARM\ARMCC\Bin
C Compiler:      Armcc.exe V5.06 update 7 (build 960)
Assembler:       Armasm.exe V5.06 update 7 (build 960)
Linker/Locator:  ArmLink.exe V5.06 update 7 (build 960)
Library Manager: ArmAr.exe V5.06 update 7 (build 960)
Hex Converter:   FromElf.exe V5.06 update 7 (build 960)
CPU DLL:         SARMCM3.DLL V5.34.0.0
Dialog DLL:      DCM.DLL V1.17.3.0
Target DLL:      Segger\JL2CM3.dll V2.99.34.0
Dialog DLL:      TCM.DLL V1.48.0.0
 
<h2>Project:</h2>
C:\Users\HNLPC136\Desktop\无线模块程序\WirelessModule\WirelessModule_GD32F1x0\WirelessModule_APP\Project\WirelessModule_APP.uvprojx
Project File Date:  04/07/2023

<h2>Output:</h2>
*** Using Compiler 'V5.06 update 7 (build 960)', folder: 'C:\Keil_v5\ARM\ARMCC\Bin'
Build target 'WirelessModule_APP'
compiling usartapp.c...
usartapp.c(338): warning:  #174-D: expression has no effect
usartapp.c(371): warning:  #223-D: function "delay_1ms" declared implicitly
  			delay_1ms(10);
usartapp.c(383): warning:  #223-D: function "WDGT_Feed" declared implicitly
  					WDGT_Feed();
usartapp.c: 3 warnings, 0 errors
compiling usart.c...
compiling systick.c...
compiling rfid_driver.c...
rfid_driver.c(271): warning:  #223-D: function "memmove" declared implicitly
  				memmove(buf, pt, i);	//取数据
rfid_driver.c(278): warning:  #940-D: missing return statement at end of non-void function "WL_ReceiveData" 
  }
rfid_driver.c: 2 warnings, 0 errors
compiling rfid_cc1101.c...
rfid_cc1101.c(1310): warning:  #550-D: variable "u16CCR"  was set but never used
      uint16_t u16CCR;
rfid_cc1101.c(1440): warning:  #188-D: enumerated type mixed with another type
  	if (exti_interrupt_flag_get(GPIO_PIN_1) != RESET)
rfid_cc1101.c(1443): warning:  #188-D: enumerated type mixed with another type
  		exti_interrupt_flag_clear(GPIO_PIN_1);
rfid_cc1101.c(1479): warning:  #188-D: enumerated type mixed with another type
  	if (exti_interrupt_flag_get(GPIO_PIN_4) != RESET)
rfid_cc1101.c(1482): warning:  #188-D: enumerated type mixed with another type
  		exti_interrupt_flag_clear(GPIO_PIN_4);
rfid_cc1101.c(1525): warning:  #223-D: function "Wl_RxDataProc" declared implicitly
  					Wl_RxDataProc();
rfid_cc1101.c: 6 warnings, 0 errors
compiling gd32f1x0_it.c...
compiling main.c...
main.c(60): warning:  #223-D: function "SendStartData" declared implicitly
  	SendStartData();
main.c(73): warning:  #223-D: function "SendHeartBeatData" declared implicitly
  			SendHeartBeatData();
main.c(77): warning:  #223-D: function "Wl_RxDataProc" declared implicitly
  		Wl_RxDataProc();
main.c: 3 warnings, 0 errors
compiling wireless.c...
compiling gd32f1x0_dma.c...
compiling gd32f1x0_exti.c...
compiling iapupdate.c...
iapupdate.c(379): warning:  #940-D: missing return statement at end of non-void function "u8InFlashReadBuf" 
  	}
iapupdate.c: 1 warning, 0 errors
compiling system_gd32f1x0.c...
compiling gd32f1x0_syscfg.c...
compiling gd32f1x0_spi.c...
compiling gd32f1x0_gpio.c...
compiling gd32f1x0_timer.c...
compiling gd32f1x0_wwdgt.c...
compiling gd32f1x0_usart.c...
compiling gd32f1x0_misc.c...
compiling gd32f1x0_fmc.c...
compiling gd32f1x0_rcu.c...
compiling gd32f1x0_fwdgt.c...
linking...
Program Size: Code=12058 RO-data=1982 RW-data=172 ZI-data=4860  
FromELF: creating hex file...
".\output\WirelessModule_APP.axf" - 0 Error(s), 15 Warning(s).

<h2>Software Packages used:</h2>

Package Vendor: GigaDevice
                http://gd32mcu.21ic.com/data/documents/yingyongruanjian/GigaDevice.GD32F1x0_DFP.3.1.0.pack
                GigaDevice.GD32F1x0_DFP.3.1.0
                GigaDevice GD32F1x0 Series Device Support and Examples

<h2>Collection of Component include folders:</h2>
  C:\Users\HNLPC136\AppData\Local\Arm\Packs\GigaDevice\GD32F1x0_DFP\3.1.0\Device\Include

<h2>Collection of Component Files used:</h2>
Build Time Elapsed:  00:00:04
</pre>
</body>
</html>
